t_wall=1785586241.044 # NOTE [recorder] connected /dev/ttyACM0
t_wall=1785586242.296 # ALIVE us=674262807 ring_depth=0 drops=0
t_wall=1785586244.293 # ALIVE us=676262854 ring_depth=0 drops=0
t_wall=1785586246.295 # ALIVE us=678262900 ring_depth=0 drops=0
t_wall=1785586248.293 # ALIVE us=680262946 ring_depth=0 drops=0
t_wall=1785586250.292 # ALIVE us=682262991 ring_depth=0 drops=0
t_wall=1785586252.294 # ALIVE us=684263037 ring_depth=0 drops=0
t_wall=1785586254.205 # NOTE sweeping part 6 down to min, up to max, back to min
t_wall=1785586254.292 # ALIVE us=686263083 ring_depth=0 drops=0
t_wall=1785586256.293 # ALIVE us=688263128 ring_depth=0 drops=0
t_wall=1785586258.292 # ALIVE us=690263174 ring_depth=0 drops=0
t_wall=1785586260.292 # ALIVE us=692263219 ring_depth=0 drops=0
t_wall=1785586262.295 # ALIVE us=694263264 ring_depth=0 drops=0
t_wall=1785586264.292 # ALIVE us=696263310 ring_depth=0 drops=0
t_wall=1785586264.533 t=696503982 W CMD 0x58 [SET_CGRAM 0x18]
t_wall=1785586264.533 t=696504114 W DAT 0x08
t_wall=1785586264.534 t=696504167 W DAT 0x0C
t_wall=1785586264.536 t=696507941 W DAT 0x08
t_wall=1785586264.541 t=696511775 W DAT 0x00 (CGRAM ref #0)
t_wall=1785586264.541 t=696511813 W DAT 0x0C
t_wall=1785586264.544 t=696515659 W DAT 0x08
t_wall=1785586264.548 t=696519474 W DAT 0x00 (CGRAM ref #0)
t_wall=1785586264.549 t=696519512 W DAT 0x08
t_wall=1785586264.556 t=696526594 W CMD 0x0C [DISP_CTRL disp=1 cur=0 blink=0]
t_wall=1785586264.905 t=696876744 W CMD 0x58 [SET_CGRAM 0x18]
t_wall=1785586264.906 t=696876802 W DAT 0x0C
t_wall=1785586264.906 t=696876855 W DAT 0x08
t_wall=1785586264.909 t=696880672 W DAT 0x0C
t_wall=1785586264.913 t=696884521 W DAT 0x04 (CGRAM ref #4)
t_wall=1785586264.914 t=696884559 W DAT 0x0C
t_wall=1785586264.917 t=696888419 W DAT 0x08
t_wall=1785586264.921 t=696892235 W DAT 0x00 (CGRAM ref #0)
t_wall=1785586264.922 t=696892273 W DAT 0x0C
t_wall=1785586264.925 t=696895984 W CMD 0x0C [DISP_CTRL disp=1 cur=0 blink=0]
t_wall=1785586264.993 t=696959658 W CMD 0x58 [SET_CGRAM 0x18]
t_wall=1785586264.996 t=696959716 W DAT 0x0C
t_wall=1785586264.998 t=696959769 W DAT 0x0C
t_wall=1785586265.000 t=696963619 W DAT 0x0C
t_wall=1785586265.004 t=696967451 W DAT 0x04 (CGRAM ref #4)
t_wall=1785586265.007 t=696967489 W DAT 0x0C
t_wall=1785586265.011 t=696971334 W DAT 0x08
t_wall=1785586265.016 t=696975152 W DAT 0x00 (CGRAM ref #0)
t_wall=1785586265.019 t=696978925 W DAT 0x0C
t_wall=1785586265.027 t=696988541 W CMD 0x0C [DISP_CTRL disp=1 cur=0 blink=0]
t_wall=1785586265.067 t=697036463 W CMD 0x58 [SET_CGRAM 0x18]
t_wall=1785586265.069 t=697036544 W DAT 0x0C
t_wall=1785586265.070 t=697040361 W DAT 0x0E
t_wall=1785586265.074 t=697044237 W DAT 0x08
t_wall=1785586265.078 t=697048071 W DAT 0x04 (CGRAM ref #4)
t_wall=1785586265.079 t=697048110 W DAT 0x0E
t_wall=1785586265.081 t=697051925 W DAT 0x08
t_wall=1785586265.086 t=697055772 W DAT 0x00 (CGRAM ref #0)
t_wall=1785586265.088 t=697059620 W DAT 0x0C
t_wall=1785586265.100 t=697069192 W CMD 0x0C [DISP_CTRL disp=1 cur=0 blink=0]
t_wall=1785586265.156 t=697127153 W CMD 0x58 [SET_CGRAM 0x18]
t_wall=1785586265.156 t=697127211 W DAT 0x0C
t_wall=1785586265.159 t=697131055 W DAT 0x0E
t_wall=1785586265.163 t=697134873 W DAT 0x0C
t_wall=1785586265.167 t=697138722 W DAT 0x00 (CGRAM ref #0)
t_wall=1785586265.168 t=697138760 W DAT 0x0E
t_wall=1785586265.171 t=697142619 W DAT 0x08
t_wall=1785586265.175 t=697146436 W DAT 0x00 (CGRAM ref #0)
t_wall=1785586265.179 t=697150255 W DAT 0x08
t_wall=1785586265.187 t=697157371 W CMD 0x0C [DISP_CTRL disp=1 cur=0 blink=0]
t_wall=1785586265.236 t=697207828 W CMD 0x58 [SET_CGRAM 0x18]
t_wall=1785586265.237 t=697207887 W DAT 0x0A
t_wall=1785586265.237 t=697207940 W DAT 0x0E
t_wall=1785586265.240 t=697211756 W DAT 0x08
t_wall=1785586265.244 t=697215603 W DAT 0x02 (CGRAM ref #2)
t_wall=1785586265.244 t=697215641 W DAT 0x0C
t_wall=1785586265.248 t=697219489 W DAT 0x0A
t_wall=1785586265.252 t=697223346 W DAT 0x00 (CGRAM ref #0)
t_wall=1785586265.255 t=697227189 W DAT 0x0A
t_wall=1785586265.264 t=697235512 W CMD 0x0C [DISP_CTRL disp=1 cur=0 blink=0]
t_wall=1785586265.316 t=697284816 W CMD 0x58 [SET_CGRAM 0x18]
t_wall=1785586265.318 t=697284897 W DAT 0x0E
t_wall=1785586265.319 t=697288741 W DAT 0x0A
t_wall=1785586265.322 t=697292557 W DAT 0x0C
t_wall=1785586265.326 t=697296406 W DAT 0x06 (CGRAM ref #6)
t_wall=1785586265.327 t=697296445 W DAT 0x0C
t_wall=1785586265.330 t=697300306 W DAT 0x0A
t_wall=1785586265.334 t=697304124 W DAT 0x00 (CGRAM ref #0)
t_wall=1785586265.337 t=697307943 W DAT 0x0E
t_wall=1785586265.343 t=697312944 W CMD 0x70 [SET_CGRAM 0x30]
t_wall=1785586265.345 t=697313003 W DAT 0x00 (CGRAM ref #0)
t_wall=1785586265.346 t=697313055 W DAT 0x00 (CGRAM ref #0)
t_wall=1785586265.347 t=697313108 W DAT 0x00 (CGRAM ref #0)
t_wall=1785586265.349 t=697313161 W DAT 0x00 (CGRAM ref #0)
t_wall=1785586265.350 t=697313214 W DAT 0x00 (CGRAM ref #0)
t_wall=1785586265.351 t=697313266 W DAT 0x00 (CGRAM ref #0)
t_wall=1785586265.352 t=697313319 W DAT 0x01 (CGRAM ref #1)
t_wall=1785586265.354 t=697313372 W DAT 0x01 (CGRAM ref #1)
t_wall=1785586265.355 t=697313551 W CMD 0x0C [DISP_CTRL disp=1 cur=0 blink=0]
t_wall=1785586265.405 t=697376010 W CMD 0x58 [SET_CGRAM 0x18]
t_wall=1785586265.405 t=697376068 W DAT 0x0E
t_wall=1785586265.408 t=697379900 W DAT 0x0E
t_wall=1785586265.412 t=697383718 W DAT 0x0C
t_wall=1785586265.416 t=697387564 W DAT 0x06 (CGRAM ref #6)
t_wall=1785586265.416 t=697387602 W DAT 0x0C
t_wall=1785586265.420 t=697391449 W DAT 0x0A
t_wall=1785586265.424 t=697395310 W DAT 0x00 (CGRAM ref #0)
t_wall=1785586265.427 t=697399130 W DAT 0x0E
t_wall=1785586265.434 t=697404894 W CMD 0x0C [DISP_CTRL disp=1 cur=0 blink=0]
t_wall=1785586265.485 t=697456589 W CMD 0x58 [SET_CGRAM 0x18]
t_wall=1785586265.485 t=697456648 W DAT 0x0E
t_wall=1785586265.486 t=697456700 W DAT 0x0E
t_wall=1785586265.489 t=697460562 W DAT 0x08
t_wall=1785586265.493 t=697464380 W DAT 0x06 (CGRAM ref #6)
t_wall=1785586265.494 t=697464418 W DAT 0x0E
t_wall=1785586265.497 t=697468234 W DAT 0x08
t_wall=1785586265.500 t=697472112 W DAT 0x00 (CGRAM ref #0)
t_wall=1785586265.504 t=697475946 W DAT 0x0E
t_wall=1785586265.511 t=697482202 W CMD 0x0C [DISP_CTRL disp=1 cur=0 blink=0]
t_wall=1785586265.573 t=697543396 W CMD 0x58 [SET_CGRAM 0x18]
t_wall=1785586265.574 t=697543478 W DAT 0x0E
t_wall=1785586265.574 t=697543531 W DAT 0x0E
t_wall=1785586265.576 t=697547347 W DAT 0x0C
t_wall=1785586265.580 t=697551196 W DAT 0x02 (CGRAM ref #2)
t_wall=1785586265.580 t=697551234 W DAT 0x0E
t_wall=1785586265.584 t=697555097 W DAT 0x08
t_wall=1785586265.588 t=697558913 W DAT 0x00 (CGRAM ref #0)
t_wall=1785586265.592 t=697562730 W DAT 0x0A
t_wall=1785586265.599 t=697569817 W CMD 0x0C [DISP_CTRL disp=1 cur=0 blink=0]
t_wall=1785586265.649 t=697620354 W CMD 0x58 [SET_CGRAM 0x18]
t_wall=1785586265.649 t=697620413 W DAT 0x08
t_wall=1785586265.650 t=697620466 W DAT 0x0E
t_wall=1785586265.653 t=697624282 W DAT 0x0A
t_wall=1785586265.657 t=697628058 W DAT 0x02 (CGRAM ref #2)
t_wall=1785586265.657 t=697628125 W DAT 0x0E
t_wall=1785586265.660 t=697631974 W DAT 0x08
t_wall=1785586265.664 t=697635807 W DAT 0x00 (CGRAM ref #0)
t_wall=1785586265.668 t=697639675 W DAT 0x08
t_wall=1785586265.673 t=697644697 W CMD 0x0C [DISP_CTRL disp=1 cur=0 blink=0]
t_wall=1785586265.737 t=697708061 W CMD 0x58 [SET_CGRAM 0x18]
t_wall=1785586265.737 t=697708119 W DAT 0x0C
t_wall=1785586265.737 t=697708172 W DAT 0x0A
t_wall=1785586265.740 t=697712005 W DAT 0x0E
t_wall=1785586265.744 t=697715852 W DAT 0x06 (CGRAM ref #6)
t_wall=1785586265.745 t=697715911 W DAT 0x0E
t_wall=1785586265.748 t=697719729 W DAT 0x08
t_wall=1785586265.752 t=697723579 W DAT 0x00 (CGRAM ref #0)
t_wall=1785586265.756 t=697727438 W DAT 0x0C
t_wall=1785586265.762 t=697733598 W CMD 0x0C [DISP_CTRL disp=1 cur=0 blink=0]
t_wall=1785586265.813 t=697784047 W CMD 0x58 [SET_CGRAM 0x18]
t_wall=1785586265.813 t=697784106 W DAT 0x0C
t_wall=1785586265.813 t=697784158 W DAT 0x0E
t_wall=1785586265.816 t=697788036 W DAT 0x0E
t_wall=1785586265.820 t=697791890 W DAT 0x06 (CGRAM ref #6)
t_wall=1785586265.821 t=697791928 W DAT 0x0E
t_wall=1785586265.824 t=697795747 W DAT 0x08
t_wall=1785586265.828 t=697799590 W DAT 0x00 (CGRAM ref #0)
t_wall=1785586265.832 t=697803439 W DAT 0x0C
t_wall=1785586265.838 t=697809175 W CMD 0x70 [SET_CGRAM 0x30]
t_wall=1785586265.838 t=697809234 W DAT 0x00 (CGRAM ref #0)
t_wall=1785586265.839 t=697809287 W DAT 0x00 (CGRAM ref #0)
t_wall=1785586265.839 t=697809340 W DAT 0x00 (CGRAM ref #0)
t_wall=1785586265.840 t=697809392 W DAT 0x00 (CGRAM ref #0)
t_wall=1785586265.840 t=697809445 W DAT 0x00 (CGRAM ref #0)
t_wall=1785586265.840 t=697809498 W DAT 0x01 (CGRAM ref #1)
t_wall=1785586265.841 t=697809536 W DAT 0x01 (CGRAM ref #1)
t_wall=1785586265.841 t=697809574 W DAT 0x01 (CGRAM ref #1)
t_wall=1785586265.842 t=697811104 W CMD 0x0C [DISP_CTRL disp=1 cur=0 blink=0]
t_wall=1785586265.890 t=697861483 W CMD 0x58 [SET_CGRAM 0x18]
t_wall=1785586265.890 t=697861570 W DAT 0x0E
t_wall=1785586265.891 t=697861644 W DAT 0x0C
t_wall=1785586265.894 t=697865489 W DAT 0x0A
t_wall=1785586265.898 t=697869339 W DAT 0x06 (CGRAM ref #6)
t_wall=1785586265.898 t=697869377 W DAT 0x0E
t_wall=1785586265.902 t=697873237 W DAT 0x08
t_wall=1785586265.906 t=697877055 W DAT 0x00 (CGRAM ref #0)
t_wall=1785586265.909 t=697880873 W DAT 0x0E
t_wall=1785586265.918 t=697889214 W CMD 0x0C [DISP_CTRL disp=1 cur=0 blink=0]
t_wall=1785586265.977 t=697948432 W CMD 0x58 [SET_CGRAM 0x18]
t_wall=1785586265.978 t=697948490 W DAT 0x0E
t_wall=1785586265.978 t=697948543 W DAT 0x0C
t_wall=1785586265.981 t=697952374 W DAT 0x0E
t_wall=1785586265.985 t=697956192 W DAT 0x02 (CGRAM ref #2)
t_wall=1785586265.985 t=697956230 W DAT 0x0E
t_wall=1785586265.988 t=697960076 W DAT 0x08
t_wall=1785586265.992 t=697963924 W DAT 0x00 (CGRAM ref #0)
t_wall=1785586265.996 t=697967757 W DAT 0x0A
t_wall=1785586266.002 t=697973488 W CMD 0x0C [DISP_CTRL disp=1 cur=0 blink=0]
t_wall=1785586266.054 t=698025241 W CMD 0x58 [SET_CGRAM 0x18]
t_wall=1785586266.054 t=698025299 W DAT 0x0A
t_wall=1785586266.055 t=698025352 W DAT 0x0C
t_wall=1785586266.058 t=698029184 W DAT 0x0A
t_wall=1785586266.062 t=698033029 W DAT 0x02 (CGRAM ref #2)
t_wall=1785586266.062 t=698033067 W DAT 0x0E
t_wall=1785586266.066 t=698036885 W DAT 0x0A
t_wall=1785586266.069 t=698040732 W DAT 0x00 (CGRAM ref #0)
t_wall=1785586266.073 t=698044594 W DAT 0x0A
t_wall=1785586266.080 t=698050751 W CMD 0x0C [DISP_CTRL disp=1 cur=0 blink=0]
t_wall=1785586266.143 t=698112074 W CMD 0x58 [SET_CGRAM 0x18]
t_wall=1785586266.145 t=698112132 W DAT 0x0E
t_wall=1785586266.147 t=698112185 W DAT 0x08
t_wall=1785586266.149 t=698116004 W DAT 0x0E
t_wall=1785586266.151 t=698119879 W DAT 0x06 (CGRAM ref #6)
t_wall=1785586266.152 t=698119917 W DAT 0x0E
t_wall=1785586266.154 t=698123752 W DAT 0x0A
t_wall=1785586266.158 t=698127598 W DAT 0x00 (CGRAM ref #0)
t_wall=1785586266.161 t=698131413 W DAT 0x0E
t_wall=1785586266.169 t=698137186 W CMD 0x0C [DISP_CTRL disp=1 cur=0 blink=0]
t_wall=1785586266.222 t=698192670 W CMD 0x70 [SET_CGRAM 0x30]
t_wall=1785586266.224 t=698192714 W DAT 0x00 (CGRAM ref #0)
t_wall=1785586266.225 t=698192768 W DAT 0x00 (CGRAM ref #0)
t_wall=1785586266.226 t=698192820 W DAT 0x00 (CGRAM ref #0)
t_wall=1785586266.227 t=698192873 W DAT 0x00 (CGRAM ref #0)
t_wall=1785586266.228 t=698192940 W DAT 0x01 (CGRAM ref #1)
t_wall=1785586266.229 t=698192993 W DAT 0x01 (CGRAM ref #1)
t_wall=1785586266.230 t=698193046 W DAT 0x01 (CGRAM ref #1)
t_wall=1785586266.231 t=698193098 W DAT 0x01 (CGRAM ref #1)
t_wall=1785586266.232 t=698193278 W CMD 0x0C [DISP_CTRL disp=1 cur=0 blink=0]
t_wall=1785586266.233 t=698200415 W CMD 0x58 [SET_CGRAM 0x18]
t_wall=1785586266.233 t=698200474 W DAT 0x0E
t_wall=1785586266.234 t=698200526 W DAT 0x0C
t_wall=1785586266.234 t=698204409 W DAT 0x0E
t_wall=1785586266.237 t=698208226 W DAT 0x06 (CGRAM ref #6)
t_wall=1785586266.238 t=698208264 W DAT 0x0E
t_wall=1785586266.241 t=698212112 W DAT 0x0A
t_wall=1785586266.246 t=698215959 W DAT 0x00 (CGRAM ref #0)
t_wall=1785586266.248 t=698215997 W DAT 0x0E
t_wall=1785586266.255 t=698220927 W CMD 0x0C [DISP_CTRL disp=1 cur=0 blink=0]
t_wall=1785586266.294 # ALIVE us=698263356 ring_depth=0 drops=0
t_wall=1785586266.303 t=698272638 W CMD 0x58 [SET_CGRAM 0x18]
t_wall=1785586266.304 t=698272697 W DAT 0x0E
t_wall=1785586266.305 t=698272749 W DAT 0x0E
t_wall=1785586266.306 t=698276596 W DAT 0x0A
t_wall=1785586266.310 t=698280443 W DAT 0x04 (CGRAM ref #4)
t_wall=1785586266.312 t=698280481 W DAT 0x0E
t_wall=1785586266.314 t=698284313 W DAT 0x08
t_wall=1785586266.324 t=698288159 W DAT 0x00 (CGRAM ref #0)
t_wall=1785586266.328 t=698291974 W DAT 0x0C
t_wall=1785586266.336 t=698297803 W CMD 0x0C [DISP_CTRL disp=1 cur=0 blink=0]
t_wall=1785586266.378 t=698349442 W CMD 0x58 [SET_CGRAM 0x18]
t_wall=1785586266.379 t=698349501 W DAT 0x0E
t_wall=1785586266.380 t=698349554 W DAT 0x0E
t_wall=1785586266.382 t=698353401 W DAT 0x0E
t_wall=1785586266.386 t=698357248 W DAT 0x00 (CGRAM ref #0)
t_wall=1785586266.390 t=698361110 W DAT 0x0E
t_wall=1785586266.393 t=698364927 W DAT 0x08
t_wall=1785586266.397 t=698368743 W DAT 0x00 (CGRAM ref #0)
t_wall=1785586266.401 t=698372620 W DAT 0x08
t_wall=1785586266.406 t=698377597 W CMD 0x0C [DISP_CTRL disp=1 cur=0 blink=0]
t_wall=1785586266.469 t=698440125 W CMD 0x58 [SET_CGRAM 0x18]
t_wall=1785586266.469 t=698440183 W DAT 0x0A
t_wall=1785586266.470 t=698440236 W DAT 0x0E
t_wall=1785586266.472 t=698444054 W DAT 0x0A
t_wall=1785586266.476 t=698447898 W DAT 0x02 (CGRAM ref #2)
t_wall=1785586266.477 t=698447936 W DAT 0x0E
t_wall=1785586266.480 t=698451785 W DAT 0x0A
t_wall=1785586266.484 t=698455618 W DAT 0x00 (CGRAM ref #0)
t_wall=1785586266.488 t=698459421 W DAT 0x0A
t_wall=1785586266.494 t=698465207 W CMD 0x0C [DISP_CTRL disp=1 cur=0 blink=0]
t_wall=1785586266.565 t=698527745 W CMD 0x58 [SET_CGRAM 0x18]
t_wall=1785586266.571 t=698527804 W DAT 0x0E
t_wall=1785586266.576 t=698527856 W DAT 0x0A
t_wall=1785586266.580 t=698531733 W DAT 0x0E
t_wall=1785586266.589 t=698535568 W DAT 0x06 (CGRAM ref #6)
t_wall=1785586266.593 t=698535606 W DAT 0x0E
t_wall=1785586266.597 t=698539422 W DAT 0x0A
t_wall=1785586266.600 t=698543267 W DAT 0x00 (CGRAM ref #0)
t_wall=1785586266.602 t=698543305 W DAT 0x0E
t_wall=1785586266.607 t=698546113 W CMD 0x0C [DISP_CTRL disp=1 cur=0 blink=0]
t_wall=1785586266.633 t=698599883 W CMD 0x58 [SET_CGRAM 0x18]
t_wall=1785586266.635 t=698599942 W DAT 0x0E
t_wall=1785586266.638 t=698599995 W DAT 0x0E
t_wall=1785586266.641 t=698603813 W DAT 0x0E
t_wall=1785586266.644 t=698607657 W DAT 0x06 (CGRAM ref #6)
t_wall=1785586266.647 t=698607695 W DAT 0x0E
t_wall=1785586266.649 t=698611544 W DAT 0x0A
t_wall=1785586266.652 t=698615378 W DAT 0x00 (CGRAM ref #0)
t_wall=1785586266.655 t=698615445 W DAT 0x0E
t_wall=1785586266.658 t=698620332 W CMD 0x0C [DISP_CTRL disp=1 cur=0 blink=0]
t_wall=1785586266.712 t=698682799 W CMD 0x58 [SET_CGRAM 0x18]
t_wall=1785586266.712 t=698682857 W DAT 0x0E
t_wall=1785586266.712 t=698682910 W DAT 0x0E
t_wall=1785586266.715 t=698686766 W DAT 0x0A
t_wall=1785586266.719 t=698690644 W DAT 0x06 (CGRAM ref #6)
t_wall=1785586266.720 t=698690682 W DAT 0x0E
t_wall=1785586266.723 t=698694515 W DAT 0x08
t_wall=1785586266.727 t=698698333 W DAT 0x00 (CGRAM ref #0)
t_wall=1785586266.732 t=698702180 W DAT 0x0E
t_wall=1785586266.736 t=698707173 W CMD 0x70 [SET_CGRAM 0x30]
t_wall=1785586266.738 t=698707256 W DAT 0x00 (CGRAM ref #0)
t_wall=1785586266.739 t=698707338 W DAT 0x00 (CGRAM ref #0)
t_wall=1785586266.740 t=698707391 W DAT 0x00 (CGRAM ref #0)
t_wall=1785586266.741 t=698707444 W DAT 0x01 (CGRAM ref #1)
t_wall=1785586266.742 t=698707496 W DAT 0x01 (CGRAM ref #1)
t_wall=1785586266.743 t=698707549 W DAT 0x01 (CGRAM ref #1)
t_wall=1785586266.744 t=698707602 W DAT 0x01 (CGRAM ref #1)
t_wall=1785586266.745 t=698707640 W DAT 0x01 (CGRAM ref #1)
t_wall=1785586266.747 t=698709904 W CMD 0x0C [DISP_CTRL disp=1 cur=0 blink=0]
t_wall=1785586266.802 t=698771134 W CMD 0x58 [SET_CGRAM 0x18]
t_wall=1785586266.803 t=698771222 W DAT 0x0E
t_wall=1785586266.805 t=698771275 W DAT 0x0E
t_wall=1785586266.806 t=698775136 W DAT 0x0E
t_wall=1785586266.809 t=698778954 W DAT 0x02 (CGRAM ref #2)
t_wall=1785586266.810 t=698778992 W DAT 0x0E
t_wall=1785586266.812 t=698782808 W DAT 0x08
t_wall=1785586266.816 t=698786685 W DAT 0x00 (CGRAM ref #0)
t_wall=1785586266.817 t=698786723 W DAT 0x0A
t_wall=1785586266.826 t=698794165 W CMD 0x0C [DISP_CTRL disp=1 cur=0 blink=0]
t_wall=1785586266.876 t=698845983 W CMD 0x58 [SET_CGRAM 0x18]
t_wall=1785586266.877 t=698846042 W DAT 0x0A
t_wall=1785586266.878 t=698846094 W DAT 0x0F
t_wall=1785586266.879 t=698849970 W DAT 0x0A
t_wall=1785586266.883 t=698853805 W DAT 0x00 (CGRAM ref #0)
t_wall=1785586266.886 t=698857620 W DAT 0x0F
t_wall=1785586266.890 t=698861466 W DAT 0x0A
t_wall=1785586266.894 t=698865336 W DAT 0x00 (CGRAM ref #0)
t_wall=1785586266.898 t=698869168 W DAT 0x0A
t_wall=1785586266.905 t=698876229 W CMD 0x0C [DISP_CTRL disp=1 cur=0 blink=0]
t_wall=1785586266.955 t=698926766 W CMD 0x58 [SET_CGRAM 0x18]
t_wall=1785586266.956 t=698926845 W DAT 0x0E
t_wall=1785586266.959 t=698930677 W DAT 0x0B
t_wall=1785586266.963 t=698934524 W DAT 0x0E
t_wall=1785586266.967 t=698938299 W DAT 0x04 (CGRAM ref #4)
t_wall=1785586266.967 t=698938337 W DAT 0x0F
t_wall=1785586266.970 t=698942154 W DAT 0x0A
t_wall=1785586266.974 t=698946032 W DAT 0x00 (CGRAM ref #0)
t_wall=1785586266.978 t=698949864 W DAT 0x0E
t_wall=1785586266.989 t=698960749 W CMD 0x0C [DISP_CTRL disp=1 cur=0 blink=0]
t_wall=1785586267.047 t=699018283 W CMD 0x58 [SET_CGRAM 0x18]
t_wall=1785586267.047 t=699018341 W DAT 0x0E
t_wall=1785586267.048 t=699018394 W DAT 0x0F
t_wall=1785586267.051 t=699022273 W DAT 0x0E
t_wall=1785586267.055 t=699026107 W DAT 0x04 (CGRAM ref #4)
t_wall=1785586267.055 t=699026146 W DAT 0x0F
t_wall=1785586267.058 t=699029989 W DAT 0x0A
t_wall=1785586267.062 t=699033805 W DAT 0x00 (CGRAM ref #0)
t_wall=1785586267.063 t=699033843 W DAT 0x0E
t_wall=1785586267.070 t=699041290 W CMD 0x0C [DISP_CTRL disp=1 cur=0 blink=0]
t_wall=1785586267.119 t=699090471 W CMD 0x58 [SET_CGRAM 0x18]
t_wall=1785586267.119 t=699090530 W DAT 0x0C
t_wall=1785586267.119 t=699090583 W DAT 0x0F
t_wall=1785586267.123 t=699094429 W DAT 0x08
t_wall=1785586267.127 t=699098245 W DAT 0x04 (CGRAM ref #4)
t_wall=1785586267.127 t=699098283 W DAT 0x0F
t_wall=1785586267.130 t=699102132 W DAT 0x08
t_wall=1785586267.134 t=699105994 W DAT 0x00 (CGRAM ref #0)
t_wall=1785586267.138 t=699109811 W DAT 0x0C
t_wall=1785586267.146 t=699117336 W CMD 0x0C [DISP_CTRL disp=1 cur=0 blink=0]
t_wall=1785586267.208 t=699177321 W CMD 0x58 [SET_CGRAM 0x18]
t_wall=1785586267.209 t=699177380 W DAT 0x0C
t_wall=1785586267.212 t=699177432 W DAT 0x0F
t_wall=1785586267.213 t=699181332 W DAT 0x0C
t_wall=1785586267.215 t=699185163 W DAT 0x00 (CGRAM ref #0)
t_wall=1785586267.218 t=699189009 W DAT 0x0F
t_wall=1785586267.222 t=699192827 W DAT 0x08
t_wall=1785586267.227 t=699196675 W DAT 0x00 (CGRAM ref #0)
t_wall=1785586267.228 t=699196713 W DAT 0x08
t_wall=1785586267.233 t=699202478 W CMD 0x70 [SET_CGRAM 0x30]
t_wall=1785586267.236 t=699202536 W DAT 0x00 (CGRAM ref #0)
t_wall=1785586267.238 t=699202589 W DAT 0x00 (CGRAM ref #0)
t_wall=1785586267.240 t=699202642 W DAT 0x01 (CGRAM ref #1)
t_wall=1785586267.242 t=699202695 W DAT 0x01 (CGRAM ref #1)
t_wall=1785586267.245 t=699202762 W DAT 0x01 (CGRAM ref #1)
t_wall=1785586267.247 t=699202815 W DAT 0x01 (CGRAM ref #1)
t_wall=1785586267.252 t=699202868 W DAT 0x01 (CGRAM ref #1)
t_wall=1785586267.257 t=699202920 W DAT 0x01 (CGRAM ref #1)
t_wall=1785586267.266 t=699204394 W CMD 0x0C [DISP_CTRL disp=1 cur=0 blink=0]
t_wall=1785586267.288 t=699254865 W CMD 0x58 [SET_CGRAM 0x18]
t_wall=1785586267.291 t=699254923 W DAT 0x0A
t_wall=1785586267.293 t=699254976 W DAT 0x0F
t_wall=1785586267.295 t=699258794 W DAT 0x08
t_wall=1785586267.299 t=699262641 W DAT 0x02 (CGRAM ref #2)
t_wall=1785586267.301 t=699262679 W DAT 0x0D
t_wall=1785586267.303 t=699266541 W DAT 0x0A
t_wall=1785586267.306 t=699270359 W DAT 0x00 (CGRAM ref #0)
t_wall=1785586267.308 t=699270397 W DAT 0x0A
t_wall=1785586267.311 t=699275392 W CMD 0x0C [DISP_CTRL disp=1 cur=0 blink=0]
t_wall=1785586267.367 t=699337849 W CMD 0x58 [SET_CGRAM 0x18]
t_wall=1785586267.367 t=699337908 W DAT 0x0E
t_wall=1785586267.368 t=699337961 W DAT 0x0B
t_wall=1785586267.370 t=699341808 W DAT 0x0C
t_wall=1785586267.374 t=699345641 W DAT 0x06 (CGRAM ref #6)
t_wall=1785586267.375 t=699345679 W DAT 0x0D
t_wall=1785586267.378 t=699349526 W DAT 0x0A
t_wall=1785586267.382 t=699353342 W DAT 0x00 (CGRAM ref #0)
t_wall=1785586267.383 t=699353380 W DAT 0x0E
t_wall=1785586267.386 t=699357155 W CMD 0x0C [DISP_CTRL disp=1 cur=0 blink=0]
t_wall=1785586267.450 t=699420797 W CMD 0x58 [SET_CGRAM 0x18]
t_wall=1785586267.450 t=699420856 W DAT 0x0E
t_wall=1785586267.451 t=699420908 W DAT 0x0F
t_wall=1785586267.454 t=699424770 W DAT 0x0C
t_wall=1785586267.464 t=699428588 W DAT 0x02 (CGRAM ref #2)
t_wall=1785586267.468 t=699428626 W DAT 0x0D
t_wall=1785586267.472 t=699432443 W DAT 0x0A
t_wall=1785586267.478 t=699436320 W DAT 0x00 (CGRAM ref #0)
t_wall=1785586267.483 t=699440154 W DAT 0x0A
t_wall=1785586267.490 t=699452284 W CMD 0x0C [DISP_CTRL disp=1 cur=0 blink=0]
t_wall=1785586268.292 # ALIVE us=700263402 ring_depth=0 drops=0
t_wall=1785586270.292 # ALIVE us=702263447 ring_depth=0 drops=0
t_wall=1785586272.292 # ALIVE us=704263492 ring_depth=0 drops=0
t_wall=1785586274.292 # ALIVE us=706263538 ring_depth=0 drops=0
t_wall=1785586276.292 # ALIVE us=708263583 ring_depth=0 drops=0
t_wall=1785586278.293 # ALIVE us=710263629 ring_depth=0 drops=0
t_wall=1785586280.292 # ALIVE us=712263674 ring_depth=0 drops=0
t_wall=1785586281.004 t=712952965 W CMD 0x58 [SET_CGRAM 0x18]
t_wall=1785586281.008 t=712953023 W DAT 0x0E
t_wall=1785586281.012 t=712953076 W DAT 0x0B
t_wall=1785586281.016 t=712956923 W DAT 0x0C
t_wall=1785586281.022 t=712960787 W DAT 0x06 (CGRAM ref #6)
t_wall=1785586281.026 t=712960825 W DAT 0x0D
t_wall=1785586281.030 t=712964640 W DAT 0x0E
t_wall=1785586281.036 t=712968458 W DAT 0x00 (CGRAM ref #0)
t_wall=1785586281.041 t=712968524 W DAT 0x0E
t_wall=1785586281.049 t=712973479 W CMD 0x0C [DISP_CTRL disp=1 cur=0 blink=0]
t_wall=1785586281.366 t=713336305 W CMD 0x58 [SET_CGRAM 0x18]
t_wall=1785586281.367 t=713336364 W DAT 0x0E
t_wall=1785586281.368 t=713336416 W DAT 0x0F
t_wall=1785586281.370 t=713340278 W DAT 0x08
t_wall=1785586281.373 t=713344096 W DAT 0x06 (CGRAM ref #6)
t_wall=1785586281.374 t=713344134 W DAT 0x09
t_wall=1785586281.376 t=713347950 W DAT 0x0E
t_wall=1785586281.381 t=713351826 W DAT 0x00 (CGRAM ref #0)
t_wall=1785586281.384 t=713355661 W DAT 0x0E
t_wall=1785586281.390 t=713361817 W CMD 0x0C [DISP_CTRL disp=1 cur=0 blink=0]
t_wall=1785586281.440 t=713412297 W CMD 0x58 [SET_CGRAM 0x18]
t_wall=1785586281.441 t=713412356 W DAT 0x0C
t_wall=1785586281.441 t=713412408 W DAT 0x0F
t_wall=1785586281.444 t=713416283 W DAT 0x0C
t_wall=1785586281.448 t=713420116 W DAT 0x04 (CGRAM ref #4)
t_wall=1785586281.448 t=713420154 W DAT 0x0F
t_wall=1785586281.451 t=713423972 W DAT 0x0C
t_wall=1785586281.456 t=713427817 W DAT 0x00 (CGRAM ref #0)
t_wall=1785586281.459 t=713431665 W DAT 0x0C
t_wall=1785586281.465 t=713436622 W CMD 0x0C [DISP_CTRL disp=1 cur=0 blink=0]
t_wall=1785586281.527 t=713499092 W CMD 0x58 [SET_CGRAM 0x18]
t_wall=1785586281.528 t=713499151 W DAT 0x08
t_wall=1785586281.528 t=713499204 W DAT 0x0F
t_wall=1785586281.531 t=713503072 W DAT 0x0C
t_wall=1785586281.534 t=713506888 W DAT 0x04 (CGRAM ref #4)
t_wall=1785586281.535 t=713506926 W DAT 0x0F
t_wall=1785586281.538 t=713510804 W DAT 0x08
t_wall=1785586281.542 t=713514638 W DAT 0x00 (CGRAM ref #0)
t_wall=1785586281.546 t=713518454 W DAT 0x08
t_wall=1785586281.552 t=713524185 W CMD 0x70 [SET_CGRAM 0x30]
t_wall=1785586281.552 t=713524243 W DAT 0x00 (CGRAM ref #0)
t_wall=1785586281.553 t=713524296 W DAT 0x00 (CGRAM ref #0)
t_wall=1785586281.553 t=713524348 W DAT 0x00 (CGRAM ref #0)
t_wall=1785586281.553 t=713524416 W DAT 0x01 (CGRAM ref #1)
t_wall=1785586281.554 t=713524469 W DAT 0x01 (CGRAM ref #1)
t_wall=1785586281.554 t=713524521 W DAT 0x01 (CGRAM ref #1)
t_wall=1785586281.554 t=713524574 W DAT 0x01 (CGRAM ref #1)
t_wall=1785586281.555 t=713524627 W DAT 0x01 (CGRAM ref #1)
t_wall=1785586281.555 t=713524880 W CMD 0x0C [DISP_CTRL disp=1 cur=0 blink=0]
t_wall=1785586281.605 t=713576559 W CMD 0x58 [SET_CGRAM 0x18]
t_wall=1785586281.605 t=713576617 W DAT 0x0C
t_wall=1785586281.606 t=713576670 W DAT 0x0F
t_wall=1785586281.608 t=713580488 W DAT 0x0C
t_wall=1785586281.612 t=713584332 W DAT 0x00 (CGRAM ref #0)
t_wall=1785586281.616 t=713588180 W DAT 0x0F
t_wall=1785586281.619 t=713591957 W DAT 0x0C
t_wall=1785586281.624 t=713595817 W DAT 0x00 (CGRAM ref #0)
t_wall=1785586281.627 t=713599634 W DAT 0x0C
t_wall=1785586281.637 t=713609290 W CMD 0x0C [DISP_CTRL disp=1 cur=0 blink=0]
t_wall=1785586281.695 t=713667183 W CMD 0x58 [SET_CGRAM 0x18]
t_wall=1785586281.695 t=713667315 W DAT 0x0E
t_wall=1785586281.699 t=713671120 W DAT 0x0B
t_wall=1785586281.700 t=713672202 W DAT 0x0E
t_wall=1785586281.704 t=713676019 W DAT 0x04 (CGRAM ref #4)
t_wall=1785586281.704 t=713676058 W DAT 0x0F
t_wall=1785586281.708 t=713679925 W DAT 0x0E
t_wall=1785586281.712 t=713683773 W DAT 0x00 (CGRAM ref #0)
t_wall=1785586281.712 t=713683811 W DAT 0x0E
t_wall=1785586281.718 t=713689561 W CMD 0x0C [DISP_CTRL disp=1 cur=0 blink=0]
t_wall=1785586281.769 t=713741258 W CMD 0x58 [SET_CGRAM 0x18]
t_wall=1785586281.770 t=713741346 W DAT 0x0E
t_wall=1785586281.770 t=713741399 W DAT 0x0F
t_wall=1785586281.773 t=713745264 W DAT 0x0A
t_wall=1785586281.777 t=713749114 W DAT 0x04 (CGRAM ref #4)
t_wall=1785586281.777 t=713749152 W DAT 0x0B
t_wall=1785586281.781 t=713752983 W DAT 0x0E
t_wall=1785586281.785 t=713756830 W DAT 0x00 (CGRAM ref #0)
t_wall=1785586281.788 t=713760647 W DAT 0x0E
t_wall=1785586281.795 t=713766964 W CMD 0x0C [DISP_CTRL disp=1 cur=0 blink=0]
t_wall=1785586281.857 t=713828225 W CMD 0x58 [SET_CGRAM 0x18]
t_wall=1785586281.857 t=713828284 W DAT 0x0E
t_wall=1785586281.857 t=713828336 W DAT 0x0E
t_wall=1785586281.860 t=713832196 W DAT 0x0E
t_wall=1785586281.864 t=713836013 W DAT 0x06 (CGRAM ref #6)
t_wall=1785586281.864 t=713836051 W DAT 0x0E
t_wall=1785586281.868 t=713839897 W DAT 0x0C
t_wall=1785586281.872 t=713843744 W DAT 0x00 (CGRAM ref #0)
t_wall=1785586281.872 t=713843782 W DAT 0x0E
t_wall=1785586281.877 t=713848284 W CMD 0x0C [DISP_CTRL disp=1 cur=0 blink=0]
t_wall=1785586281.929 t=713901195 W CMD 0x58 [SET_CGRAM 0x18]
t_wall=1785586281.930 t=713901253 W DAT 0x0A
t_wall=1785586281.930 t=713901306 W DAT 0x0E
t_wall=1785586281.933 t=713905185 W DAT 0x0E
t_wall=1785586281.937 t=713909015 W DAT 0x06 (CGRAM ref #6)
t_wall=1785586281.937 t=713909053 W DAT 0x0E
t_wall=1785586281.940 t=713912871 W DAT 0x08
t_wall=1785586281.944 t=713916717 W DAT 0x00 (CGRAM ref #0)
t_wall=1785586281.948 t=713920491 W DAT 0x0A
t_wall=1785586281.955 t=713926829 W CMD 0x0C [DISP_CTRL disp=1 cur=0 blink=0]
t_wall=1785586282.016 t=713988107 W CMD 0x58 [SET_CGRAM 0x18]
t_wall=1785586282.016 t=713988166 W DAT 0x0E
t_wall=1785586282.016 t=713988219 W DAT 0x0E
t_wall=1785586282.020 t=713992035 W DAT 0x0E
t_wall=1785586282.024 t=713995853 W DAT 0x02 (CGRAM ref #2)
t_wall=1785586282.024 t=713995891 W DAT 0x0E
t_wall=1785586282.027 t=713999715 W DAT 0x0C
t_wall=1785586282.031 t=714003565 W DAT 0x00 (CGRAM ref #0)
t_wall=1785586282.035 t=714007396 W DAT 0x0E
t_wall=1785586282.041 t=714013184 W CMD 0x70 [SET_CGRAM 0x30]
t_wall=1785586282.041 t=714013242 W DAT 0x00 (CGRAM ref #0)
t_wall=1785586282.042 t=714013295 W DAT 0x00 (CGRAM ref #0)
t_wall=1785586282.042 t=714013347 W DAT 0x00 (CGRAM ref #0)
t_wall=1785586282.043 t=714013400 W DAT 0x00 (CGRAM ref #0)
t_wall=1785586282.043 t=714013468 W DAT 0x01 (CGRAM ref #1)
t_wall=1785586282.044 t=714013521 W DAT 0x01 (CGRAM ref #1)
t_wall=1785586282.044 t=714013573 W DAT 0x01 (CGRAM ref #1)
t_wall=1785586282.045 t=714013626 W DAT 0x01 (CGRAM ref #1)
t_wall=1785586282.045 t=714013806 W CMD 0x0C [DISP_CTRL disp=1 cur=0 blink=0]
t_wall=1785586282.094 t=714065550 W CMD 0x58 [SET_CGRAM 0x18]
t_wall=1785586282.094 t=714065608 W DAT 0x0E
t_wall=1785586282.095 t=714065661 W DAT 0x0A
t_wall=1785586282.097 t=714069496 W DAT 0x0E
t_wall=1785586282.101 t=714073339 W DAT 0x06 (CGRAM ref #6)
t_wall=1785586282.102 t=714073377 W DAT 0x0E
t_wall=1785586282.105 t=714077195 W DAT 0x0E
t_wall=1785586282.109 t=714081044 W DAT 0x00 (CGRAM ref #0)
t_wall=1785586282.113 t=714084903 W DAT 0x0E
t_wall=1785586282.119 t=714091149 W CMD 0x0C [DISP_CTRL disp=1 cur=0 blink=0]
t_wall=1785586282.180 t=714152434 W CMD 0x58 [SET_CGRAM 0x18]
t_wall=1785586282.181 t=714152492 W DAT 0x0E
t_wall=1785586282.181 t=714152545 W DAT 0x0E
t_wall=1785586282.184 t=714156362 W DAT 0x0A
t_wall=1785586282.188 t=714160241 W DAT 0x06 (CGRAM ref #6)
t_wall=1785586282.189 t=714160279 W DAT 0x0A
t_wall=1785586282.192 t=714164110 W DAT 0x0E
t_wall=1785586282.196 t=714167928 W DAT 0x00 (CGRAM ref #0)
t_wall=1785586282.199 t=714171775 W DAT 0x0E
t_wall=1785586282.205 t=714176751 W CMD 0x0C [DISP_CTRL disp=1 cur=0 blink=0]
t_wall=1785586282.267 t=714239260 W CMD 0x58 [SET_CGRAM 0x18]
t_wall=1785586282.267 t=714239319 W DAT 0x0E
t_wall=1785586282.268 t=714239372 W DAT 0x0E
t_wall=1785586282.271 t=714243232 W DAT 0x0E
t_wall=1785586282.275 t=714247049 W DAT 0x04 (CGRAM ref #4)
t_wall=1785586282.275 t=714247087 W DAT 0x0E
t_wall=1785586282.278 t=714250905 W DAT 0x0C
t_wall=1785586282.282 t=714254780 W DAT 0x00 (CGRAM ref #0)
t_wall=1785586282.283 t=714254818 W DAT 0x0C
t_wall=1785586282.288 t=714259830 W CMD 0x0C [DISP_CTRL disp=1 cur=0 blink=0]
t_wall=1785586282.291 # ALIVE us=714263719 ring_depth=0 drops=0
t_wall=1785586282.351 t=714323097 W CMD 0x58 [SET_CGRAM 0x18]
t_wall=1785586282.351 t=714323156 W DAT 0x0A
t_wall=1785586282.352 t=714323208 W DAT 0x0E
t_wall=1785586282.355 t=714327027 W DAT 0x0E
t_wall=1785586282.359 t=714330874 W DAT 0x04 (CGRAM ref #4)
t_wall=1785586282.359 t=714330912 W DAT 0x0E
t_wall=1785586282.362 t=714334759 W DAT 0x08
t_wall=1785586282.366 t=714338620 W DAT 0x00 (CGRAM ref #0)
t_wall=1785586282.370 t=714342439 W DAT 0x08
t_wall=1785586282.375 t=714347344 W CMD 0x0C [DISP_CTRL disp=1 cur=0 blink=0]
t_wall=1785586282.427 t=714399073 W CMD 0x58 [SET_CGRAM 0x18]
t_wall=1785586282.427 t=714399131 W DAT 0x0E
t_wall=1785586282.431 t=714402991 W DAT 0x0E
t_wall=1785586282.434 t=714406809 W DAT 0x0E
t_wall=1785586282.439 t=714410624 W DAT 0x00 (CGRAM ref #0)
t_wall=1785586282.442 t=714414502 W DAT 0x0E
t_wall=1785586282.446 t=714418337 W DAT 0x0C
t_wall=1785586282.450 t=714422152 W DAT 0x00 (CGRAM ref #0)
t_wall=1785586282.450 t=714422190 W DAT 0x0C
t_wall=1785586282.454 t=714425955 W CMD 0x0C [DISP_CTRL disp=1 cur=0 blink=0]
t_wall=1785586282.508 t=714479770 W CMD 0x58 [SET_CGRAM 0x18]
t_wall=1785586282.508 t=714479829 W DAT 0x0E
t_wall=1785586282.509 t=714479882 W DAT 0x08
t_wall=1785586282.511 t=714483700 W DAT 0x0E
t_wall=1785586282.515 t=714487544 W DAT 0x06 (CGRAM ref #6)
t_wall=1785586282.516 t=714487582 W DAT 0x0E
t_wall=1785586282.519 t=714491430 W DAT 0x0E
t_wall=1785586282.523 t=714495265 W DAT 0x00 (CGRAM ref #0)
t_wall=1785586282.527 t=714499108 W DAT 0x0E
t_wall=1785586282.532 t=714504023 W CMD 0x70 [SET_CGRAM 0x30]
t_wall=1785586282.532 t=714504081 W DAT 0x00 (CGRAM ref #0)
t_wall=1785586282.533 t=714504134 W DAT 0x00 (CGRAM ref #0)
t_wall=1785586282.534 t=714504187 W DAT 0x00 (CGRAM ref #0)
t_wall=1785586282.534 t=714504240 W DAT 0x00 (CGRAM ref #0)
t_wall=1785586282.535 t=714504307 W DAT 0x00 (CGRAM ref #0)
t_wall=1785586282.535 t=714504360 W DAT 0x01 (CGRAM ref #1)
t_wall=1785586282.536 t=714504412 W DAT 0x01 (CGRAM ref #1)
t_wall=1785586282.536 t=714504465 W DAT 0x01 (CGRAM ref #1)
t_wall=1785586282.536 t=714504645 W CMD 0x0C [DISP_CTRL disp=1 cur=0 blink=0]
t_wall=1785586282.595 t=714567150 W CMD 0x58 [SET_CGRAM 0x18]
t_wall=1785586282.596 t=714567208 W DAT 0x0E
t_wall=1785586282.596 t=714567261 W DAT 0x0C
t_wall=1785586282.599 t=714571109 W DAT 0x0A
t_wall=1785586282.603 t=714574972 W DAT 0x06 (CGRAM ref #6)
t_wall=1785586282.603 t=714575010 W DAT 0x0A
t_wall=1785586282.606 t=714578848 W DAT 0x0E
t_wall=1785586282.611 t=714582695 W DAT 0x00 (CGRAM ref #0)
t_wall=1785586282.614 t=714586543 W DAT 0x0E
t_wall=1785586282.622 t=714593641 W CMD 0x0C [DISP_CTRL disp=1 cur=0 blink=0]
t_wall=1785586282.672 t=714643992 W CMD 0x58 [SET_CGRAM 0x18]
t_wall=1785586282.672 t=714644050 W DAT 0x0E
t_wall=1785586282.673 t=714644103 W DAT 0x0C
t_wall=1785586282.676 t=714647950 W DAT 0x0E
t_wall=1785586282.680 t=714651797 W DAT 0x06 (CGRAM ref #6)
t_wall=1785586282.680 t=714651835 W DAT 0x0E
t_wall=1785586282.683 t=714655668 W DAT 0x0C
t_wall=1785586282.687 t=714659514 W DAT 0x00 (CGRAM ref #0)
t_wall=1785586282.691 t=714663331 W DAT 0x0E
t_wall=1785586282.697 t=714668336 W CMD 0x0C [DISP_CTRL disp=1 cur=0 blink=0]
t_wall=1785586282.759 t=714730853 W CMD 0x58 [SET_CGRAM 0x18]
t_wall=1785586282.759 t=714730912 W DAT 0x0A
t_wall=1785586282.759 t=714730964 W DAT 0x0C
t_wall=1785586282.762 t=714734820 W DAT 0x0E
t_wall=1785586282.766 t=714738636 W DAT 0x06 (CGRAM ref #6)
t_wall=1785586282.767 t=714738674 W DAT 0x0E
t_wall=1785586282.770 t=714742521 W DAT 0x08
t_wall=1785586282.774 t=714746370 W DAT 0x00 (CGRAM ref #0)
t_wall=1785586282.778 t=714750202 W DAT 0x0A
t_wall=1785586282.784 t=714756008 W CMD 0x0C [DISP_CTRL disp=1 cur=0 blink=0]
t_wall=1785586282.836 t=714807747 W CMD 0x58 [SET_CGRAM 0x18]
t_wall=1785586282.836 t=714807835 W DAT 0x0E
t_wall=1785586282.836 t=714807888 W DAT 0x0C
t_wall=1785586282.839 t=714811721 W DAT 0x0E
t_wall=1785586282.843 t=714815538 W DAT 0x02 (CGRAM ref #2)
t_wall=1785586282.847 t=714819383 W DAT 0x0E
t_wall=1785586282.851 t=714823233 W DAT 0x0C
t_wall=1785586282.855 t=714827094 W DAT 0x00 (CGRAM ref #0)
t_wall=1785586282.858 t=714830870 W DAT 0x0E
t_wall=1785586282.866 t=714838396 W CMD 0x0C [DISP_CTRL disp=1 cur=0 blink=0]
t_wall=1785586282.926 t=714898411 W CMD 0x58 [SET_CGRAM 0x18]
t_wall=1785586282.927 t=714898470 W DAT 0x0C
t_wall=1785586282.927 t=714898522 W DAT 0x0A
t_wall=1785586282.930 t=714902400 W DAT 0x0E
t_wall=1785586282.934 t=714906231 W DAT 0x06 (CGRAM ref #6)
t_wall=1785586282.934 t=714906269 W DAT 0x0E
t_wall=1785586282.938 t=714910045 W DAT 0x0C
t_wall=1785586282.942 t=714913892 W DAT 0x00 (CGRAM ref #0)
t_wall=1785586282.945 t=714917708 W DAT 0x0C
t_wall=1785586282.953 t=714924819 W CMD 0x0C [DISP_CTRL disp=1 cur=0 blink=0]
t_wall=1785586283.007 t=714978981 W CMD 0x70 [SET_CGRAM 0x30]
t_wall=1785586283.008 t=714979060 W DAT 0x00 (CGRAM ref #0)
t_wall=1785586283.008 t=714979142 W DAT 0x00 (CGRAM ref #0)
t_wall=1785586283.009 t=714979195 W DAT 0x00 (CGRAM ref #0)
t_wall=1785586283.010 t=714979248 W DAT 0x00 (CGRAM ref #0)
t_wall=1785586283.010 t=714979300 W DAT 0x00 (CGRAM ref #0)
t_wall=1785586283.011 t=714979353 W DAT 0x00 (CGRAM ref #0)
t_wall=1785586283.011 t=714979406 W DAT 0x01 (CGRAM ref #1)
t_wall=1785586283.012 t=714979444 W DAT 0x01 (CGRAM ref #1)
t_wall=1785586283.012 t=714980853 W CMD 0x0C [DISP_CTRL disp=1 cur=0 blink=0]
t_wall=1785586283.015 t=714986825 W CMD 0x58 [SET_CGRAM 0x18]
t_wall=1785586283.015 t=714986884 W DAT 0x0C
t_wall=1785586283.015 t=714986937 W DAT 0x0E
t_wall=1785586283.018 t=714990754 W DAT 0x0A
t_wall=1785586283.023 t=714994573 W DAT 0x06 (CGRAM ref #6)
t_wall=1785586283.023 t=714994611 W DAT 0x0A
t_wall=1785586283.026 t=714998487 W DAT 0x0C
t_wall=1785586283.030 t=715002321 W DAT 0x00 (CGRAM ref #0)
t_wall=1785586283.034 t=715006140 W DAT 0x0C
t_wall=1785586283.039 t=715010992 W CMD 0x0C [DISP_CTRL disp=1 cur=0 blink=0]
t_wall=1785586283.096 t=715062810 W CMD 0x58 [SET_CGRAM 0x18]
t_wall=1785586283.099 t=715062868 W DAT 0x0E
t_wall=1785586283.105 t=715062921 W DAT 0x0E
t_wall=1785586283.107 t=715066754 W DAT 0x0C
t_wall=1785586283.111 t=715070599 W DAT 0x06 (CGRAM ref #6)
t_wall=1785586283.115 t=715070637 W DAT 0x0E
t_wall=1785586283.116 t=715074455 W DAT 0x0C
t_wall=1785586283.120 t=715078302 W DAT 0x00 (CGRAM ref #0)
t_wall=1785586283.123 t=715082164 W DAT 0x0E
t_wall=1785586283.127 t=715087049 W CMD 0x0C [DISP_CTRL disp=1 cur=0 blink=0]
t_wall=1785586283.181 t=715149563 W CMD 0x58 [SET_CGRAM 0x18]
t_wall=1785586283.184 t=715149622 W DAT 0x0A
t_wall=1785586283.186 t=715149674 W DAT 0x0E
t_wall=1785586283.189 t=715153513 W DAT 0x0C
t_wall=1785586283.193 t=715157391 W DAT 0x06 (CGRAM ref #6)
t_wall=1785586283.196 t=715157429 W DAT 0x0E
t_wall=1785586283.199 t=715161263 W DAT 0x08
t_wall=1785586283.203 t=715165078 W DAT 0x00 (CGRAM ref #0)
t_wall=1785586283.204 t=715165117 W DAT 0x0A
t_wall=1785586283.207 t=715170864 W CMD 0x0C [DISP_CTRL disp=1 cur=0 blink=0]
t_wall=1785586283.253 t=715222562 W CMD 0x58 [SET_CGRAM 0x18]
t_wall=1785586283.255 t=715222621 W DAT 0x0E
t_wall=1785586283.256 t=715226455 W DAT 0x0E
t_wall=1785586283.259 t=715230298 W DAT 0x0C
t_wall=1785586283.264 t=715234114 W DAT 0x02 (CGRAM ref #2)
t_wall=1785586283.266 t=715234152 W DAT 0x0E
t_wall=1785586283.267 t=715238002 W DAT 0x0C
t_wall=1785586283.271 t=715241862 W DAT 0x00 (CGRAM ref #0)
t_wall=1785586283.274 t=715245679 W DAT 0x0E
t_wall=1785586283.281 t=715250837 W CMD 0x0C [DISP_CTRL disp=1 cur=0 blink=0]
t_wall=1785586283.347 t=715316614 W CMD 0x58 [SET_CGRAM 0x18]
t_wall=1785586283.348 t=715316672 W DAT 0x0E
t_wall=1785586283.350 t=715316725 W DAT 0x0A
t_wall=1785586283.351 t=715317955 W DAT 0x0C
t_wall=1785586283.354 t=715321731 W DAT 0x06 (CGRAM ref #6)
t_wall=1785586283.355 t=715321770 W DAT 0x0C
t_wall=1785586283.356 t=715325613 W DAT 0x0E
t_wall=1785586283.359 t=715329430 W DAT 0x00 (CGRAM ref #0)
t_wall=1785586283.360 t=715329468 W DAT 0x0E
t_wall=1785586283.363 t=715333126 W CMD 0x0C [DISP_CTRL disp=1 cur=0 blink=0]
t_wall=1785586283.415 t=715386125 W CMD 0x58 [SET_CGRAM 0x18]
t_wall=1785586283.416 t=715386213 W DAT 0x0E
t_wall=1785586283.417 t=715386266 W DAT 0x0E
t_wall=1785586283.418 t=715390110 W DAT 0x08
t_wall=1785586283.423 t=715393958 W DAT 0x06 (CGRAM ref #6)
t_wall=1785586283.423 t=715393996 W DAT 0x08
t_wall=1785586283.426 t=715397831 W DAT 0x0E
t_wall=1785586283.430 t=715401674 W DAT 0x00 (CGRAM ref #0)
t_wall=1785586283.433 t=715405493 W DAT 0x0E
t_wall=1785586283.439 t=715410477 W CMD 0x70 [SET_CGRAM 0x30]
t_wall=1785586283.440 t=715410535 W DAT 0x00 (CGRAM ref #0)
t_wall=1785586283.440 t=715410588 W DAT 0x00 (CGRAM ref #0)
t_wall=1785586283.442 t=715410641 W DAT 0x00 (CGRAM ref #0)
t_wall=1785586283.443 t=715410694 W DAT 0x00 (CGRAM ref #0)
t_wall=1785586283.444 t=715410747 W DAT 0x00 (CGRAM ref #0)
t_wall=1785586283.445 t=715410799 W DAT 0x00 (CGRAM ref #0)
t_wall=1785586283.446 t=715410852 W DAT 0x00 (CGRAM ref #0)
t_wall=1785586283.447 t=715410905 W DAT 0x01 (CGRAM ref #1)
t_wall=1785586283.449 t=715411085 W CMD 0x0C [DISP_CTRL disp=1 cur=0 blink=0]
t_wall=1785586283.501 t=715473632 W CMD 0x58 [SET_CGRAM 0x18]
t_wall=1785586283.502 t=715473714 W DAT 0x0C
t_wall=1785586283.502 t=715473767 W DAT 0x0E
t_wall=1785586283.502 t=715475034 W DAT 0x0C
t_wall=1785586283.507 t=715478865 W DAT 0x04 (CGRAM ref #4)
t_wall=1785586283.507 t=715478903 W DAT 0x0E
t_wall=1785586283.510 t=715482721 W DAT 0x0C
t_wall=1785586283.514 t=715486567 W DAT 0x00 (CGRAM ref #0)
t_wall=1785586283.518 t=715490414 W DAT 0x0C
t_wall=1785586283.526 t=715497452 W CMD 0x0C [DISP_CTRL disp=1 cur=0 blink=0]
t_wall=1785586283.591 t=715558706 W CMD 0x58 [SET_CGRAM 0x18]
t_wall=1785586283.594 t=715558764 W DAT 0x08
t_wall=1785586283.596 t=715558845 W DAT 0x0E
t_wall=1785586283.598 t=715562663 W DAT 0x0C
t_wall=1785586283.600 t=715566482 W DAT 0x04 (CGRAM ref #4)
t_wall=1785586283.602 t=715566520 W DAT 0x0E
t_wall=1785586283.603 t=715570395 W DAT 0x08
t_wall=1785586283.605 t=715574228 W DAT 0x00 (CGRAM ref #0)
t_wall=1785586283.606 t=715578067 W DAT 0x08
t_wall=1785586283.615 t=715583028 W CMD 0x0C [DISP_CTRL disp=1 cur=0 blink=0]
t_wall=1785586283.666 t=715634816 W CMD 0x58 [SET_CGRAM 0x18]
t_wall=1785586283.668 t=715634875 W DAT 0x0C
t_wall=1785586283.670 t=715634927 W DAT 0x0E
t_wall=1785586283.671 t=715638746 W DAT 0x0C
t_wall=1785586283.675 t=715642562 W DAT 0x00 (CGRAM ref #0)
t_wall=1785586283.676 t=715646366 W DAT 0x0E
t_wall=1785586283.679 t=715650215 W DAT 0x0C
t_wall=1785586283.684 t=715654046 W DAT 0x00 (CGRAM ref #0)
t_wall=1785586283.687 t=715657890 W DAT 0x0C
t_wall=1785586283.695 t=715663660 W CMD 0x0C [DISP_CTRL disp=1 cur=0 blink=0]
t_wall=1785586283.743 t=715715396 W CMD 0x58 [SET_CGRAM 0x18]
t_wall=1785586283.744 t=715715455 W DAT 0x0C
t_wall=1785586283.744 t=715715508 W DAT 0x08
t_wall=1785586283.747 t=715719352 W DAT 0x0C
t_wall=1785586283.751 t=715723168 W DAT 0x04 (CGRAM ref #4)
t_wall=1785586283.751 t=715723206 W DAT 0x0C
t_wall=1785586283.755 t=715727056 W DAT 0x0C
t_wall=1785586283.759 t=715730916 W DAT 0x00 (CGRAM ref #0)
t_wall=1785586283.759 t=715730954 W DAT 0x0C
t_wall=1785586283.763 t=715734620 W CMD 0x0C [DISP_CTRL disp=1 cur=0 blink=0]
t_wall=1785586283.826 t=715798375 W CMD 0x58 [SET_CGRAM 0x18]
t_wall=1785586283.826 t=715798433 W DAT 0x0C
t_wall=1785586283.827 t=715798485 W DAT 0x0C
t_wall=1785586283.830 t=715802303 W DAT 0x08
t_wall=1785586283.834 t=715806201 W DAT 0x04 (CGRAM ref #4)
t_wall=1785586283.834 t=715806240 W DAT 0x08
t_wall=1785586283.838 t=715810073 W DAT 0x0C
t_wall=1785586283.842 t=715813920 W DAT 0x00 (CGRAM ref #0)
t_wall=1785586283.845 t=715817735 W DAT 0x0C
t_wall=1785586283.853 t=715824826 W CMD 0x0C [DISP_CTRL disp=1 cur=0 blink=0]
t_wall=1785586283.903 t=715875233 W CMD 0x58 [SET_CGRAM 0x18]
t_wall=1785586283.903 t=715875291 W DAT 0x0C
t_wall=1785586283.903 t=715875343 W DAT 0x0C
t_wall=1785586283.907 t=715879189 W DAT 0x0C
t_wall=1785586283.910 t=715883005 W DAT 0x00 (CGRAM ref #0)
t_wall=1785586283.914 t=715886853 W DAT 0x0C
t_wall=1785586283.918 t=715890716 W DAT 0x0C
t_wall=1785586283.922 t=715894532 W DAT 0x00 (CGRAM ref #0)
t_wall=1785586283.923 t=715894570 W DAT 0x0C
t_wall=1785586283.928 t=715899568 W CMD 0x0C [DISP_CTRL disp=1 cur=0 blink=0]
t_wall=1785586284.292 # ALIVE us=716263765 ring_depth=0 drops=0
t_wall=1785586286.292 # ALIVE us=718263811 ring_depth=0 drops=0
t_wall=1785586288.291 # ALIVE us=720263857 ring_depth=0 drops=0
