t_wall=1785589098.543 # NOTE [recorder] connected /dev/ttyACM0
t_wall=1785589100.218 # ALIVE us=3532321573 ring_depth=0 drops=0
t_wall=1785589102.220 # ALIVE us=3534321622 ring_depth=0 drops=0
t_wall=1785589104.223 # ALIVE us=3536321669 ring_depth=0 drops=0
t_wall=1785589106.222 # ALIVE us=3538321715 ring_depth=0 drops=0
t_wall=1785589108.222 # ALIVE us=3540321761 ring_depth=0 drops=0
t_wall=1785589109.558 # NOTE part 1 at vol 95
t_wall=1785589110.220 # ALIVE us=3542321807 ring_depth=0 drops=0
t_wall=1785589112.220 # ALIVE us=3544321853 ring_depth=0 drops=0
t_wall=1785589114.223 # ALIVE us=3546321899 ring_depth=0 drops=0
t_wall=1785589116.217 # ALIVE us=3548321945 ring_depth=0 drops=0
t_wall=1785589118.217 # ALIVE us=3550321991 ring_depth=0 drops=0
t_wall=1785589120.217 # ALIVE us=3552322038 ring_depth=0 drops=0
t_wall=1785589122.217 # ALIVE us=3554322084 ring_depth=0 drops=0
t_wall=1785589124.217 # ALIVE us=3556322130 ring_depth=0 drops=0
t_wall=1785589126.200 t=3558305446 W CMD 0x68 [SET_CGRAM 0x28]
t_wall=1785589126.201 t=3558305504 W DAT 0x04 (CGRAM ref #4)
t_wall=1785589126.201 t=3558305542 W DAT 0x08
t_wall=1785589126.201 t=3558305595 W DAT 0x04 (CGRAM ref #4)
t_wall=1785589126.202 t=3558305633 W DAT 0x04 (CGRAM ref #4)
t_wall=1785589126.202 t=3558305671 W DAT 0x0C
t_wall=1785589126.204 t=3558309515 W DAT 0x04 (CGRAM ref #4)
t_wall=1785589126.204 t=3558309554 W DAT 0x04 (CGRAM ref #4)
t_wall=1785589126.205 t=3558309592 W DAT 0x0D
t_wall=1785589126.208 t=3558313244 W CMD 0x0C [DISP_CTRL disp=1 cur=0 blink=0]
t_wall=1785589126.217 # ALIVE us=3558322176 ring_depth=0 drops=0
t_wall=1785589128.217 # ALIVE us=3560322222 ring_depth=0 drops=0
t_wall=1785589130.217 # ALIVE us=3562322268 ring_depth=0 drops=0
t_wall=1785589130.383 t=3562488372 W CMD 0x68 [SET_CGRAM 0x28]
t_wall=1785589130.383 t=3562488459 W DAT 0x04 (CGRAM ref #4)
t_wall=1785589130.384 t=3562488497 W DAT 0x0C
t_wall=1785589130.387 t=3562492373 W DAT 0x04 (CGRAM ref #4)
t_wall=1785589130.387 t=3562492411 W DAT 0x00 (CGRAM ref #0)
t_wall=1785589130.387 t=3562492449 W DAT 0x0C
t_wall=1785589130.391 t=3562496282 W DAT 0x00 (CGRAM ref #0)
t_wall=1785589130.394 t=3562500100 W DAT 0x00 (CGRAM ref #0)
t_wall=1785589130.395 t=3562500139 W DAT 0x0D
t_wall=1785589130.401 t=3562506431 W CMD 0x0C [DISP_CTRL disp=1 cur=0 blink=0]
t_wall=1785589132.216 # ALIVE us=3564322314 ring_depth=0 drops=0
t_wall=1785589132.879 t=3564984168 W CMD 0x68 [SET_CGRAM 0x28]
t_wall=1785589132.879 t=3564984226 W DAT 0x04 (CGRAM ref #4)
t_wall=1785589132.880 t=3564984265 W DAT 0x08
t_wall=1785589132.882 t=3564988111 W DAT 0x04 (CGRAM ref #4)
t_wall=1785589132.883 t=3564988149 W DAT 0x04 (CGRAM ref #4)
t_wall=1785589132.883 t=3564988188 W DAT 0x0C
t_wall=1785589132.886 t=3564992004 W DAT 0x04 (CGRAM ref #4)
t_wall=1785589132.886 t=3564992042 W DAT 0x04 (CGRAM ref #4)
t_wall=1785589132.887 t=3564992080 W DAT 0x0D
t_wall=1785589132.893 t=3564998391 W CMD 0x0C [DISP_CTRL disp=1 cur=0 blink=0]
t_wall=1785589134.218 # ALIVE us=3566322360 ring_depth=0 drops=0
t_wall=1785589136.224 # ALIVE us=3568322406 ring_depth=0 drops=0
