t_wall=1785590946.105 # NOTE [recorder] connected /dev/ttyACM0
t_wall=1785590946.162 # ALIVE us=1083384855 ring_depth=0 drops=0
t_wall=1785590948.162 # ALIVE us=1085384906 ring_depth=0 drops=0
t_wall=1785590950.161 # ALIVE us=1087384953 ring_depth=0 drops=0
t_wall=1785590952.161 # ALIVE us=1089384999 ring_depth=0 drops=0
t_wall=1785590954.161 # ALIVE us=1091385045 ring_depth=0 drops=0
t_wall=1785590956.161 # ALIVE us=1093385091 ring_depth=0 drops=0
t_wall=1785590958.165 # ALIVE us=1095385137 ring_depth=0 drops=0
t_wall=1785590960.161 # ALIVE us=1097385183 ring_depth=0 drops=0
t_wall=1785590962.161 # ALIVE us=1099385229 ring_depth=0 drops=0
t_wall=1785590964.161 # ALIVE us=1101385275 ring_depth=0 drops=0
t_wall=1785590966.161 # ALIVE us=1103385321 ring_depth=0 drops=0
t_wall=1785590968.161 # ALIVE us=1105385367 ring_depth=0 drops=0
t_wall=1785590970.161 # ALIVE us=1107385413 ring_depth=0 drops=0
t_wall=1785590972.161 # ALIVE us=1109385459 ring_depth=0 drops=0
t_wall=1785590974.161 # ALIVE us=1111385505 ring_depth=0 drops=0
t_wall=1785590976.161 # ALIVE us=1113385551 ring_depth=0 drops=0
t_wall=1785590978.161 # ALIVE us=1115385597 ring_depth=0 drops=0
t_wall=1785590980.161 # ALIVE us=1117385643 ring_depth=0 drops=0
t_wall=1785590981.267 t=1118491968 W CMD 0x48 [SET_CGRAM 0x08]
t_wall=1785590981.267 t=1118492027 W DAT 0x0E
t_wall=1785590981.271 t=1118495886 W DAT 0x07 (CGRAM ref #7)
t_wall=1785590981.271 t=1118495924 W DAT 0x0E
t_wall=1785590981.275 t=1118499741 W DAT 0x0E
t_wall=1785590981.278 t=1118503559 W DAT 0x0D
t_wall=1785590981.282 t=1118507434 W DAT 0x02 (CGRAM ref #2)
t_wall=1785590981.282 t=1118507472 W DAT 0x00 (CGRAM ref #0)
t_wall=1785590981.286 t=1118511307 W DAT 0x0C
t_wall=1785590981.289 t=1118514473 W CMD 0x50 [SET_CGRAM 0x10]
t_wall=1785590981.290 t=1118514531 W DAT 0x00 (CGRAM ref #0)
t_wall=1785590981.290 t=1118514584 W DAT 0x00 (CGRAM ref #0)
t_wall=1785590981.290 t=1118514637 W DAT 0x00 (CGRAM ref #0)
t_wall=1785590981.291 t=1118514689 W DAT 0x00 (CGRAM ref #0)
t_wall=1785590981.291 t=1118514742 W DAT 0x00 (CGRAM ref #0)
t_wall=1785590981.291 t=1118514795 W DAT 0x00 (CGRAM ref #0)
t_wall=1785590981.292 t=1118514848 W DAT 0x09
t_wall=1785590981.292 t=1118514901 W DAT 0x00 (CGRAM ref #0)
t_wall=1785590981.292 t=1118514962 W CMD 0x0C [DISP_CTRL disp=1 cur=0 blink=0]
t_wall=1785590981.293 t=1118516270 W CMD 0x58 [SET_CGRAM 0x18]
t_wall=1785590981.293 t=1118516329 W DAT 0x00 (CGRAM ref #0)
t_wall=1785590981.293 t=1118516382 W DAT 0x00 (CGRAM ref #0)
t_wall=1785590981.295 t=1118520201 W DAT 0x00 (CGRAM ref #0)
t_wall=1785590981.299 t=1118524047 W DAT 0x00 (CGRAM ref #0)
t_wall=1785590981.299 t=1118524085 W DAT 0x00 (CGRAM ref #0)
t_wall=1785590981.303 t=1118527948 W DAT 0x00 (CGRAM ref #0)
t_wall=1785590981.307 t=1118531765 W DAT 0x10
t_wall=1785590981.311 t=1118535581 W DAT 0x00 (CGRAM ref #0)
t_wall=1785590981.313 t=1118537887 W CMD 0x60 [SET_CGRAM 0x20]
t_wall=1785590981.314 t=1118537946 W DAT 0x00 (CGRAM ref #0)
t_wall=1785590981.314 t=1118537999 W DAT 0x00 (CGRAM ref #0)
t_wall=1785590981.315 t=1118538052 W DAT 0x00 (CGRAM ref #0)
t_wall=1785590981.315 t=1118538104 W DAT 0x00 (CGRAM ref #0)
t_wall=1785590981.316 t=1118538172 W DAT 0x00 (CGRAM ref #0)
t_wall=1785590981.316 t=1118538224 W DAT 0x00 (CGRAM ref #0)
t_wall=1785590981.317 t=1118538278 W DAT 0x00 (CGRAM ref #0)
t_wall=1785590981.318 t=1118538330 W DAT 0x00 (CGRAM ref #0)
t_wall=1785590981.318 t=1118538392 W CMD 0x0C [DISP_CTRL disp=1 cur=0 blink=0]
t_wall=1785590981.319 t=1118539708 W CMD 0x68 [SET_CGRAM 0x28]
t_wall=1785590981.320 t=1118539766 W DAT 0x00 (CGRAM ref #0)
t_wall=1785590981.320 t=1118539819 W DAT 0x00 (CGRAM ref #0)
t_wall=1785590981.321 t=1118543651 W DAT 0x00 (CGRAM ref #0)
t_wall=1785590981.322 t=1118547469 W DAT 0x00 (CGRAM ref #0)
t_wall=1785590981.326 t=1118551315 W DAT 0x00 (CGRAM ref #0)
t_wall=1785590981.330 t=1118555163 W DAT 0x00 (CGRAM ref #0)
t_wall=1785590981.330 t=1118555201 W DAT 0x00 (CGRAM ref #0)
t_wall=1785590981.334 t=1118559062 W DAT 0x00 (CGRAM ref #0)
t_wall=1785590981.337 t=1118562195 W CMD 0x70 [SET_CGRAM 0x30]
t_wall=1785590981.338 t=1118562239 W DAT 0x00 (CGRAM ref #0)
t_wall=1785590981.338 t=1118562292 W DAT 0x00 (CGRAM ref #0)
t_wall=1785590981.339 t=1118562345 W DAT 0x00 (CGRAM ref #0)
t_wall=1785590981.339 t=1118562397 W DAT 0x00 (CGRAM ref #0)
t_wall=1785590981.340 t=1118562450 W DAT 0x00 (CGRAM ref #0)
t_wall=1785590981.341 t=1118562503 W DAT 0x00 (CGRAM ref #0)
t_wall=1785590981.341 t=1118562556 W DAT 0x00 (CGRAM ref #0)
t_wall=1785590981.341 t=1118562609 W DAT 0x00 (CGRAM ref #0)
t_wall=1785590981.342 t=1118562671 W CMD 0x0C [DISP_CTRL disp=1 cur=0 blink=0]
t_wall=1785590981.342 t=1118563949 W CMD 0x78 [SET_CGRAM 0x38]
t_wall=1785590981.342 t=1118564037 W DAT 0x00 (CGRAM ref #0)
t_wall=1785590981.342 t=1118564090 W DAT 0x00 (CGRAM ref #0)
t_wall=1785590981.343 t=1118567909 W DAT 0x00 (CGRAM ref #0)
t_wall=1785590981.346 t=1118571784 W DAT 0x00 (CGRAM ref #0)
t_wall=1785590981.347 t=1118571822 W DAT 0x00 (CGRAM ref #0)
t_wall=1785590981.350 t=1118575655 W DAT 0x00 (CGRAM ref #0)
t_wall=1785590981.354 t=1118579501 W DAT 0x00 (CGRAM ref #0)
t_wall=1785590981.355 t=1118579539 W DAT 0x0A
t_wall=1785590981.357 t=1118581800 W CMD 0x40 [SET_CGRAM 0x00]
t_wall=1785590981.357 t=1118581859 W DAT 0x00 (CGRAM ref #0)
t_wall=1785590981.357 t=1118581912 W DAT 0x00 (CGRAM ref #0)
t_wall=1785590981.358 t=1118581964 W DAT 0x00 (CGRAM ref #0)
t_wall=1785590981.358 t=1118582017 W DAT 0x00 (CGRAM ref #0)
t_wall=1785590981.358 t=1118582084 W DAT 0x00 (CGRAM ref #0)
t_wall=1785590981.359 t=1118582137 W DAT 0x00 (CGRAM ref #0)
t_wall=1785590981.359 t=1118582190 W DAT 0x00 (CGRAM ref #0)
t_wall=1785590981.359 t=1118582242 W DAT 0x04 (CGRAM ref #4)
t_wall=1785590981.360 t=1118582304 W CMD 0x0C [DISP_CTRL disp=1 cur=0 blink=0]
t_wall=1785590981.360 t=1118585129 W CMD 0x80 [SET_DDRAM 0x00]
t_wall=1785590981.365 t=1118590361 W DAT 0x4D 'M'
t_wall=1785590981.370 t=1118594969 W DAT 0x45 'E'
t_wall=1785590981.371 t=1118596351 W DAT 0x4D 'M'
t_wall=1785590981.376 t=1118601522 W DAT 0x26 '&'
t_wall=1785590981.378 t=1118602808 W DAT 0x43 'C'
t_wall=1785590981.380 t=1118604985 W DAT 0x4F 'O'
t_wall=1785590981.382 t=1118607515 W DAT 0x4E 'N'
t_wall=1785590981.385 t=1118610173 W DAT 0x54 'T'
t_wall=1785590981.386 t=1118611485 W DAT 0x52 'R'
t_wall=1785590981.387 t=1118612811 W DAT 0x4F 'O'
t_wall=1785590982.161 # ALIVE us=1119385689 ring_depth=0 drops=0
t_wall=1785590982.839 t=1120063795 W DAT 0x4C 'L'
t_wall=1785590984.080 t=1121304442 W CMD 0x40 [SET_CGRAM 0x00]
t_wall=1785590984.080 t=1121304544 W DAT 0x00 (CGRAM ref #0)
t_wall=1785590984.081 t=1121304597 W DAT 0x11
t_wall=1785590984.081 t=1121304650 W DAT 0x1F
t_wall=1785590984.082 t=1121304703 W DAT 0x1F
t_wall=1785590984.082 t=1121304770 W DAT 0x1F
t_wall=1785590984.082 t=1121304823 W DAT 0x1F
t_wall=1785590984.083 t=1121304875 W DAT 0x00 (CGRAM ref #0)
t_wall=1785590984.084 t=1121304928 W DAT 0x05 (CGRAM ref #5)
t_wall=1785590984.085 t=1121304992 W CMD 0x0C [DISP_CTRL disp=1 cur=0 blink=0]
t_wall=1785590984.086 t=1121308036 W CMD 0x48 [SET_CGRAM 0x08]
t_wall=1785590984.086 t=1121308094 W DAT 0x0C
t_wall=1785590984.087 t=1121308147 W DAT 0x04 (CGRAM ref #4)
t_wall=1785590984.087 t=1121308185 W DAT 0x0C
t_wall=1785590984.087 t=1121312017 W DAT 0x0C
t_wall=1785590984.090 t=1121315046 W DAT 0x0C
t_wall=1785590984.094 t=1121318891 W DAT 0x00 (CGRAM ref #0)
t_wall=1785590984.094 t=1121318930 W DAT 0x0C
t_wall=1785590984.097 t=1121322745 W DAT 0x0E
t_wall=1785590984.100 t=1121325074 W CMD 0x50 [SET_CGRAM 0x10]
t_wall=1785590984.100 t=1121325133 W DAT 0x0A
t_wall=1785590984.101 t=1121325185 W DAT 0x0F
t_wall=1785590984.101 t=1121325238 W DAT 0x08
t_wall=1785590984.102 t=1121325291 W DAT 0x02 (CGRAM ref #2)
t_wall=1785590984.102 t=1121325329 W DAT 0x0D
t_wall=1785590984.103 t=1121325396 W DAT 0x02 (CGRAM ref #2)
t_wall=1785590984.104 t=1121325435 W DAT 0x00 (CGRAM ref #0)
t_wall=1785590984.104 t=1121325473 W DAT 0x12
t_wall=1785590984.105 t=1121325534 W CMD 0x0C [DISP_CTRL disp=1 cur=0 blink=0]
t_wall=1785590984.106 t=1121326902 W CMD 0x58 [SET_CGRAM 0x18]
t_wall=1785590984.106 t=1121326961 W DAT 0x1C
t_wall=1785590984.107 t=1121327014 W DAT 0x1F
t_wall=1785590984.107 t=1121330874 W DAT 0x18
t_wall=1785590984.110 t=1121334691 W DAT 0x04 (CGRAM ref #4)
t_wall=1785590984.110 t=1121334729 W DAT 0x1F
t_wall=1785590984.113 t=1121338548 W DAT 0x18
t_wall=1785590984.117 t=1121342424 W DAT 0x07 (CGRAM ref #7)
t_wall=1785590984.118 t=1121342462 W DAT 0x1C
t_wall=1785590984.120 t=1121344669 W CMD 0x60 [SET_CGRAM 0x20]
t_wall=1785590984.120 t=1121344712 W DAT 0x00 (CGRAM ref #0)
t_wall=1785590984.121 t=1121344765 W DAT 0x1F
t_wall=1785590984.121 t=1121344818 W DAT 0x00 (CGRAM ref #0)
t_wall=1785590984.122 t=1121344870 W DAT 0x00 (CGRAM ref #0)
t_wall=1785590984.122 t=1121344923 W DAT 0x1F
t_wall=1785590984.123 t=1121344976 W DAT 0x00 (CGRAM ref #0)
t_wall=1785590984.123 t=1121345029 W DAT 0x00 (CGRAM ref #0)
t_wall=1785590984.123 t=1121345081 W DAT 0x00 (CGRAM ref #0)
t_wall=1785590984.124 t=1121345143 W CMD 0x0C [DISP_CTRL disp=1 cur=0 blink=0]
t_wall=1785590984.124 t=1121346462 W CMD 0x68 [SET_CGRAM 0x28]
t_wall=1785590984.125 t=1121346520 W DAT 0x0C
t_wall=1785590984.125 t=1121346573 W DAT 0x0C
t_wall=1785590984.125 t=1121350418 W DAT 0x04 (CGRAM ref #4)
t_wall=1785590984.126 t=1121350478 W DAT 0x0C
t_wall=1785590984.129 t=1121354297 W DAT 0x0C
t_wall=1785590984.133 t=1121358143 W DAT 0x04 (CGRAM ref #4)
t_wall=1785590984.134 t=1121358181 W DAT 0x0C
t_wall=1785590984.137 t=1121362044 W DAT 0x0D
t_wall=1785590984.140 t=1121364489 W CMD 0x70 [SET_CGRAM 0x30]
t_wall=1785590984.140 t=1121364547 W DAT 0x00 (CGRAM ref #0)
t_wall=1785590984.141 t=1121364608 W DAT 0x00 (CGRAM ref #0)
t_wall=1785590984.141 t=1121364678 W DAT 0x00 (CGRAM ref #0)
t_wall=1785590984.142 t=1121364731 W DAT 0x01 (CGRAM ref #1)
t_wall=1785590984.143 t=1121364783 W DAT 0x01 (CGRAM ref #1)
t_wall=1785590984.143 t=1121364842 W DAT 0x01 (CGRAM ref #1)
t_wall=1785590984.144 t=1121364895 W DAT 0x01 (CGRAM ref #1)
t_wall=1785590984.145 t=1121364948 W DAT 0x01 (CGRAM ref #1)
t_wall=1785590984.145 t=1121365009 W CMD 0x0C [DISP_CTRL disp=1 cur=0 blink=0]
t_wall=1785590984.146 t=1121366284 W CMD 0x78 [SET_CGRAM 0x38]
t_wall=1785590984.146 t=1121366372 W DAT 0x07 (CGRAM ref #7)
t_wall=1785590984.146 t=1121366410 W DAT 0x07 (CGRAM ref #7)
t_wall=1785590984.147 t=1121366448 W DAT 0x0C
t_wall=1785590984.147 t=1121370266 W DAT 0x1F
t_wall=1785590984.149 t=1121374144 W DAT 0x1F
t_wall=1785590984.153 t=1121377975 W DAT 0x1C
t_wall=1785590984.156 t=1121381793 W DAT 0x1F
t_wall=1785590984.160 t=1121385639 W DAT 0x1F
t_wall=1785590984.161 # ALIVE us=1121385736 ring_depth=0 drops=0
t_wall=1785590984.165 t=1121390344 W CMD 0x0C [DISP_CTRL disp=1 cur=0 blink=0]
t_wall=1785590984.172 t=1121397710 W CMD 0x80 [SET_DDRAM 0x00]
t_wall=1785590984.176 t=1121401549 W DAT 0x20 ' '
t_wall=1785590984.183 t=1121408860 W DAT 0x50 'P'
t_wall=1785590984.187 t=1121412730 W DAT 0x6F 'o'
t_wall=1785590984.191 t=1121416642 W DAT 0x70 'p'
t_wall=1785590984.196 t=1121421339 W DAT 0x20 ' '
t_wall=1785590984.197 t=1121422719 W DAT 0x47 'G'
t_wall=1785590984.199 t=1121424039 W DAT 0x72 'r'
t_wall=1785590984.200 t=1121425352 W DAT 0x61 'a'
t_wall=1785590984.203 t=1121427978 W DAT 0x6E 'n'
t_wall=1785590984.207 t=1121432605 W DAT 0x64 'd'
t_wall=1785590984.209 t=1121433907 W DAT 0x20 ' '
t_wall=1785590986.161 # ALIVE us=1123385784 ring_depth=0 drops=0
t_wall=1785590988.160 # ALIVE us=1125385832 ring_depth=0 drops=0
