t_wall=1785586569.129 # NOTE [recorder] connected /dev/ttyACM0
t_wall=1785586570.286 # ALIVE us=1002267824 ring_depth=0 drops=0
t_wall=1785586572.283 # ALIVE us=1004267875 ring_depth=0 drops=0
t_wall=1785586574.282 # ALIVE us=1006267923 ring_depth=0 drops=0
t_wall=1785586576.288 # ALIVE us=1008267970 ring_depth=0 drops=0
t_wall=1785586578.288 # ALIVE us=1010268015 ring_depth=0 drops=0
t_wall=1785586580.282 # ALIVE us=1012268061 ring_depth=0 drops=0
t_wall=1785586582.288 # ALIVE us=1014268107 ring_depth=0 drops=0
t_wall=1785586584.287 # ALIVE us=1016268152 ring_depth=0 drops=0
t_wall=1785586586.282 # ALIVE us=1018268198 ring_depth=0 drops=0
t_wall=1785586587.199 # NOTE sweeping part 7 down to min, up to max, back to min, and then up individual values to 10
t_wall=1785586588.282 # ALIVE us=1020268244 ring_depth=0 drops=0
t_wall=1785586590.282 # ALIVE us=1022268289 ring_depth=0 drops=0
t_wall=1785586592.282 # ALIVE us=1024268335 ring_depth=0 drops=0
t_wall=1785586594.282 # ALIVE us=1026268381 ring_depth=0 drops=0
t_wall=1785586596.281 # ALIVE us=1028268427 ring_depth=0 drops=0
t_wall=1785586598.282 # ALIVE us=1030268472 ring_depth=0 drops=0
t_wall=1785586600.282 # ALIVE us=1032268520 ring_depth=0 drops=0
t_wall=1785586602.281 # ALIVE us=1034268566 ring_depth=0 drops=0
t_wall=1785586602.555 t=1034539448 W CMD 0x58 [SET_CGRAM 0x18]
t_wall=1785586602.557 t=1034539507 W DAT 0x04 (CGRAM ref #4)
t_wall=1785586602.559 t=1034539545 W DAT 0x0C
t_wall=1785586602.561 t=1034543423 W DAT 0x04 (CGRAM ref #4)
t_wall=1785586602.563 t=1034543461 W DAT 0x00 (CGRAM ref #0)
t_wall=1785586602.564 t=1034543520 W DAT 0x0C
t_wall=1785586602.565 t=1034547353 W DAT 0x04 (CGRAM ref #4)
t_wall=1785586602.567 t=1034547391 W DAT 0x00 (CGRAM ref #0)
t_wall=1785586602.568 t=1034551210 W DAT 0x04 (CGRAM ref #4)
t_wall=1785586602.570 t=1034551390 W CMD 0x0C [DISP_CTRL disp=1 cur=0 blink=0]
t_wall=1785586602.931 t=1034918112 W CMD 0x58 [SET_CGRAM 0x18]
t_wall=1785586602.931 t=1034918170 W DAT 0x0C
t_wall=1785586602.931 t=1034918223 W DAT 0x04 (CGRAM ref #4)
t_wall=1785586602.931 t=1034918261 W DAT 0x0C
t_wall=1785586602.935 t=1034922079 W DAT 0x08
t_wall=1785586602.939 t=1034925953 W DAT 0x0C
t_wall=1785586602.943 t=1034929788 W DAT 0x04 (CGRAM ref #4)
t_wall=1785586602.943 t=1034929826 W DAT 0x00 (CGRAM ref #0)
t_wall=1785586602.946 t=1034933643 W DAT 0x0C
t_wall=1785586602.953 t=1034939912 W CMD 0x0C [DISP_CTRL disp=1 cur=0 blink=0]
t_wall=1785586603.014 t=1035001061 W CMD 0x58 [SET_CGRAM 0x18]
t_wall=1785586603.014 t=1035001149 W DAT 0x0C
t_wall=1785586603.014 t=1035001225 W DAT 0x0C
t_wall=1785586603.018 t=1035005072 W DAT 0x0C
t_wall=1785586603.022 t=1035008906 W DAT 0x08
t_wall=1785586603.025 t=1035012752 W DAT 0x0C
t_wall=1785586603.029 t=1035016568 W DAT 0x04 (CGRAM ref #4)
t_wall=1785586603.030 t=1035016606 W DAT 0x00 (CGRAM ref #0)
t_wall=1785586603.033 t=1035020483 W DAT 0x0C
t_wall=1785586603.039 t=1035026245 W CMD 0x0C [DISP_CTRL disp=1 cur=0 blink=0]
t_wall=1785586603.091 t=1035077945 W CMD 0x58 [SET_CGRAM 0x18]
t_wall=1785586603.091 t=1035078004 W DAT 0x0C
t_wall=1785586603.091 t=1035078056 W DAT 0x1C
t_wall=1785586603.094 t=1035081904 W DAT 0x04 (CGRAM ref #4)
t_wall=1785586603.095 t=1035081942 W DAT 0x08
t_wall=1785586603.098 t=1035085803 W DAT 0x1C
t_wall=1785586603.102 t=1035089621 W DAT 0x04 (CGRAM ref #4)
t_wall=1785586603.102 t=1035089660 W DAT 0x00 (CGRAM ref #0)
t_wall=1785586603.106 t=1035093476 W DAT 0x0C
t_wall=1785586603.112 t=1035098444 W CMD 0x0C [DISP_CTRL disp=1 cur=0 blink=0]
t_wall=1785586603.174 t=1035160939 W CMD 0x58 [SET_CGRAM 0x18]
t_wall=1785586603.174 t=1035160997 W DAT 0x0C
t_wall=1785586603.175 t=1035161050 W DAT 0x1C
t_wall=1785586603.178 t=1035164882 W DAT 0x0C
t_wall=1785586603.182 t=1035168700 W DAT 0x00 (CGRAM ref #0)
t_wall=1785586603.182 t=1035168738 W DAT 0x1C
t_wall=1785586603.185 t=1035172601 W DAT 0x04 (CGRAM ref #4)
t_wall=1785586603.186 t=1035172639 W DAT 0x00 (CGRAM ref #0)
t_wall=1785586603.189 t=1035176488 W DAT 0x04 (CGRAM ref #4)
t_wall=1785586603.189 t=1035176668 W CMD 0x0C [DISP_CTRL disp=1 cur=0 blink=0]
t_wall=1785586603.257 t=1035243914 W CMD 0x58 [SET_CGRAM 0x18]
t_wall=1785586603.257 t=1035243973 W DAT 0x14
t_wall=1785586603.258 t=1035244011 W DAT 0x1C
t_wall=1785586603.261 t=1035247829 W DAT 0x04 (CGRAM ref #4)
t_wall=1785586603.261 t=1035247867 W DAT 0x10
t_wall=1785586603.264 t=1035251682 W DAT 0x0C
t_wall=1785586603.268 t=1035255560 W DAT 0x14
t_wall=1785586603.268 t=1035255598 W DAT 0x00 (CGRAM ref #0)
t_wall=1785586603.272 t=1035259432 W DAT 0x14
t_wall=1785586603.272 t=1035259613 W CMD 0x0C [DISP_CTRL disp=1 cur=0 blink=0]
t_wall=1785586603.335 t=1035321793 W CMD 0x78 [SET_CGRAM 0x38]
t_wall=1785586603.335 t=1035321851 W DAT 0x07 (CGRAM ref #7)
t_wall=1785586603.335 t=1035321890 W DAT 0x07 (CGRAM ref #7)
t_wall=1785586603.336 t=1035321928 W DAT 0x07 (CGRAM ref #7)
t_wall=1785586603.336 t=1035321966 W DAT 0x00 (CGRAM ref #0)
t_wall=1785586603.339 t=1035325799 W DAT 0x07 (CGRAM ref #7)
t_wall=1785586603.339 t=1035325838 W DAT 0x07 (CGRAM ref #7)
t_wall=1785586603.339 t=1035325876 W DAT 0x17
t_wall=1785586603.340 t=1035325914 W DAT 0x1F
t_wall=1785586603.345 t=1035332078 W CMD 0x58 [SET_CGRAM 0x18]
t_wall=1785586603.345 t=1035332137 W DAT 0x1C
t_wall=1785586603.345 t=1035332190 W DAT 0x14
t_wall=1785586603.345 t=1035332228 W DAT 0x0C
t_wall=1785586603.349 t=1035336078 W DAT 0x18
t_wall=1785586603.352 t=1035339938 W DAT 0x0C
t_wall=1785586603.356 t=1035343755 W DAT 0x14
t_wall=1785586603.357 t=1035343794 W DAT 0x00 (CGRAM ref #0)
t_wall=1785586603.360 t=1035347613 W DAT 0x1C
t_wall=1785586603.365 t=1035352598 W CMD 0x0C [DISP_CTRL disp=1 cur=0 blink=0]
t_wall=1785586603.417 t=1035404227 W CMD 0x58 [SET_CGRAM 0x18]
t_wall=1785586603.418 t=1035404286 W DAT 0x1C
t_wall=1785586603.418 t=1035404338 W DAT 0x1C
t_wall=1785586603.421 t=1035408155 W DAT 0x0C
t_wall=1785586603.425 t=1035411973 W DAT 0x18
t_wall=1785586603.428 t=1035415871 W DAT 0x0C
t_wall=1785586603.432 t=1035419705 W DAT 0x14
t_wall=1785586603.433 t=1035419743 W DAT 0x00 (CGRAM ref #0)
t_wall=1785586603.433 t=1035419781 W DAT 0x1C
t_wall=1785586603.438 t=1035424773 W CMD 0x0C [DISP_CTRL disp=1 cur=0 blink=0]
t_wall=1785586603.501 t=1035488133 W CMD 0x58 [SET_CGRAM 0x18]
t_wall=1785586603.502 t=1035488191 W DAT 0x1C
t_wall=1785586603.502 t=1035488244 W DAT 0x1C
t_wall=1785586603.505 t=1035492062 W DAT 0x04 (CGRAM ref #4)
t_wall=1785586603.505 t=1035492100 W DAT 0x18
t_wall=1785586603.509 t=1035495949 W DAT 0x1C
t_wall=1785586603.513 t=1035499810 W DAT 0x04 (CGRAM ref #4)
t_wall=1785586603.513 t=1035499848 W DAT 0x00 (CGRAM ref #0)
t_wall=1785586603.516 t=1035503664 W DAT 0x1C
t_wall=1785586603.522 t=1035508586 W CMD 0x0C [DISP_CTRL disp=1 cur=0 blink=0]
t_wall=1785586603.575 t=1035560390 W CMD 0x58 [SET_CGRAM 0x18]
t_wall=1785586603.576 t=1035560449 W DAT 0x1C
t_wall=1785586603.577 t=1035560502 W DAT 0x1C
t_wall=1785586603.578 t=1035564345 W DAT 0x0C
t_wall=1785586603.581 t=1035568161 W DAT 0x10
t_wall=1785586603.585 t=1035572011 W DAT 0x1C
t_wall=1785586603.589 t=1035575895 W DAT 0x04 (CGRAM ref #4)
t_wall=1785586603.590 t=1035575933 W DAT 0x00 (CGRAM ref #0)
t_wall=1785586603.590 t=1035575971 W DAT 0x14
t_wall=1785586603.592 t=1035576151 W CMD 0x0C [DISP_CTRL disp=1 cur=0 blink=0]
t_wall=1785586603.656 t=1035643247 W CMD 0x58 [SET_CGRAM 0x18]
t_wall=1785586603.657 t=1035643305 W DAT 0x04 (CGRAM ref #4)
t_wall=1785586603.657 t=1035643343 W DAT 0x1C
t_wall=1785586603.660 t=1035647189 W DAT 0x14
t_wall=1785586603.661 t=1035647227 W DAT 0x10
t_wall=1785586603.664 t=1035651076 W DAT 0x1C
t_wall=1785586603.668 t=1035654851 W DAT 0x04 (CGRAM ref #4)
t_wall=1785586603.668 t=1035654947 W DAT 0x00 (CGRAM ref #0)
t_wall=1785586603.671 t=1035658751 W DAT 0x04 (CGRAM ref #4)
t_wall=1785586603.672 t=1035658973 W CMD 0x0C [DISP_CTRL disp=1 cur=0 blink=0]
t_wall=1785586603.739 t=1035726090 W CMD 0x58 [SET_CGRAM 0x18]
t_wall=1785586603.739 t=1035726190 W DAT 0x0C
t_wall=1785586603.739 t=1035726243 W DAT 0x14
t_wall=1785586603.739 t=1035726281 W DAT 0x1C
t_wall=1785586603.743 t=1035730057 W DAT 0x18
t_wall=1785586603.747 t=1035733956 W DAT 0x1C
t_wall=1785586603.751 t=1035737791 W DAT 0x04 (CGRAM ref #4)
t_wall=1785586603.752 t=1035737829 W DAT 0x00 (CGRAM ref #0)
t_wall=1785586603.754 t=1035741645 W DAT 0x0C
t_wall=1785586603.763 t=1035750061 W CMD 0x0C [DISP_CTRL disp=1 cur=0 blink=0]
t_wall=1785586603.812 t=1035799223 W CMD 0x58 [SET_CGRAM 0x18]
t_wall=1785586603.812 t=1035799281 W DAT 0x0C
t_wall=1785586603.813 t=1035799334 W DAT 0x1C
t_wall=1785586603.816 t=1035803152 W DAT 0x1C
t_wall=1785586603.820 t=1035806996 W DAT 0x18
t_wall=1785586603.823 t=1035810845 W DAT 0x1C
t_wall=1785586603.827 t=1035814679 W DAT 0x04 (CGRAM ref #4)
t_wall=1785586603.828 t=1035814717 W DAT 0x00 (CGRAM ref #0)
t_wall=1785586603.828 t=1035814755 W DAT 0x0C
t_wall=1785586603.831 t=1035818386 W CMD 0x0C [DISP_CTRL disp=1 cur=0 blink=0]
t_wall=1785586603.834 t=1035820920 W CMD 0x78 [SET_CGRAM 0x38]
t_wall=1785586603.834 t=1035820978 W DAT 0x07 (CGRAM ref #7)
t_wall=1785586603.834 t=1035821016 W DAT 0x07 (CGRAM ref #7)
t_wall=1785586603.835 t=1035821054 W DAT 0x07 (CGRAM ref #7)
t_wall=1785586603.835 t=1035821092 W DAT 0x00 (CGRAM ref #0)
t_wall=1785586603.836 t=1035821172 W DAT 0x07 (CGRAM ref #7)
t_wall=1785586603.836 t=1035821210 W DAT 0x17
t_wall=1785586603.836 t=1035821249 W DAT 0x17
t_wall=1785586603.836 t=1035821287 W DAT 0x1F
t_wall=1785586603.842 t=1035828675 W CMD 0x0C [DISP_CTRL disp=1 cur=0 blink=0]
t_wall=1785586603.896 t=1035882934 W CMD 0x58 [SET_CGRAM 0x18]
t_wall=1785586603.896 t=1035882993 W DAT 0x1C
t_wall=1785586603.896 t=1035883045 W DAT 0x0C
t_wall=1785586603.899 t=1035886861 W DAT 0x14
t_wall=1785586603.899 t=1035886899 W DAT 0x18
t_wall=1785586603.903 t=1035890746 W DAT 0x1C
t_wall=1785586603.907 t=1035894610 W DAT 0x04 (CGRAM ref #4)
t_wall=1785586603.907 t=1035894648 W DAT 0x00 (CGRAM ref #0)
t_wall=1785586603.911 t=1035898463 W DAT 0x1C
t_wall=1785586603.917 t=1035904733 W CMD 0x0C [DISP_CTRL disp=1 cur=0 blink=0]
t_wall=1785586603.979 t=1035965967 W CMD 0x58 [SET_CGRAM 0x18]
t_wall=1785586603.979 t=1035966026 W DAT 0x1C
t_wall=1785586603.979 t=1035966079 W DAT 0x0C
t_wall=1785586603.983 t=1035969926 W DAT 0x1C
t_wall=1785586603.986 t=1035973781 W DAT 0x10
t_wall=1785586603.990 t=1035977626 W DAT 0x1C
t_wall=1785586603.994 t=1035981446 W DAT 0x04 (CGRAM ref #4)
t_wall=1785586603.995 t=1035981484 W DAT 0x00 (CGRAM ref #0)
t_wall=1785586603.998 t=1035985331 W DAT 0x14
t_wall=1785586603.999 t=1035985511 W CMD 0x0C [DISP_CTRL disp=1 cur=0 blink=0]
t_wall=1785586604.066 t=1036053576 W CMD 0x58 [SET_CGRAM 0x18]
t_wall=1785586604.067 t=1036053634 W DAT 0x14
t_wall=1785586604.067 t=1036053672 W DAT 0x0C
t_wall=1785586604.070 t=1036057490 W DAT 0x14
t_wall=1785586604.070 t=1036057528 W DAT 0x10
t_wall=1785586604.074 t=1036061375 W DAT 0x1C
t_wall=1785586604.078 t=1036065221 W DAT 0x14
t_wall=1785586604.078 t=1036065259 W DAT 0x00 (CGRAM ref #0)
t_wall=1785586604.082 t=1036069092 W DAT 0x14
t_wall=1785586604.082 t=1036069272 W CMD 0x0C [DISP_CTRL disp=1 cur=0 blink=0]
t_wall=1785586604.138 t=1036125599 W CMD 0x58 [SET_CGRAM 0x18]
t_wall=1785586604.139 t=1036125657 W DAT 0x1C
t_wall=1785586604.139 t=1036125710 W DAT 0x04 (CGRAM ref #4)
t_wall=1785586604.139 t=1036125748 W DAT 0x1C
t_wall=1785586604.142 t=1036129598 W DAT 0x18
t_wall=1785586604.146 t=1036133429 W DAT 0x1C
t_wall=1785586604.150 t=1036137274 W DAT 0x14
t_wall=1785586604.151 t=1036137312 W DAT 0x00 (CGRAM ref #0)
t_wall=1785586604.151 t=1036137351 W DAT 0x1C
t_wall=1785586604.154 t=1036140972 W CMD 0x0C [DISP_CTRL disp=1 cur=0 blink=0]
t_wall=1785586604.223 t=1036209797 W CMD 0x78 [SET_CGRAM 0x38]
t_wall=1785586604.223 t=1036209856 W DAT 0x07 (CGRAM ref #7)
t_wall=1785586604.223 t=1036209894 W DAT 0x07 (CGRAM ref #7)
t_wall=1785586604.224 t=1036209932 W DAT 0x07 (CGRAM ref #7)
t_wall=1785586604.224 t=1036209970 W DAT 0x00 (CGRAM ref #0)
t_wall=1785586604.226 t=1036213787 W DAT 0x17
t_wall=1785586604.227 t=1036213825 W DAT 0x17
t_wall=1785586604.227 t=1036213863 W DAT 0x17
t_wall=1785586604.227 t=1036213902 W DAT 0x1F
t_wall=1785586604.233 t=1036220048 W CMD 0x58 [SET_CGRAM 0x18]
t_wall=1785586604.233 t=1036220107 W DAT 0x1C
t_wall=1785586604.233 t=1036220159 W DAT 0x0C
t_wall=1785586604.237 t=1036224009 W DAT 0x1C
t_wall=1785586604.240 t=1036227841 W DAT 0x18
t_wall=1785586604.244 t=1036231686 W DAT 0x1C
t_wall=1785586604.248 t=1036235504 W DAT 0x14
t_wall=1785586604.249 t=1036235542 W DAT 0x00 (CGRAM ref #0)
t_wall=1785586604.252 t=1036239391 W DAT 0x1C
t_wall=1785586604.260 t=1036246825 W CMD 0x0C [DISP_CTRL disp=1 cur=0 blink=0]
t_wall=1785586604.281 # ALIVE us=1036268611 ring_depth=0 drops=0
t_wall=1785586604.309 t=1036296048 W CMD 0x58 [SET_CGRAM 0x18]
t_wall=1785586604.309 t=1036296107 W DAT 0x1C
t_wall=1785586604.313 t=1036299923 W DAT 0x1C
t_wall=1785586604.316 t=1036303772 W DAT 0x14
t_wall=1785586604.317 t=1036303811 W DAT 0x08
t_wall=1785586604.320 t=1036307671 W DAT 0x1C
t_wall=1785586604.325 t=1036311488 W DAT 0x04 (CGRAM ref #4)
t_wall=1785586604.326 t=1036311526 W DAT 0x00 (CGRAM ref #0)
t_wall=1785586604.326 t=1036311564 W DAT 0x0C
t_wall=1785586604.330 t=1036316588 W CMD 0x0C [DISP_CTRL disp=1 cur=0 blink=0]
t_wall=1785586604.392 t=1036378962 W CMD 0x58 [SET_CGRAM 0x18]
t_wall=1785586604.392 t=1036379020 W DAT 0x1C
t_wall=1785586604.392 t=1036379073 W DAT 0x1C
t_wall=1785586604.393 t=1036380962 W DAT 0x1C
t_wall=1785586604.398 t=1036384812 W DAT 0x00 (CGRAM ref #0)
t_wall=1785586604.401 t=1036388653 W DAT 0x1C
t_wall=1785586604.405 t=1036392497 W DAT 0x04 (CGRAM ref #4)
t_wall=1785586604.406 t=1036392535 W DAT 0x00 (CGRAM ref #0)
t_wall=1785586604.409 t=1036396384 W DAT 0x04 (CGRAM ref #4)
t_wall=1785586604.410 t=1036396563 W CMD 0x0C [DISP_CTRL disp=1 cur=0 blink=0]
t_wall=1785586604.466 t=1036453826 W CMD 0x58 [SET_CGRAM 0x18]
t_wall=1785586604.467 t=1036453884 W DAT 0x14
t_wall=1785586604.467 t=1036453922 W DAT 0x1C
t_wall=1785586604.467 t=1036453975 W DAT 0x14
t_wall=1785586604.467 t=1036454013 W DAT 0x10
t_wall=1785586604.467 t=1036454051 W DAT 0x1C
t_wall=1785586604.471 t=1036457867 W DAT 0x14
t_wall=1785586604.471 t=1036457905 W DAT 0x00 (CGRAM ref #0)
t_wall=1785586604.475 t=1036461753 W DAT 0x14
t_wall=1785586604.476 t=1036461932 W CMD 0x0C [DISP_CTRL disp=1 cur=0 blink=0]
t_wall=1785586604.555 t=1036539969 W CMD 0x58 [SET_CGRAM 0x18]
t_wall=1785586604.556 t=1036540028 W DAT 0x1C
t_wall=1785586604.557 t=1036540080 W DAT 0x14
t_wall=1785586604.558 t=1036540118 W DAT 0x1C
t_wall=1785586604.559 t=1036543952 W DAT 0x18
t_wall=1785586604.561 t=1036547770 W DAT 0x1C
t_wall=1785586604.565 t=1036551614 W DAT 0x14
t_wall=1785586604.566 t=1036551652 W DAT 0x00 (CGRAM ref #0)
t_wall=1785586604.566 t=1036551690 W DAT 0x1C
t_wall=1785586604.568 t=1036554556 W CMD 0x0C [DISP_CTRL disp=1 cur=0 blink=0]
t_wall=1785586604.632 t=1036619073 W CMD 0x58 [SET_CGRAM 0x18]
t_wall=1785586604.632 t=1036619161 W DAT 0x1C
t_wall=1785586604.632 t=1036619213 W DAT 0x1C
t_wall=1785586604.636 t=1036623048 W DAT 0x1C
t_wall=1785586604.640 t=1036626894 W DAT 0x18
t_wall=1785586604.643 t=1036630710 W DAT 0x1C
t_wall=1785586604.647 t=1036634585 W DAT 0x14
t_wall=1785586604.648 t=1036634623 W DAT 0x00 (CGRAM ref #0)
t_wall=1785586604.648 t=1036634662 W DAT 0x1C
t_wall=1785586604.651 t=1036638316 W CMD 0x0C [DISP_CTRL disp=1 cur=0 blink=0]
t_wall=1785586604.704 t=1036691252 W CMD 0x58 [SET_CGRAM 0x18]
t_wall=1785586604.704 t=1036691311 W DAT 0x1C
t_wall=1785586604.704 t=1036691363 W DAT 0x1C
t_wall=1785586604.708 t=1036695180 W DAT 0x14
t_wall=1785586604.708 t=1036695218 W DAT 0x18
t_wall=1785586604.711 t=1036699095 W DAT 0x1C
t_wall=1785586604.715 t=1036702929 W DAT 0x04 (CGRAM ref #4)
t_wall=1785586604.716 t=1036702967 W DAT 0x00 (CGRAM ref #0)
t_wall=1785586604.719 t=1036706805 W DAT 0x1C
t_wall=1785586604.726 t=1036713059 W CMD 0x78 [SET_CGRAM 0x38]
t_wall=1785586604.726 t=1036713117 W DAT 0x07 (CGRAM ref #7)
t_wall=1785586604.726 t=1036713155 W DAT 0x07 (CGRAM ref #7)
t_wall=1785586604.726 t=1036713194 W DAT 0x07 (CGRAM ref #7)
t_wall=1785586604.727 t=1036713232 W DAT 0x10
t_wall=1785586604.729 t=1036717087 W DAT 0x17
t_wall=1785586604.730 t=1036717125 W DAT 0x17
t_wall=1785586604.730 t=1036717164 W DAT 0x17
t_wall=1785586604.730 t=1036717202 W DAT 0x1F
t_wall=1785586604.735 t=1036722060 W CMD 0x0C [DISP_CTRL disp=1 cur=0 blink=0]
t_wall=1785586604.792 t=1036779613 W CMD 0x58 [SET_CGRAM 0x18]
t_wall=1785586604.793 t=1036779671 W DAT 0x1C
t_wall=1785586604.793 t=1036779725 W DAT 0x1C
t_wall=1785586604.796 t=1036783571 W DAT 0x1C
t_wall=1785586604.800 t=1036787389 W DAT 0x10
t_wall=1785586604.804 t=1036791236 W DAT 0x1C
t_wall=1785586604.808 t=1036795121 W DAT 0x04 (CGRAM ref #4)
t_wall=1785586604.808 t=1036795159 W DAT 0x00 (CGRAM ref #0)
t_wall=1785586604.812 t=1036798974 W DAT 0x14
t_wall=1785586604.812 t=1036799177 W CMD 0x0C [DISP_CTRL disp=1 cur=0 blink=0]
t_wall=1785586604.870 t=1036856966 W CMD 0x50 [SET_CGRAM 0x10]
t_wall=1785586604.870 t=1036857024 W DAT 0x08
t_wall=1785586604.870 t=1036857077 W DAT 0x09
t_wall=1785586604.871 t=1036857130 W DAT 0x08
t_wall=1785586604.871 t=1036857183 W DAT 0x00 (CGRAM ref #0)
t_wall=1785586604.871 t=1036857250 W DAT 0x09
t_wall=1785586604.872 t=1036857303 W DAT 0x08
t_wall=1785586604.872 t=1036857356 W DAT 0x00 (CGRAM ref #0)
t_wall=1785586604.872 t=1036857409 W DAT 0x18
t_wall=1785586604.873 t=1036859718 W CMD 0x58 [SET_CGRAM 0x18]
t_wall=1785586604.873 t=1036859806 W DAT 0x14
t_wall=1785586604.873 t=1036859844 W DAT 0x1C
t_wall=1785586604.874 t=1036859897 W DAT 0x14
t_wall=1785586604.874 t=1036859936 W DAT 0x00 (CGRAM ref #0)
t_wall=1785586604.876 t=1036863754 W DAT 0x1C
t_wall=1785586604.880 t=1036867601 W DAT 0x14
t_wall=1785586604.880 t=1036867639 W DAT 0x00 (CGRAM ref #0)
t_wall=1785586604.884 t=1036871486 W DAT 0x14
t_wall=1785586604.884 t=1036871666 W CMD 0x0C [DISP_CTRL disp=1 cur=0 blink=0]
t_wall=1785586604.956 t=1036938837 W CMD 0x58 [SET_CGRAM 0x18]
t_wall=1785586604.959 t=1036938924 W DAT 0x1C
t_wall=1785586604.961 t=1036938977 W DAT 0x14
t_wall=1785586604.963 t=1036939015 W DAT 0x1C
t_wall=1785586604.966 t=1036942884 W DAT 0x08
t_wall=1785586604.969 t=1036946699 W DAT 0x1C
t_wall=1785586604.971 t=1036950547 W DAT 0x14
t_wall=1785586604.974 t=1036950585 W DAT 0x00 (CGRAM ref #0)
t_wall=1785586604.976 t=1036954448 W DAT 0x1C
t_wall=1785586604.981 t=1036960613 W CMD 0x0C [DISP_CTRL disp=1 cur=0 blink=0]
t_wall=1785586605.025 t=1037011072 W CMD 0x58 [SET_CGRAM 0x18]
t_wall=1785586605.026 t=1037011131 W DAT 0x1C
t_wall=1785586605.027 t=1037011183 W DAT 0x1C
t_wall=1785586605.028 t=1037015031 W DAT 0x1C
t_wall=1785586605.032 t=1037018894 W DAT 0x08
t_wall=1785586605.035 t=1037022709 W DAT 0x1C
t_wall=1785586605.039 t=1037026527 W DAT 0x14
t_wall=1785586605.040 t=1037026565 W DAT 0x00 (CGRAM ref #0)
t_wall=1785586605.043 t=1037030442 W DAT 0x1C
t_wall=1785586605.050 t=1037035416 W CMD 0x0C [DISP_CTRL disp=1 cur=0 blink=0]
t_wall=1785586605.111 t=1037097898 W CMD 0x58 [SET_CGRAM 0x18]
t_wall=1785586605.111 t=1037097957 W DAT 0x0C
t_wall=1785586605.112 t=1037098010 W DAT 0x1C
t_wall=1785586605.115 t=1037101853 W DAT 0x04 (CGRAM ref #4)
t_wall=1785586605.115 t=1037101892 W DAT 0x08
t_wall=1785586605.118 t=1037105710 W DAT 0x1C
t_wall=1785586605.122 t=1037109559 W DAT 0x04 (CGRAM ref #4)
t_wall=1785586605.123 t=1037109598 W DAT 0x00 (CGRAM ref #0)
t_wall=1785586605.126 t=1037113458 W DAT 0x0C
t_wall=1785586605.131 t=1037118428 W CMD 0x0C [DISP_CTRL disp=1 cur=0 blink=0]
t_wall=1785586605.189 t=1037175964 W CMD 0x78 [SET_CGRAM 0x38]
t_wall=1785586605.190 t=1037176052 W DAT 0x07 (CGRAM ref #7)
t_wall=1785586605.190 t=1037176090 W DAT 0x07 (CGRAM ref #7)
t_wall=1785586605.191 t=1037176128 W DAT 0x17
t_wall=1785586605.191 t=1037176167 W DAT 0x10
t_wall=1785586605.193 t=1037179983 W DAT 0x17
t_wall=1785586605.193 t=1037180021 W DAT 0x17
t_wall=1785586605.193 t=1037180059 W DAT 0x17
t_wall=1785586605.194 t=1037180097 W DAT 0x1F
t_wall=1785586605.198 t=1037184925 W CMD 0x0C [DISP_CTRL disp=1 cur=0 blink=0]
t_wall=1785586605.199 t=1037186235 W CMD 0x58 [SET_CGRAM 0x18]
t_wall=1785586605.199 t=1037186322 W DAT 0x0C
t_wall=1785586605.199 t=1037186375 W DAT 0x1C
t_wall=1785586605.203 t=1037190225 W DAT 0x0C
t_wall=1785586605.207 t=1037194057 W DAT 0x00 (CGRAM ref #0)
t_wall=1785586605.210 t=1037197902 W DAT 0x1C
t_wall=1785586605.214 t=1037201720 W DAT 0x04 (CGRAM ref #4)
t_wall=1785586605.215 t=1037201758 W DAT 0x00 (CGRAM ref #0)
t_wall=1785586605.218 t=1037205606 W DAT 0x04 (CGRAM ref #4)
t_wall=1785586605.219 t=1037205785 W CMD 0x0C [DISP_CTRL disp=1 cur=0 blink=0]
t_wall=1785586605.275 t=1037262223 W CMD 0x58 [SET_CGRAM 0x18]
t_wall=1785586605.275 t=1037262311 W DAT 0x14
t_wall=1785586605.275 t=1037262350 W DAT 0x1C
t_wall=1785586605.279 t=1037266198 W DAT 0x04 (CGRAM ref #4)
t_wall=1785586605.279 t=1037266236 W DAT 0x10
t_wall=1785586605.283 t=1037270071 W DAT 0x0C
t_wall=1785586605.286 t=1037273914 W DAT 0x14
t_wall=1785586605.287 t=1037273952 W DAT 0x00 (CGRAM ref #0)
t_wall=1785586605.287 t=1037273990 W DAT 0x14
t_wall=1785586605.288 t=1037274170 W CMD 0x0C [DISP_CTRL disp=1 cur=0 blink=0]
t_wall=1785586605.354 t=1037341376 W CMD 0x58 [SET_CGRAM 0x18]
t_wall=1785586605.354 t=1037341434 W DAT 0x1C
t_wall=1785586605.354 t=1037341487 W DAT 0x14
t_wall=1785586605.355 t=1037341525 W DAT 0x0C
t_wall=1785586605.358 t=1037345401 W DAT 0x18
t_wall=1785586605.360 t=1037347394 W DAT 0x0C
t_wall=1785586605.364 t=1037351248 W DAT 0x14
t_wall=1785586605.364 t=1037351286 W DAT 0x00 (CGRAM ref #0)
t_wall=1785586605.364 t=1037351325 W DAT 0x1C
t_wall=1785586605.377 t=1037363402 W CMD 0x0C [DISP_CTRL disp=1 cur=0 blink=0]
t_wall=1785586605.432 t=1037418830 W CMD 0x58 [SET_CGRAM 0x18]
t_wall=1785586605.432 t=1037418889 W DAT 0x1C
t_wall=1785586605.432 t=1037418942 W DAT 0x1C
t_wall=1785586605.435 t=1037422809 W DAT 0x0C
t_wall=1785586605.439 t=1037426657 W DAT 0x10
t_wall=1785586605.443 t=1037430518 W DAT 0x0C
t_wall=1785586605.447 t=1037434336 W DAT 0x14
t_wall=1785586605.447 t=1037434374 W DAT 0x00 (CGRAM ref #0)
t_wall=1785586605.447 t=1037434412 W DAT 0x14
t_wall=1785586605.447 t=1037434592 W CMD 0x0C [DISP_CTRL disp=1 cur=0 blink=0]
t_wall=1785586606.281 # ALIVE us=1038268657 ring_depth=0 drops=0
t_wall=1785586608.281 # ALIVE us=1040268704 ring_depth=0 drops=0
t_wall=1785586610.281 # ALIVE us=1042268750 ring_depth=0 drops=0
t_wall=1785586612.281 # ALIVE us=1044268796 ring_depth=0 drops=0
t_wall=1785586613.858 t=1045845823 W CMD 0x58 [SET_CGRAM 0x18]
t_wall=1785586613.858 t=1045845882 W DAT 0x1C
t_wall=1785586613.858 t=1045845935 W DAT 0x14
t_wall=1785586613.859 t=1045845973 W DAT 0x0C
t_wall=1785586613.862 t=1045849849 W DAT 0x18
t_wall=1785586613.866 t=1045853681 W DAT 0x0C
t_wall=1785586613.869 t=1045857500 W DAT 0x1C
t_wall=1785586613.873 t=1045861343 W DAT 0x00 (CGRAM ref #0)
t_wall=1785586613.877 t=1045865192 W DAT 0x1C
t_wall=1785586613.882 t=1045870158 W CMD 0x0C [DISP_CTRL disp=1 cur=0 blink=0]
t_wall=1785586614.245 t=1046233001 W CMD 0x58 [SET_CGRAM 0x18]
t_wall=1785586614.246 t=1046233060 W DAT 0x1C
t_wall=1785586614.246 t=1046233113 W DAT 0x1C
t_wall=1785586614.249 t=1046236930 W DAT 0x04 (CGRAM ref #4)
t_wall=1785586614.250 t=1046236968 W DAT 0x18
t_wall=1785586614.253 t=1046240786 W DAT 0x04 (CGRAM ref #4)
t_wall=1785586614.254 t=1046240824 W DAT 0x1C
t_wall=1785586614.257 t=1046244699 W DAT 0x00 (CGRAM ref #0)
t_wall=1785586614.261 t=1046248532 W DAT 0x1C
t_wall=1785586614.266 t=1046253421 W CMD 0x0C [DISP_CTRL disp=1 cur=0 blink=0]
t_wall=1785586614.281 # ALIVE us=1046268842 ring_depth=0 drops=0
t_wall=1785586614.317 t=1046305166 W CMD 0x58 [SET_CGRAM 0x18]
t_wall=1785586614.318 t=1046305225 W DAT 0x0C
t_wall=1785586614.318 t=1046305277 W DAT 0x1C
t_wall=1785586614.321 t=1046309153 W DAT 0x0C
t_wall=1785586614.325 t=1046312985 W DAT 0x08
t_wall=1785586614.329 t=1046316832 W DAT 0x1C
t_wall=1785586614.333 t=1046320646 W DAT 0x0C
t_wall=1785586614.337 t=1046324496 W DAT 0x00 (CGRAM ref #0)
t_wall=1785586614.338 t=1046324534 W DAT 0x0C
t_wall=1785586614.345 t=1046332879 W CMD 0x0C [DISP_CTRL disp=1 cur=0 blink=0]
t_wall=1785586614.399 t=1046387146 W CMD 0x78 [SET_CGRAM 0x38]
t_wall=1785586614.400 t=1046387233 W DAT 0x07 (CGRAM ref #7)
t_wall=1785586614.400 t=1046387271 W DAT 0x07 (CGRAM ref #7)
t_wall=1785586614.401 t=1046387309 W DAT 0x07 (CGRAM ref #7)
t_wall=1785586614.401 t=1046387347 W DAT 0x10
t_wall=1785586614.403 t=1046391207 W DAT 0x17
t_wall=1785586614.404 t=1046391245 W DAT 0x17
t_wall=1785586614.404 t=1046391283 W DAT 0x17
t_wall=1785586614.404 t=1046391322 W DAT 0x1F
t_wall=1785586614.408 t=1046395324 W CMD 0x0C [DISP_CTRL disp=1 cur=0 blink=0]
t_wall=1785586614.410 t=1046397436 W CMD 0x58 [SET_CGRAM 0x18]
t_wall=1785586614.410 t=1046397494 W DAT 0x04 (CGRAM ref #4)
t_wall=1785586614.410 t=1046397533 W DAT 0x1C
t_wall=1785586614.413 t=1046401379 W DAT 0x0C
t_wall=1785586614.417 t=1046405228 W DAT 0x08
t_wall=1785586614.421 t=1046409061 W DAT 0x1C
t_wall=1785586614.425 t=1046412905 W DAT 0x04 (CGRAM ref #4)
t_wall=1785586614.426 t=1046412943 W DAT 0x00 (CGRAM ref #0)
t_wall=1785586614.429 t=1046416762 W DAT 0x04 (CGRAM ref #4)
t_wall=1785586614.430 t=1046416963 W CMD 0x0C [DISP_CTRL disp=1 cur=0 blink=0]
t_wall=1785586614.485 t=1046473335 W CMD 0x58 [SET_CGRAM 0x18]
t_wall=1785586614.486 t=1046473422 W DAT 0x0C
t_wall=1785586614.486 t=1046473475 W DAT 0x1C
t_wall=1785586614.489 t=1046477321 W DAT 0x0C
t_wall=1785586614.493 t=1046481170 W DAT 0x00 (CGRAM ref #0)
t_wall=1785586614.497 t=1046485021 W DAT 0x1C
t_wall=1785586614.501 t=1046488866 W DAT 0x0C
t_wall=1785586614.505 t=1046492643 W DAT 0x00 (CGRAM ref #0)
t_wall=1785586614.508 t=1046496487 W DAT 0x0C
t_wall=1785586614.514 t=1046502337 W CMD 0x0C [DISP_CTRL disp=1 cur=0 blink=0]
t_wall=1785586614.566 t=1046554013 W CMD 0x58 [SET_CGRAM 0x18]
t_wall=1785586614.566 t=1046554100 W DAT 0x1C
t_wall=1785586614.566 t=1046554153 W DAT 0x14
t_wall=1785586614.567 t=1046554191 W DAT 0x1C
t_wall=1785586614.570 t=1046558009 W DAT 0x08
t_wall=1785586614.574 t=1046561885 W DAT 0x1C
t_wall=1785586614.578 t=1046565719 W DAT 0x1C
t_wall=1785586614.582 t=1046569536 W DAT 0x00 (CGRAM ref #0)
t_wall=1785586614.585 t=1046573381 W DAT 0x1C
t_wall=1785586614.591 t=1046578367 W CMD 0x0C [DISP_CTRL disp=1 cur=0 blink=0]
t_wall=1785586614.653 t=1046640841 W CMD 0x58 [SET_CGRAM 0x18]
t_wall=1785586614.654 t=1046640899 W DAT 0x1C
t_wall=1785586614.654 t=1046640952 W DAT 0x1C
t_wall=1785586614.657 t=1046644808 W DAT 0x14
t_wall=1785586614.658 t=1046644846 W DAT 0x08
t_wall=1785586614.661 t=1046648689 W DAT 0x14
t_wall=1785586614.662 t=1046648728 W DAT 0x1C
t_wall=1785586614.665 t=1046652545 W DAT 0x00 (CGRAM ref #0)
t_wall=1785586614.668 t=1046656424 W DAT 0x1C
t_wall=1785586614.681 t=1046668576 W CMD 0x0C [DISP_CTRL disp=1 cur=0 blink=0]
t_wall=1785586614.735 t=1046722875 W CMD 0x50 [SET_CGRAM 0x10]
t_wall=1785586614.735 t=1046722933 W DAT 0x08
t_wall=1785586614.736 t=1046722986 W DAT 0x08
t_wall=1785586614.736 t=1046723039 W DAT 0x08
t_wall=1785586614.736 t=1046723092 W DAT 0x00 (CGRAM ref #0)
t_wall=1785586614.736 t=1046723160 W DAT 0x08
t_wall=1785586614.736 t=1046723213 W DAT 0x08
t_wall=1785586614.737 t=1046723266 W DAT 0x00 (CGRAM ref #0)
t_wall=1785586614.737 t=1046723318 W DAT 0x18
t_wall=1785586614.738 t=1046725570 W CMD 0x58 [SET_CGRAM 0x18]
t_wall=1785586614.738 t=1046725745 W DAT 0x1C
t_wall=1785586614.738 t=1046725798 W DAT 0x1C
t_wall=1785586614.742 t=1046729615 W DAT 0x1C
t_wall=1785586614.745 t=1046733462 W DAT 0x18
t_wall=1785586614.748 t=1046736067 W DAT 0x1C
t_wall=1785586614.752 t=1046739900 W DAT 0x0C
t_wall=1785586614.756 t=1046743747 W DAT 0x00 (CGRAM ref #0)
t_wall=1785586614.760 t=1046747563 W DAT 0x1C
t_wall=1785586614.765 t=1046752487 W CMD 0x0C [DISP_CTRL disp=1 cur=0 blink=0]
t_wall=1785586614.817 t=1046804208 W CMD 0x58 [SET_CGRAM 0x18]
t_wall=1785586614.817 t=1046804324 W DAT 0x14
t_wall=1785586614.817 t=1046804362 W DAT 0x1C
t_wall=1785586614.820 t=1046808178 W DAT 0x1C
t_wall=1785586614.824 t=1046811997 W DAT 0x18
t_wall=1785586614.828 t=1046815872 W DAT 0x1C
t_wall=1785586614.832 t=1046819705 W DAT 0x04 (CGRAM ref #4)
t_wall=1785586614.832 t=1046819744 W DAT 0x00 (CGRAM ref #0)
t_wall=1785586614.836 t=1046823561 W DAT 0x14
t_wall=1785586614.836 t=1046823741 W CMD 0x0C [DISP_CTRL disp=1 cur=0 blink=0]
t_wall=1785586614.898 t=1046886005 W CMD 0x78 [SET_CGRAM 0x38]
t_wall=1785586614.899 t=1046886063 W DAT 0x07 (CGRAM ref #7)
t_wall=1785586614.899 t=1046886101 W DAT 0x07 (CGRAM ref #7)
t_wall=1785586614.900 t=1046886140 W DAT 0x07 (CGRAM ref #7)
t_wall=1785586614.900 t=1046886178 W DAT 0x00 (CGRAM ref #0)
t_wall=1785586614.902 t=1046890022 W DAT 0x17
t_wall=1785586614.902 t=1046890061 W DAT 0x17
t_wall=1785586614.902 t=1046890099 W DAT 0x17
t_wall=1785586614.903 t=1046890137 W DAT 0x1F
t_wall=1785586614.908 t=1046896242 W CMD 0x58 [SET_CGRAM 0x18]
t_wall=1785586614.909 t=1046896300 W DAT 0x1C
t_wall=1785586614.909 t=1046896353 W DAT 0x1C
t_wall=1785586614.912 t=1046900215 W DAT 0x1C
t_wall=1785586614.916 t=1046904033 W DAT 0x10
t_wall=1785586614.920 t=1046907849 W DAT 0x1C
t_wall=1785586614.924 t=1046911725 W DAT 0x0C
t_wall=1785586614.928 t=1046915560 W DAT 0x00 (CGRAM ref #0)
t_wall=1785586614.931 t=1046919376 W DAT 0x1C
t_wall=1785586614.938 t=1046925607 W CMD 0x0C [DISP_CTRL disp=1 cur=0 blink=0]
t_wall=1785586614.989 t=1046976102 W CMD 0x58 [SET_CGRAM 0x18]
t_wall=1785586614.989 t=1046976160 W DAT 0x1C
t_wall=1785586614.989 t=1046976213 W DAT 0x14
t_wall=1785586614.990 t=1046976251 W DAT 0x1C
t_wall=1785586614.992 t=1046980069 W DAT 0x18
t_wall=1785586614.996 t=1046983885 W DAT 0x1C
t_wall=1785586615.000 t=1046987762 W DAT 0x1C
t_wall=1785586615.004 t=1046991617 W DAT 0x00 (CGRAM ref #0)
t_wall=1785586615.008 t=1046995462 W DAT 0x1C
t_wall=1785586615.014 t=1047001216 W CMD 0x0C [DISP_CTRL disp=1 cur=0 blink=0]
t_wall=1785586615.065 t=1047052936 W CMD 0x58 [SET_CGRAM 0x18]
t_wall=1785586615.065 t=1047052995 W DAT 0x1C
t_wall=1785586615.066 t=1047053048 W DAT 0x1C
t_wall=1785586615.069 t=1047056879 W DAT 0x14
t_wall=1785586615.069 t=1047056917 W DAT 0x18
t_wall=1785586615.073 t=1047060762 W DAT 0x14
t_wall=1785586615.073 t=1047060800 W DAT 0x1C
t_wall=1785586615.077 t=1047064619 W DAT 0x00 (CGRAM ref #0)
t_wall=1785586615.078 t=1047064657 W DAT 0x1C
t_wall=1785586615.082 t=1047069572 W CMD 0x0C [DISP_CTRL disp=1 cur=0 blink=0]
t_wall=1785586615.144 t=1047132132 W CMD 0x58 [SET_CGRAM 0x18]
t_wall=1785586615.145 t=1047132190 W DAT 0x1C
t_wall=1785586615.145 t=1047132243 W DAT 0x1C
t_wall=1785586615.148 t=1047136104 W DAT 0x1C
t_wall=1785586615.152 t=1047139921 W DAT 0x08
t_wall=1785586615.156 t=1047143739 W DAT 0x1C
t_wall=1785586615.160 t=1047147637 W DAT 0x0C
t_wall=1785586615.164 t=1047151471 W DAT 0x00 (CGRAM ref #0)
t_wall=1785586615.167 t=1047155314 W DAT 0x0C
t_wall=1785586615.175 t=1047162405 W CMD 0x0C [DISP_CTRL disp=1 cur=0 blink=0]
t_wall=1785586615.225 t=1047212793 W CMD 0x58 [SET_CGRAM 0x18]
t_wall=1785586615.225 t=1047212866 W DAT 0x14
t_wall=1785586615.226 t=1047212904 W DAT 0x1C
t_wall=1785586615.229 t=1047216738 W DAT 0x1C
t_wall=1785586615.232 t=1047220582 W DAT 0x08
t_wall=1785586615.236 t=1047224398 W DAT 0x1C
t_wall=1785586615.240 t=1047228248 W DAT 0x04 (CGRAM ref #4)
t_wall=1785586615.241 t=1047228287 W DAT 0x00 (CGRAM ref #0)
t_wall=1785586615.244 t=1047232147 W DAT 0x04 (CGRAM ref #4)
t_wall=1785586615.245 t=1047232326 W CMD 0x0C [DISP_CTRL disp=1 cur=0 blink=0]
t_wall=1785586615.312 t=1047299561 W CMD 0x58 [SET_CGRAM 0x18]
t_wall=1785586615.312 t=1047299619 W DAT 0x1C
t_wall=1785586615.313 t=1047299672 W DAT 0x1C
t_wall=1785586615.316 t=1047303517 W DAT 0x1C
t_wall=1785586615.320 t=1047307367 W DAT 0x00 (CGRAM ref #0)
t_wall=1785586615.323 t=1047311199 W DAT 0x1C
t_wall=1785586615.327 t=1047315045 W DAT 0x0C
t_wall=1785586615.331 t=1047318863 W DAT 0x00 (CGRAM ref #0)
t_wall=1785586615.335 t=1047322710 W DAT 0x0C
t_wall=1785586615.341 t=1047328544 W CMD 0x0C [DISP_CTRL disp=1 cur=0 blink=0]
t_wall=1785586615.398 t=1047385256 W CMD 0x78 [SET_CGRAM 0x38]
t_wall=1785586615.398 t=1047385315 W DAT 0x07 (CGRAM ref #7)
t_wall=1785586615.399 t=1047385353 W DAT 0x07 (CGRAM ref #7)
t_wall=1785586615.399 t=1047385391 W DAT 0x07 (CGRAM ref #7)
t_wall=1785586615.400 t=1047385429 W DAT 0x00 (CGRAM ref #0)
t_wall=1785586615.400 t=1047385467 W DAT 0x07 (CGRAM ref #7)
t_wall=1785586615.401 t=1047385506 W DAT 0x17
t_wall=1785586615.401 t=1047385544 W DAT 0x17
t_wall=1785586615.401 t=1047385582 W DAT 0x1F
t_wall=1785586615.402 t=1047387051 W CMD 0x0C [DISP_CTRL disp=1 cur=0 blink=0]
t_wall=1785586615.404 t=1047391712 W CMD 0x58 [SET_CGRAM 0x18]
t_wall=1785586615.404 t=1047391771 W DAT 0x1C
t_wall=1785586615.405 t=1047391846 W DAT 0x04 (CGRAM ref #4)
t_wall=1785586615.405 t=1047391884 W DAT 0x1C
t_wall=1785586615.408 t=1047395702 W DAT 0x18
t_wall=1785586615.412 t=1047399577 W DAT 0x1C
t_wall=1785586615.416 t=1047403409 W DAT 0x1C
t_wall=1785586615.420 t=1047407228 W DAT 0x00 (CGRAM ref #0)
t_wall=1785586615.420 t=1047407266 W DAT 0x1C
t_wall=1785586615.424 t=1047410848 W CMD 0x0C [DISP_CTRL disp=1 cur=0 blink=0]
t_wall=1785586615.476 t=1047463866 W CMD 0x58 [SET_CGRAM 0x18]
t_wall=1785586615.476 t=1047463954 W DAT 0x1C
t_wall=1785586615.476 t=1047464006 W DAT 0x0C
t_wall=1785586615.480 t=1047467840 W DAT 0x14
t_wall=1785586615.480 t=1047467878 W DAT 0x18
t_wall=1785586615.484 t=1047471697 W DAT 0x14
t_wall=1785586615.484 t=1047471735 W DAT 0x1C
t_wall=1785586615.488 t=1047475579 W DAT 0x00 (CGRAM ref #0)
t_wall=1785586615.491 t=1047479429 W DAT 0x1C
t_wall=1785586615.497 t=1047484417 W CMD 0x0C [DISP_CTRL disp=1 cur=0 blink=0]
t_wall=1785586615.559 t=1047546830 W CMD 0x58 [SET_CGRAM 0x18]
t_wall=1785586615.559 t=1047546889 W DAT 0x1C
t_wall=1785586615.560 t=1047546941 W DAT 0x0C
t_wall=1785586615.563 t=1047550788 W DAT 0x1C
t_wall=1785586615.567 t=1047554603 W DAT 0x18
t_wall=1785586615.570 t=1047558480 W DAT 0x1C
t_wall=1785586615.574 t=1047562314 W DAT 0x0C
t_wall=1785586615.578 t=1047566129 W DAT 0x00 (CGRAM ref #0)
t_wall=1785586615.582 t=1047569974 W DAT 0x1C
t_wall=1785586615.592 t=1047579559 W CMD 0x0C [DISP_CTRL disp=1 cur=0 blink=0]
t_wall=1785586615.640 t=1047627502 W CMD 0x58 [SET_CGRAM 0x18]
t_wall=1785586615.640 t=1047627589 W DAT 0x14
t_wall=1785586615.640 t=1047627628 W DAT 0x0C
t_wall=1785586615.643 t=1047631443 W DAT 0x1C
t_wall=1785586615.647 t=1047635288 W DAT 0x18
t_wall=1785586615.651 t=1047639139 W DAT 0x1C
t_wall=1785586615.655 t=1047642999 W DAT 0x04 (CGRAM ref #4)
t_wall=1785586615.656 t=1047643037 W DAT 0x00 (CGRAM ref #0)
t_wall=1785586615.659 t=1047646854 W DAT 0x14
t_wall=1785586615.659 t=1047647034 W CMD 0x0C [DISP_CTRL disp=1 cur=0 blink=0]
t_wall=1785586615.726 t=1047714208 W CMD 0x58 [SET_CGRAM 0x18]
t_wall=1785586615.727 t=1047714266 W DAT 0x1C
t_wall=1785586615.727 t=1047714319 W DAT 0x0C
t_wall=1785586615.730 t=1047718235 W DAT 0x1C
t_wall=1785586615.734 t=1047722069 W DAT 0x10
t_wall=1785586615.738 t=1047725887 W DAT 0x1C
t_wall=1785586615.742 t=1047729731 W DAT 0x0C
t_wall=1785586615.746 t=1047733580 W DAT 0x00 (CGRAM ref #0)
t_wall=1785586615.750 t=1047737414 W DAT 0x1C
t_wall=1785586615.756 t=1047743156 W CMD 0x0C [DISP_CTRL disp=1 cur=0 blink=0]
t_wall=1785586615.807 t=1047794861 W CMD 0x58 [SET_CGRAM 0x18]
t_wall=1785586615.808 t=1047794920 W DAT 0x0C
t_wall=1785586615.808 t=1047794972 W DAT 0x14
t_wall=1785586615.808 t=1047795084 W DAT 0x1C
t_wall=1785586615.811 t=1047798858 W DAT 0x18
t_wall=1785586615.815 t=1047802722 W DAT 0x1C
t_wall=1785586615.819 t=1047806537 W DAT 0x0C
t_wall=1785586615.823 t=1047810356 W DAT 0x00 (CGRAM ref #0)
t_wall=1785586615.826 t=1047814233 W DAT 0x0C
t_wall=1785586615.831 t=1047819285 W CMD 0x0C [DISP_CTRL disp=1 cur=0 blink=0]
t_wall=1785586615.889 t=1047876737 W CMD 0x78 [SET_CGRAM 0x38]
t_wall=1785586615.889 t=1047876796 W DAT 0x07 (CGRAM ref #7)
t_wall=1785586615.890 t=1047876834 W DAT 0x07 (CGRAM ref #7)
t_wall=1785586615.890 t=1047876872 W DAT 0x07 (CGRAM ref #7)
t_wall=1785586615.890 t=1047876911 W DAT 0x00 (CGRAM ref #0)
t_wall=1785586615.893 t=1047880743 W DAT 0x07 (CGRAM ref #7)
t_wall=1785586615.893 t=1047880781 W DAT 0x07 (CGRAM ref #7)
t_wall=1785586615.893 t=1047880819 W DAT 0x17
t_wall=1785586615.894 t=1047880858 W DAT 0x1F
t_wall=1785586615.897 t=1047884455 W CMD 0x0C [DISP_CTRL disp=1 cur=0 blink=0]
t_wall=1785586615.899 t=1047886975 W CMD 0x58 [SET_CGRAM 0x18]
t_wall=1785586615.899 t=1047887033 W DAT 0x0C
t_wall=1785586615.899 t=1047887086 W DAT 0x1C
t_wall=1785586615.903 t=1047890964 W DAT 0x14
t_wall=1785586615.903 t=1047891003 W DAT 0x18
t_wall=1785586615.907 t=1047894834 W DAT 0x14
t_wall=1785586615.907 t=1047894872 W DAT 0x0C
t_wall=1785586615.911 t=1047898717 W DAT 0x00 (CGRAM ref #0)
t_wall=1785586615.915 t=1047902535 W DAT 0x0C
t_wall=1785586615.920 t=1047907469 W CMD 0x0C [DISP_CTRL disp=1 cur=0 blink=0]
t_wall=1785586615.971 t=1047959171 W CMD 0x58 [SET_CGRAM 0x18]
t_wall=1785586615.972 t=1047959230 W DAT 0x1C
t_wall=1785586615.975 t=1047963073 W DAT 0x1C
t_wall=1785586615.979 t=1047966892 W DAT 0x0C
t_wall=1785586615.983 t=1047970739 W DAT 0x18
t_wall=1785586615.987 t=1047974601 W DAT 0x1C
t_wall=1785586615.991 t=1047978419 W DAT 0x0C
t_wall=1785586615.995 t=1047982235 W DAT 0x00 (CGRAM ref #0)
t_wall=1785586615.995 t=1047982273 W DAT 0x1C
t_wall=1785586615.998 t=1047986069 W CMD 0x0C [DISP_CTRL disp=1 cur=0 blink=0]
t_wall=1785586616.052 t=1048039792 W CMD 0x58 [SET_CGRAM 0x18]
t_wall=1785586616.053 t=1048039850 W DAT 0x14
t_wall=1785586616.053 t=1048039888 W DAT 0x1C
t_wall=1785586616.056 t=1048043706 W DAT 0x0C
t_wall=1785586616.060 t=1048047551 W DAT 0x18
t_wall=1785586616.063 t=1048051400 W DAT 0x1C
t_wall=1785586616.067 t=1048055234 W DAT 0x04 (CGRAM ref #4)
t_wall=1785586616.068 t=1048055272 W DAT 0x00 (CGRAM ref #0)
t_wall=1785586616.071 t=1048059116 W DAT 0x14
t_wall=1785586616.072 t=1048059296 W CMD 0x0C [DISP_CTRL disp=1 cur=0 blink=0]
t_wall=1785586616.139 t=1048126490 W CMD 0x58 [SET_CGRAM 0x18]
t_wall=1785586616.139 t=1048126549 W DAT 0x1C
t_wall=1785586616.140 t=1048126622 W DAT 0x1C
t_wall=1785586616.143 t=1048130470 W DAT 0x0C
t_wall=1785586616.147 t=1048134334 W DAT 0x10
t_wall=1785586616.150 t=1048138149 W DAT 0x1C
t_wall=1785586616.154 t=1048141996 W DAT 0x0C
t_wall=1785586616.158 t=1048145846 W DAT 0x00 (CGRAM ref #0)
t_wall=1785586616.158 t=1048145884 W DAT 0x1C
t_wall=1785586616.162 t=1048149737 W CMD 0x0C [DISP_CTRL disp=1 cur=0 blink=0]
t_wall=1785586616.218 t=1048205881 W CMD 0x58 [SET_CGRAM 0x18]
t_wall=1785586616.219 t=1048205939 W DAT 0x1C
t_wall=1785586616.219 t=1048205992 W DAT 0x14
t_wall=1785586616.219 t=1048206030 W DAT 0x0C
t_wall=1785586616.222 t=1048209879 W DAT 0x18
t_wall=1785586616.226 t=1048213711 W DAT 0x0C
t_wall=1785586616.230 t=1048217556 W DAT 0x1C
t_wall=1785586616.234 t=1048221374 W DAT 0x00 (CGRAM ref #0)
t_wall=1785586616.237 t=1048225221 W DAT 0x1C
t_wall=1785586616.244 t=1048231501 W CMD 0x0C [DISP_CTRL disp=1 cur=0 blink=0]
t_wall=1785586616.281 # ALIVE us=1048268888 ring_depth=0 drops=0
t_wall=1785586616.305 t=1048292722 W CMD 0x58 [SET_CGRAM 0x18]
t_wall=1785586616.305 t=1048292781 W DAT 0x1C
t_wall=1785586616.306 t=1048292834 W DAT 0x1C
t_wall=1785586616.309 t=1048296672 W DAT 0x04 (CGRAM ref #4)
t_wall=1785586616.309 t=1048296710 W DAT 0x18
t_wall=1785586616.313 t=1048300528 W DAT 0x04 (CGRAM ref #4)
t_wall=1785586616.313 t=1048300566 W DAT 0x1C
t_wall=1785586616.316 t=1048304442 W DAT 0x00 (CGRAM ref #0)
t_wall=1785586616.320 t=1048308276 W DAT 0x1C
t_wall=1785586616.326 t=1048313206 W CMD 0x0C [DISP_CTRL disp=1 cur=0 blink=0]
t_wall=1785586616.327 t=1048314544 W CMD 0x78 [SET_CGRAM 0x38]
t_wall=1785586616.328 t=1048314602 W DAT 0x07 (CGRAM ref #7)
t_wall=1785586616.329 t=1048314640 W DAT 0x07 (CGRAM ref #7)
t_wall=1785586616.329 t=1048314679 W DAT 0x07 (CGRAM ref #7)
t_wall=1785586616.330 t=1048314717 W DAT 0x00 (CGRAM ref #0)
t_wall=1785586616.331 t=1048318567 W DAT 0x07 (CGRAM ref #7)
t_wall=1785586616.331 t=1048318605 W DAT 0x07 (CGRAM ref #7)
t_wall=1785586616.332 t=1048318643 W DAT 0x07 (CGRAM ref #7)
t_wall=1785586616.332 t=1048318682 W DAT 0x1F
t_wall=1785586616.336 t=1048323548 W CMD 0x0C [DISP_CTRL disp=1 cur=0 blink=0]
t_wall=1785586616.392 t=1048380260 W CMD 0x58 [SET_CGRAM 0x18]
t_wall=1785586616.392 t=1048380319 W DAT 0x0C
t_wall=1785586616.393 t=1048380372 W DAT 0x1C
t_wall=1785586616.396 t=1048384219 W DAT 0x0C
t_wall=1785586616.400 t=1048388081 W DAT 0x08
t_wall=1785586616.404 t=1048391899 W DAT 0x1C
t_wall=1785586616.408 t=1048395715 W DAT 0x0C
t_wall=1785586616.412 t=1048399615 W DAT 0x00 (CGRAM ref #0)
t_wall=1785586616.412 t=1048399653 W DAT 0x0C
t_wall=1785586616.417 t=1048404094 W CMD 0x0C [DISP_CTRL disp=1 cur=0 blink=0]
t_wall=1785586616.469 t=1048457038 W CMD 0x58 [SET_CGRAM 0x18]
t_wall=1785586616.469 t=1048457117 W DAT 0x04 (CGRAM ref #4)
t_wall=1785586616.469 t=1048457155 W DAT 0x1C
t_wall=1785586616.470 t=1048457208 W DAT 0x0C
t_wall=1785586616.473 t=1048461084 W DAT 0x08
t_wall=1785586616.477 t=1048464919 W DAT 0x1C
t_wall=1785586616.481 t=1048468735 W DAT 0x04 (CGRAM ref #4)
t_wall=1785586616.481 t=1048468774 W DAT 0x00 (CGRAM ref #0)
t_wall=1785586616.485 t=1048472620 W DAT 0x04 (CGRAM ref #4)
t_wall=1785586616.486 t=1048472801 W CMD 0x0C [DISP_CTRL disp=1 cur=0 blink=0]
t_wall=1785586616.554 t=1048539985 W CMD 0x58 [SET_CGRAM 0x18]
t_wall=1785586616.555 t=1048540043 W DAT 0x0C
t_wall=1785586616.556 t=1048540097 W DAT 0x1C
t_wall=1785586616.557 t=1048543931 W DAT 0x0C
t_wall=1785586616.562 t=1048547775 W DAT 0x00 (CGRAM ref #0)
t_wall=1785586616.564 t=1048551592 W DAT 0x1C
t_wall=1785586616.568 t=1048555442 W DAT 0x0C
t_wall=1785586616.572 t=1048559302 W DAT 0x00 (CGRAM ref #0)
t_wall=1785586616.576 t=1048563119 W DAT 0x0C
t_wall=1785586616.583 t=1048570140 W CMD 0x0C [DISP_CTRL disp=1 cur=0 blink=0]
t_wall=1785586616.633 t=1048620654 W CMD 0x58 [SET_CGRAM 0x18]
t_wall=1785586616.633 t=1048620712 W DAT 0x0C
t_wall=1785586616.634 t=1048620765 W DAT 0x04 (CGRAM ref #4)
t_wall=1785586616.634 t=1048620803 W DAT 0x0C
t_wall=1785586616.637 t=1048624636 W DAT 0x08
t_wall=1785586616.640 t=1048628453 W DAT 0x0C
t_wall=1785586616.644 t=1048632300 W DAT 0x0C
t_wall=1785586616.648 t=1048636147 W DAT 0x00 (CGRAM ref #0)
t_wall=1785586616.648 t=1048636185 W DAT 0x0C
t_wall=1785586616.654 t=1048641174 W CMD 0x0C [DISP_CTRL disp=1 cur=0 blink=0]
t_wall=1785586616.716 t=1048703679 W CMD 0x58 [SET_CGRAM 0x18]
t_wall=1785586616.716 t=1048703738 W DAT 0x0C
t_wall=1785586616.716 t=1048703791 W DAT 0x0C
t_wall=1785586616.720 t=1048707636 W DAT 0x04 (CGRAM ref #4)
t_wall=1785586616.720 t=1048707674 W DAT 0x08
t_wall=1785586616.723 t=1048711492 W DAT 0x04 (CGRAM ref #4)
t_wall=1785586616.724 t=1048711530 W DAT 0x0C
t_wall=1785586616.727 t=1048715428 W DAT 0x00 (CGRAM ref #0)
t_wall=1785586616.731 t=1048719263 W DAT 0x0C
t_wall=1785586616.736 t=1048724200 W CMD 0x0C [DISP_CTRL disp=1 cur=0 blink=0]
t_wall=1785586616.800 t=1048787531 W CMD 0x58 [SET_CGRAM 0x18]
t_wall=1785586616.800 t=1048787604 W DAT 0x0C
t_wall=1785586616.800 t=1048787656 W DAT 0x0C
t_wall=1785586616.803 t=1048791503 W DAT 0x0C
t_wall=1785586616.807 t=1048795353 W DAT 0x00 (CGRAM ref #0)
t_wall=1785586616.811 t=1048799185 W DAT 0x0C
t_wall=1785586616.815 t=1048803029 W DAT 0x0C
t_wall=1785586616.819 t=1048806848 W DAT 0x00 (CGRAM ref #0)
t_wall=1785586616.819 t=1048806886 W DAT 0x0C
t_wall=1785586616.825 t=1048811848 W CMD 0x0C [DISP_CTRL disp=1 cur=0 blink=0]
t_wall=1785586618.281 # ALIVE us=1050268933 ring_depth=0 drops=0
t_wall=1785586620.281 # ALIVE us=1052268978 ring_depth=0 drops=0
t_wall=1785586622.281 # ALIVE us=1054269024 ring_depth=0 drops=0
t_wall=1785586623.886 t=1055874304 W CMD 0x58 [SET_CGRAM 0x18]
t_wall=1785586623.886 t=1055874363 W DAT 0x04 (CGRAM ref #4)
t_wall=1785586623.887 t=1055874401 W DAT 0x0C
t_wall=1785586623.890 t=1055878221 W DAT 0x04 (CGRAM ref #4)
t_wall=1785586623.890 t=1055878259 W DAT 0x00 (CGRAM ref #0)
t_wall=1785586623.894 t=1055882102 W DAT 0x0C
t_wall=1785586623.898 t=1055885951 W DAT 0x04 (CGRAM ref #4)
t_wall=1785586623.898 t=1055885989 W DAT 0x00 (CGRAM ref #0)
t_wall=1785586623.901 t=1055889825 W DAT 0x04 (CGRAM ref #4)
t_wall=1785586623.902 t=1055890005 W CMD 0x0C [DISP_CTRL disp=1 cur=0 blink=0]
t_wall=1785586624.281 # ALIVE us=1056269070 ring_depth=0 drops=0
t_wall=1785586624.506 t=1056493933 W CMD 0x58 [SET_CGRAM 0x18]
t_wall=1785586624.506 t=1056493991 W DAT 0x0C
t_wall=1785586624.507 t=1056494044 W DAT 0x0C
t_wall=1785586624.510 t=1056497888 W DAT 0x04 (CGRAM ref #4)
t_wall=1785586624.510 t=1056497927 W DAT 0x08
t_wall=1785586624.514 t=1056501744 W DAT 0x04 (CGRAM ref #4)
t_wall=1785586624.514 t=1056501782 W DAT 0x0C
t_wall=1785586624.517 t=1056505633 W DAT 0x00 (CGRAM ref #0)
t_wall=1785586624.521 t=1056509493 W DAT 0x0C
t_wall=1785586624.527 t=1056515616 W CMD 0x0C [DISP_CTRL disp=1 cur=0 blink=0]
t_wall=1785586625.071 t=1057059470 W CMD 0x58 [SET_CGRAM 0x18]
t_wall=1785586625.072 t=1057059557 W DAT 0x0C
t_wall=1785586625.075 t=1057063391 W DAT 0x0C
t_wall=1785586625.079 t=1057067206 W DAT 0x04 (CGRAM ref #4)
t_wall=1785586625.080 t=1057067244 W DAT 0x08
t_wall=1785586625.083 t=1057071090 W DAT 0x0C
t_wall=1785586625.087 t=1057074939 W DAT 0x04 (CGRAM ref #4)
t_wall=1785586625.087 t=1057074978 W DAT 0x00 (CGRAM ref #0)
t_wall=1785586625.091 t=1057078808 W DAT 0x0C
t_wall=1785586625.099 t=1057087136 W CMD 0x0C [DISP_CTRL disp=1 cur=0 blink=0]
t_wall=1785586625.642 t=1057629854 W CMD 0x58 [SET_CGRAM 0x18]
t_wall=1785586625.642 t=1057629912 W DAT 0x04 (CGRAM ref #4)
t_wall=1785586625.642 t=1057629950 W DAT 0x0C
t_wall=1785586625.645 t=1057633810 W DAT 0x0C
t_wall=1785586625.649 t=1057637627 W DAT 0x08
t_wall=1785586625.653 t=1057641446 W DAT 0x0C
t_wall=1785586625.657 t=1057645321 W DAT 0x04 (CGRAM ref #4)
t_wall=1785586625.657 t=1057645359 W DAT 0x00 (CGRAM ref #0)
t_wall=1785586625.658 t=1057645397 W DAT 0x04 (CGRAM ref #4)
t_wall=1785586625.658 t=1057645577 W CMD 0x0C [DISP_CTRL disp=1 cur=0 blink=0]
t_wall=1785586626.229 t=1058217076 W CMD 0x58 [SET_CGRAM 0x18]
t_wall=1785586626.229 t=1058217134 W DAT 0x0C
t_wall=1785586626.232 t=1058217187 W DAT 0x04 (CGRAM ref #4)
t_wall=1785586626.232 t=1058217283 W DAT 0x0C
t_wall=1785586626.232 t=1058221057 W DAT 0x08
t_wall=1785586626.236 t=1058224876 W DAT 0x0C
t_wall=1785586626.240 t=1058228720 W DAT 0x04 (CGRAM ref #4)
t_wall=1785586626.240 t=1058228758 W DAT 0x00 (CGRAM ref #0)
t_wall=1785586626.244 t=1058232631 W DAT 0x0C
t_wall=1785586626.250 t=1058237548 W CMD 0x0C [DISP_CTRL disp=1 cur=0 blink=0]
t_wall=1785586626.281 # ALIVE us=1058269116 ring_depth=0 drops=0
t_wall=1785586626.859 t=1058847611 W CMD 0x58 [SET_CGRAM 0x18]
t_wall=1785586626.860 t=1058847670 W DAT 0x0C
t_wall=1785586626.860 t=1058847722 W DAT 0x04 (CGRAM ref #4)
t_wall=1785586626.860 t=1058847760 W DAT 0x0C
t_wall=1785586626.863 t=1058851593 W DAT 0x08
t_wall=1785586626.867 t=1058855437 W DAT 0x0C
t_wall=1785586626.871 t=1058859255 W DAT 0x0C
t_wall=1785586626.875 t=1058863102 W DAT 0x00 (CGRAM ref #0)
t_wall=1785586626.879 t=1058866964 W DAT 0x0C
t_wall=1785586626.885 t=1058873159 W CMD 0x0C [DISP_CTRL disp=1 cur=0 blink=0]
t_wall=1785586627.494 t=1059482153 W CMD 0x58 [SET_CGRAM 0x18]
t_wall=1785586627.494 t=1059482241 W DAT 0x0C
t_wall=1785586627.494 t=1059482294 W DAT 0x0C
t_wall=1785586627.497 t=1059486128 W DAT 0x0C
t_wall=1785586627.501 t=1059489943 W DAT 0x00 (CGRAM ref #0)
t_wall=1785586627.502 t=1059489981 W DAT 0x0C
t_wall=1785586627.506 t=1059493827 W DAT 0x04 (CGRAM ref #4)
t_wall=1785586627.506 t=1059493865 W DAT 0x00 (CGRAM ref #0)
t_wall=1785586627.507 t=1059493903 W DAT 0x04 (CGRAM ref #4)
t_wall=1785586627.507 t=1059494083 W CMD 0x0C [DISP_CTRL disp=1 cur=0 blink=0]
t_wall=1785586628.120 t=1060108137 W CMD 0x58 [SET_CGRAM 0x18]
t_wall=1785586628.120 t=1060108225 W DAT 0x0C
t_wall=1785586628.121 t=1060108277 W DAT 0x0C
t_wall=1785586628.124 t=1060112094 W DAT 0x0C
t_wall=1785586628.127 t=1060115944 W DAT 0x08
t_wall=1785586628.131 t=1060119804 W DAT 0x0C
t_wall=1785586628.135 t=1060123621 W DAT 0x0C
t_wall=1785586628.139 t=1060127439 W DAT 0x00 (CGRAM ref #0)
t_wall=1785586628.143 t=1060131315 W DAT 0x0C
t_wall=1785586628.149 t=1060136978 W CMD 0x0C [DISP_CTRL disp=1 cur=0 blink=0]
t_wall=1785586628.281 # ALIVE us=1060269162 ring_depth=0 drops=0
t_wall=1785586628.769 t=1060757049 W CMD 0x58 [SET_CGRAM 0x18]
t_wall=1785586628.769 t=1060757108 W DAT 0x0C
t_wall=1785586628.769 t=1060757161 W DAT 0x0C
t_wall=1785586628.772 t=1060760977 W DAT 0x0C
t_wall=1785586628.776 t=1060764854 W DAT 0x08
t_wall=1785586628.780 t=1060768690 W DAT 0x0C
t_wall=1785586628.784 t=1060772505 W DAT 0x04 (CGRAM ref #4)
t_wall=1785586628.785 t=1060772543 W DAT 0x00 (CGRAM ref #0)
t_wall=1785586628.785 t=1060772582 W DAT 0x0C
t_wall=1785586628.789 t=1060777444 W CMD 0x0C [DISP_CTRL disp=1 cur=0 blink=0]
t_wall=1785586629.496 t=1061483330 W CMD 0x58 [SET_CGRAM 0x18]
t_wall=1785586629.497 t=1061483389 W DAT 0x0C
t_wall=1785586629.497 t=1061483441 W DAT 0x1C
t_wall=1785586629.499 t=1061487289 W DAT 0x0C
t_wall=1785586629.503 t=1061491136 W DAT 0x00 (CGRAM ref #0)
t_wall=1785586629.504 t=1061491174 W DAT 0x1C
t_wall=1785586629.507 t=1061495009 W DAT 0x0C
t_wall=1785586629.511 t=1061498855 W DAT 0x00 (CGRAM ref #0)
t_wall=1785586629.514 t=1061502671 W DAT 0x0C
t_wall=1785586629.520 t=1061507533 W CMD 0x0C [DISP_CTRL disp=1 cur=0 blink=0]
t_wall=1785586629.883 t=1061870368 W CMD 0x58 [SET_CGRAM 0x18]
t_wall=1785586629.885 t=1061870426 W DAT 0x04 (CGRAM ref #4)
t_wall=1785586629.886 t=1061870464 W DAT 0x1C
t_wall=1785586629.886 t=1061874311 W DAT 0x0C
t_wall=1785586629.890 t=1061878145 W DAT 0x08
t_wall=1785586629.894 t=1061881990 W DAT 0x1C
t_wall=1785586629.898 t=1061885806 W DAT 0x04 (CGRAM ref #4)
t_wall=1785586629.899 t=1061885844 W DAT 0x00 (CGRAM ref #0)
t_wall=1785586629.902 t=1061889693 W DAT 0x04 (CGRAM ref #4)
t_wall=1785586629.903 t=1061889873 W CMD 0x0C [DISP_CTRL disp=1 cur=0 blink=0]
t_wall=1785586629.969 t=1061957063 W CMD 0x58 [SET_CGRAM 0x18]
t_wall=1785586629.969 t=1061957151 W DAT 0x0C
t_wall=1785586629.969 t=1061957204 W DAT 0x1C
t_wall=1785586629.972 t=1061961021 W DAT 0x0C
t_wall=1785586629.976 t=1061964866 W DAT 0x08
t_wall=1785586629.980 t=1061968715 W DAT 0x1C
t_wall=1785586629.984 t=1061972549 W DAT 0x0C
t_wall=1785586629.988 t=1061976393 W DAT 0x00 (CGRAM ref #0)
t_wall=1785586629.992 t=1061980225 W DAT 0x0C
t_wall=1785586630.002 t=1061989858 W CMD 0x0C [DISP_CTRL disp=1 cur=0 blink=0]
t_wall=1785586630.050 t=1062037846 W CMD 0x58 [SET_CGRAM 0x18]
t_wall=1785586630.050 t=1062037905 W DAT 0x1C
t_wall=1785586630.050 t=1062037958 W DAT 0x1C
t_wall=1785586630.053 t=1062041801 W DAT 0x04 (CGRAM ref #4)
t_wall=1785586630.054 t=1062041839 W DAT 0x18
t_wall=1785586630.057 t=1062045687 W DAT 0x04 (CGRAM ref #4)
t_wall=1785586630.058 t=1062045726 W DAT 0x1C
t_wall=1785586630.061 t=1062049588 W DAT 0x00 (CGRAM ref #0)
t_wall=1785586630.065 t=1062053403 W DAT 0x1C
t_wall=1785586630.071 t=1062059596 W CMD 0x0C [DISP_CTRL disp=1 cur=0 blink=0]
t_wall=1785586630.132 t=1062120937 W CMD 0x58 [SET_CGRAM 0x18]
t_wall=1785586630.132 t=1062120995 W DAT 0x1C
t_wall=1785586630.133 t=1062121048 W DAT 0x14
t_wall=1785586630.133 t=1062121086 W DAT 0x0C
t_wall=1785586630.136 t=1062124963 W DAT 0x18
t_wall=1785586630.140 t=1062128797 W DAT 0x0C
t_wall=1785586630.144 t=1062132634 W DAT 0x1C
t_wall=1785586630.148 t=1062136482 W DAT 0x00 (CGRAM ref #0)
t_wall=1785586630.152 t=1062140329 W DAT 0x1C
t_wall=1785586630.160 t=1062147326 W CMD 0x78 [SET_CGRAM 0x38]
t_wall=1785586630.161 t=1062147385 W DAT 0x07 (CGRAM ref #7)
t_wall=1785586630.162 t=1062147423 W DAT 0x07 (CGRAM ref #7)
t_wall=1785586630.162 t=1062147461 W DAT 0x07 (CGRAM ref #7)
t_wall=1785586630.163 t=1062147499 W DAT 0x00 (CGRAM ref #0)
t_wall=1785586630.164 t=1062151318 W DAT 0x07 (CGRAM ref #7)
t_wall=1785586630.165 t=1062151356 W DAT 0x07 (CGRAM ref #7)
t_wall=1785586630.165 t=1062151395 W DAT 0x17
t_wall=1785586630.166 t=1062151433 W DAT 0x1F
t_wall=1785586630.167 t=1062155457 W CMD 0x0C [DISP_CTRL disp=1 cur=0 blink=0]
t_wall=1785586630.214 t=1062202191 W CMD 0x58 [SET_CGRAM 0x18]
t_wall=1785586630.214 t=1062202250 W DAT 0x1C
t_wall=1785586630.214 t=1062202303 W DAT 0x1C
t_wall=1785586630.218 t=1062206150 W DAT 0x0C
t_wall=1785586630.221 t=1062210011 W DAT 0x10
t_wall=1785586630.225 t=1062213829 W DAT 0x1C
t_wall=1785586630.229 t=1062217644 W DAT 0x0C
t_wall=1785586630.233 t=1062221522 W DAT 0x00 (CGRAM ref #0)
t_wall=1785586630.237 t=1062225356 W DAT 0x1C
t_wall=1785586630.245 t=1062233665 W CMD 0x0C [DISP_CTRL disp=1 cur=0 blink=0]
t_wall=1785586630.281 # ALIVE us=1062269208 ring_depth=0 drops=0
t_wall=1785586630.305 t=1062292857 W CMD 0x58 [SET_CGRAM 0x18]
t_wall=1785586630.305 t=1062292915 W DAT 0x14
t_wall=1785586630.305 t=1062292954 W DAT 0x1C
t_wall=1785586630.308 t=1062296821 W DAT 0x0C
t_wall=1785586630.312 t=1062300670 W DAT 0x18
t_wall=1785586630.316 t=1062304531 W DAT 0x1C
t_wall=1785586630.320 t=1062308347 W DAT 0x04 (CGRAM ref #4)
t_wall=1785586630.320 t=1062308386 W DAT 0x00 (CGRAM ref #0)
t_wall=1785586630.324 t=1062312205 W DAT 0x14
t_wall=1785586630.324 t=1062312386 W CMD 0x0C [DISP_CTRL disp=1 cur=0 blink=0]
t_wall=1785586630.381 t=1062369654 W CMD 0x58 [SET_CGRAM 0x18]
t_wall=1785586630.382 t=1062369713 W DAT 0x1C
t_wall=1785586630.382 t=1062369765 W DAT 0x1C
t_wall=1785586630.385 t=1062373582 W DAT 0x0C
t_wall=1785586630.389 t=1062377358 W DAT 0x18
t_wall=1785586630.393 t=1062381252 W DAT 0x1C
t_wall=1785586630.396 t=1062385087 W DAT 0x0C
t_wall=1785586630.400 t=1062388933 W DAT 0x00 (CGRAM ref #0)
t_wall=1785586630.404 t=1062392749 W DAT 0x1C
t_wall=1785586630.412 t=1062399864 W CMD 0x0C [DISP_CTRL disp=1 cur=0 blink=0]
t_wall=1785586630.462 t=1062450327 W CMD 0x58 [SET_CGRAM 0x18]
t_wall=1785586630.462 t=1062450415 W DAT 0x0C
t_wall=1785586630.462 t=1062450468 W DAT 0x1C
t_wall=1785586630.466 t=1062454314 W DAT 0x14
t_wall=1785586630.466 t=1062454352 W DAT 0x18
t_wall=1785586630.469 t=1062458199 W DAT 0x14
t_wall=1785586630.470 t=1062458237 W DAT 0x0C
t_wall=1785586630.473 t=1062462071 W DAT 0x00 (CGRAM ref #0)
t_wall=1785586630.477 t=1062465917 W DAT 0x0C
t_wall=1785586630.486 t=1062474669 W CMD 0x0C [DISP_CTRL disp=1 cur=0 blink=0]
t_wall=1785586630.545 t=1062533442 W CMD 0x58 [SET_CGRAM 0x18]
t_wall=1785586630.545 t=1062533501 W DAT 0x0C
t_wall=1785586630.545 t=1062533553 W DAT 0x14
t_wall=1785586630.546 t=1062533591 W DAT 0x1C
t_wall=1785586630.549 t=1062537439 W DAT 0x18
t_wall=1785586630.553 t=1062541300 W DAT 0x1C
t_wall=1785586630.556 t=1062545139 W DAT 0x0C
t_wall=1785586630.561 t=1062548985 W DAT 0x00 (CGRAM ref #0)
t_wall=1785586630.564 t=1062552835 W DAT 0x0C
t_wall=1785586630.570 t=1062557840 W CMD 0x0C [DISP_CTRL disp=1 cur=0 blink=0]
t_wall=1785586630.572 t=1062559962 W CMD 0x78 [SET_CGRAM 0x38]
t_wall=1785586630.572 t=1062560020 W DAT 0x07 (CGRAM ref #7)
t_wall=1785586630.573 t=1062560058 W DAT 0x07 (CGRAM ref #7)
t_wall=1785586630.573 t=1062560096 W DAT 0x07 (CGRAM ref #7)
t_wall=1785586630.574 t=1062560134 W DAT 0x00 (CGRAM ref #0)
t_wall=1785586630.576 t=1062563952 W DAT 0x07 (CGRAM ref #7)
t_wall=1785586630.576 t=1062563990 W DAT 0x17
t_wall=1785586630.577 t=1062564028 W DAT 0x17
t_wall=1785586630.577 t=1062564066 W DAT 0x1F
t_wall=1785586630.583 t=1062571976 W CMD 0x0C [DISP_CTRL disp=1 cur=0 blink=0]
t_wall=1785586630.627 t=1062614855 W CMD 0x58 [SET_CGRAM 0x18]
t_wall=1785586630.627 t=1062615010 W DAT 0x1C
t_wall=1785586630.627 t=1062615063 W DAT 0x0C
t_wall=1785586630.630 t=1062618894 W DAT 0x1C
t_wall=1785586630.634 t=1062622697 W DAT 0x10
t_wall=1785586630.638 t=1062626515 W DAT 0x1C
t_wall=1785586630.642 t=1062630332 W DAT 0x0C
t_wall=1785586630.646 t=1062634209 W DAT 0x00 (CGRAM ref #0)
t_wall=1785586630.650 t=1062638044 W DAT 0x1C
t_wall=1785586630.655 t=1062643037 W CMD 0x0C [DISP_CTRL disp=1 cur=0 blink=0]
t_wall=1785586630.717 t=1062705502 W CMD 0x58 [SET_CGRAM 0x18]
t_wall=1785586630.717 t=1062705560 W DAT 0x14
t_wall=1785586630.717 t=1062705599 W DAT 0x0C
t_wall=1785586630.718 t=1062706937 W DAT 0x1C
t_wall=1785586630.722 t=1062710812 W DAT 0x18
t_wall=1785586630.726 t=1062714646 W DAT 0x1C
t_wall=1785586630.730 t=1062718493 W DAT 0x04 (CGRAM ref #4)
t_wall=1785586630.730 t=1062718531 W DAT 0x00 (CGRAM ref #0)
t_wall=1785586630.734 t=1062722347 W DAT 0x14
t_wall=1785586630.734 t=1062722526 W CMD 0x0C [DISP_CTRL disp=1 cur=0 blink=0]
t_wall=1785586630.802 t=1062790626 W CMD 0x58 [SET_CGRAM 0x18]
t_wall=1785586630.802 t=1062790684 W DAT 0x1C
t_wall=1785586630.803 t=1062790737 W DAT 0x0C
t_wall=1785586630.806 t=1062794599 W DAT 0x1C
t_wall=1785586630.810 t=1062798418 W DAT 0x18
t_wall=1785586630.814 t=1062802234 W DAT 0x1C
t_wall=1785586630.818 t=1062806110 W DAT 0x0C
t_wall=1785586630.822 t=1062809945 W DAT 0x00 (CGRAM ref #0)
t_wall=1785586630.825 t=1062813790 W DAT 0x1C
t_wall=1785586630.832 t=1062819870 W CMD 0x0C [DISP_CTRL disp=1 cur=0 blink=0]
t_wall=1785586630.882 t=1062870367 W CMD 0x58 [SET_CGRAM 0x18]
t_wall=1785586630.882 t=1062870426 W DAT 0x1C
t_wall=1785586630.883 t=1062870479 W DAT 0x0C
t_wall=1785586630.886 t=1062874313 W DAT 0x14
t_wall=1785586630.886 t=1062874352 W DAT 0x18
t_wall=1785586630.890 t=1062878196 W DAT 0x14
t_wall=1785586630.890 t=1062878234 W DAT 0x1C
t_wall=1785586630.893 t=1062882052 W DAT 0x00 (CGRAM ref #0)
t_wall=1785586630.897 t=1062885901 W DAT 0x1C
t_wall=1785586630.906 t=1062894224 W CMD 0x0C [DISP_CTRL disp=1 cur=0 blink=0]
t_wall=1785586630.965 t=1062953433 W CMD 0x58 [SET_CGRAM 0x18]
t_wall=1785586630.966 t=1062953491 W DAT 0x1C
t_wall=1785586630.966 t=1062953567 W DAT 0x04 (CGRAM ref #4)
t_wall=1785586630.967 t=1062953606 W DAT 0x1C
t_wall=1785586630.969 t=1062957422 W DAT 0x18
t_wall=1785586630.973 t=1062961239 W DAT 0x1C
t_wall=1785586630.976 t=1062965118 W DAT 0x1C
t_wall=1785586630.980 t=1062968949 W DAT 0x00 (CGRAM ref #0)
t_wall=1785586630.984 t=1062972794 W DAT 0x1C
t_wall=1785586630.994 t=1062982337 W CMD 0x0C [DISP_CTRL disp=1 cur=0 blink=0]
t_wall=1785586631.042 t=1063030393 W CMD 0x58 [SET_CGRAM 0x18]
t_wall=1785586631.042 t=1063030452 W DAT 0x1C
t_wall=1785586631.043 t=1063030562 W DAT 0x1C
t_wall=1785586631.046 t=1063034336 W DAT 0x1C
t_wall=1785586631.050 t=1063038182 W DAT 0x00 (CGRAM ref #0)
t_wall=1785586631.053 t=1063042001 W DAT 0x1C
t_wall=1785586631.057 t=1063045848 W DAT 0x0C
t_wall=1785586631.061 t=1063049710 W DAT 0x00 (CGRAM ref #0)
t_wall=1785586631.065 t=1063053528 W DAT 0x0C
t_wall=1785586631.072 t=1063060617 W CMD 0x78 [SET_CGRAM 0x38]
t_wall=1785586631.073 t=1063060676 W DAT 0x07 (CGRAM ref #7)
t_wall=1785586631.073 t=1063060714 W DAT 0x07 (CGRAM ref #7)
t_wall=1785586631.074 t=1063060752 W DAT 0x07 (CGRAM ref #7)
t_wall=1785586631.074 t=1063060790 W DAT 0x00 (CGRAM ref #0)
t_wall=1785586631.076 t=1063064624 W DAT 0x17
t_wall=1785586631.076 t=1063064663 W DAT 0x17
t_wall=1785586631.077 t=1063064701 W DAT 0x17
t_wall=1785586631.077 t=1063064739 W DAT 0x1F
t_wall=1785586631.080 t=1063068763 W CMD 0x0C [DISP_CTRL disp=1 cur=0 blink=0]
t_wall=1785586631.127 t=1063115492 W CMD 0x58 [SET_CGRAM 0x18]
t_wall=1785586631.127 t=1063115550 W DAT 0x14
t_wall=1785586631.128 t=1063115588 W DAT 0x1C
t_wall=1785586631.131 t=1063119407 W DAT 0x1C
t_wall=1785586631.135 t=1063123282 W DAT 0x08
t_wall=1785586631.138 t=1063127115 W DAT 0x1C
t_wall=1785586631.142 t=1063130933 W DAT 0x04 (CGRAM ref #4)
t_wall=1785586631.143 t=1063130971 W DAT 0x00 (CGRAM ref #0)
t_wall=1785586631.146 t=1063134816 W DAT 0x04 (CGRAM ref #4)
t_wall=1785586631.147 t=1063134996 W CMD 0x0C [DISP_CTRL disp=1 cur=0 blink=0]
t_wall=1785586631.214 t=1063202183 W CMD 0x58 [SET_CGRAM 0x18]
t_wall=1785586631.214 t=1063202242 W DAT 0x1C
t_wall=1785586631.215 t=1063202294 W DAT 0x1C
t_wall=1785586631.217 t=1063206126 W DAT 0x1C
t_wall=1785586631.221 t=1063209973 W DAT 0x08
t_wall=1785586631.225 t=1063213788 W DAT 0x1C
t_wall=1785586631.229 t=1063217666 W DAT 0x0C
t_wall=1785586631.233 t=1063221500 W DAT 0x00 (CGRAM ref #0)
t_wall=1785586631.236 t=1063225315 W DAT 0x0C
t_wall=1785586631.244 t=1063232330 W CMD 0x0C [DISP_CTRL disp=1 cur=0 blink=0]
t_wall=1785586631.305 t=1063293667 W CMD 0x58 [SET_CGRAM 0x18]
t_wall=1785586631.306 t=1063293754 W DAT 0x1C
t_wall=1785586631.306 t=1063293807 W DAT 0x1C
t_wall=1785586631.309 t=1063297655 W DAT 0x14
t_wall=1785586631.309 t=1063297693 W DAT 0x18
t_wall=1785586631.313 t=1063301528 W DAT 0x14
t_wall=1785586631.313 t=1063301566 W DAT 0x1C
t_wall=1785586631.317 t=1063305410 W DAT 0x00 (CGRAM ref #0)
t_wall=1785586631.320 t=1063309228 W DAT 0x1C
t_wall=1785586631.326 t=1063314105 W CMD 0x0C [DISP_CTRL disp=1 cur=0 blink=0]
t_wall=1785586631.377 t=1063365817 W CMD 0x58 [SET_CGRAM 0x18]
t_wall=1785586631.378 t=1063365876 W DAT 0x1C
t_wall=1785586631.378 t=1063365928 W DAT 0x14
t_wall=1785586631.378 t=1063365967 W DAT 0x1C
t_wall=1785586631.381 t=1063369784 W DAT 0x18
t_wall=1785586631.385 t=1063373600 W DAT 0x1C
t_wall=1785586631.389 t=1063377476 W DAT 0x1C
t_wall=1785586631.393 t=1063381310 W DAT 0x00 (CGRAM ref #0)
t_wall=1785586631.396 t=1063385126 W DAT 0x1C
t_wall=1785586631.402 t=1063390104 W CMD 0x0C [DISP_CTRL disp=1 cur=0 blink=0]
t_wall=1785586631.467 t=1063452656 W CMD 0x58 [SET_CGRAM 0x18]
t_wall=1785586631.468 t=1063452714 W DAT 0x1C
t_wall=1785586631.470 t=1063452766 W DAT 0x1C
t_wall=1785586631.471 t=1063456615 W DAT 0x1C
t_wall=1785586631.473 t=1063460450 W DAT 0x10
t_wall=1785586631.477 t=1063464292 W DAT 0x1C
t_wall=1785586631.480 t=1063468110 W DAT 0x0C
t_wall=1785586631.484 t=1063471988 W DAT 0x00 (CGRAM ref #0)
t_wall=1785586631.488 t=1063475820 W DAT 0x1C
t_wall=1785586631.494 t=1063481531 W CMD 0x0C [DISP_CTRL disp=1 cur=0 blink=0]
t_wall=1785586631.550 t=1063538296 W CMD 0x78 [SET_CGRAM 0x38]
t_wall=1785586631.550 t=1063538354 W DAT 0x07 (CGRAM ref #7)
t_wall=1785586631.551 t=1063538392 W DAT 0x07 (CGRAM ref #7)
t_wall=1785586631.551 t=1063538430 W DAT 0x07 (CGRAM ref #7)
t_wall=1785586631.551 t=1063538469 W DAT 0x10
t_wall=1785586631.552 t=1063538529 W DAT 0x17
t_wall=1785586631.552 t=1063538567 W DAT 0x17
t_wall=1785586631.552 t=1063538605 W DAT 0x17
t_wall=1785586631.553 t=1063538644 W DAT 0x1F
t_wall=1785586631.553 t=1063540091 W CMD 0x0C [DISP_CTRL disp=1 cur=0 blink=0]
t_wall=1785586631.556 t=1063544691 W CMD 0x58 [SET_CGRAM 0x18]
t_wall=1785586631.556 t=1063544764 W DAT 0x14
t_wall=1785586631.557 t=1063544802 W DAT 0x1C
t_wall=1785586631.560 t=1063548648 W DAT 0x1C
t_wall=1785586631.564 t=1063552496 W DAT 0x18
t_wall=1785586631.568 t=1063556329 W DAT 0x1C
t_wall=1785586631.572 t=1063560176 W DAT 0x04 (CGRAM ref #4)
t_wall=1785586631.572 t=1063560214 W DAT 0x00 (CGRAM ref #0)
t_wall=1785586631.575 t=1063564029 W DAT 0x14
t_wall=1785586631.576 t=1063564210 W CMD 0x0C [DISP_CTRL disp=1 cur=0 blink=0]
t_wall=1785586631.632 t=1063620677 W CMD 0x58 [SET_CGRAM 0x18]
t_wall=1785586631.632 t=1063620735 W DAT 0x1C
t_wall=1785586631.633 t=1063620788 W DAT 0x1C
t_wall=1785586631.636 t=1063624607 W DAT 0x1C
t_wall=1785586631.640 t=1063628472 W DAT 0x18
t_wall=1785586631.644 t=1063632334 W DAT 0x1C
t_wall=1785586631.648 t=1063636111 W DAT 0x0C
t_wall=1785586631.652 t=1063639926 W DAT 0x00 (CGRAM ref #0)
t_wall=1785586631.652 t=1063639965 W DAT 0x1C
t_wall=1785586631.658 t=1063645809 W CMD 0x0C [DISP_CTRL disp=1 cur=0 blink=0]
t_wall=1785586631.719 t=1063707086 W CMD 0x50 [SET_CGRAM 0x10]
t_wall=1785586631.719 t=1063707145 W DAT 0x08
t_wall=1785586631.719 t=1063707197 W DAT 0x09
t_wall=1785586631.719 t=1063707250 W DAT 0x08
t_wall=1785586631.720 t=1063707303 W DAT 0x00 (CGRAM ref #0)
t_wall=1785586631.720 t=1063707444 W DAT 0x09
t_wall=1785586631.720 t=1063707497 W DAT 0x08
t_wall=1785586631.721 t=1063707550 W DAT 0x00 (CGRAM ref #0)
t_wall=1785586631.721 t=1063707588 W DAT 0x18
t_wall=1785586631.721 t=1063709008 W CMD 0x58 [SET_CGRAM 0x18]
t_wall=1785586631.722 t=1063709125 W DAT 0x1C
t_wall=1785586631.722 t=1063709178 W DAT 0x1C
t_wall=1785586631.725 t=1063713032 W DAT 0x14
t_wall=1785586631.726 t=1063713071 W DAT 0x08
t_wall=1785586631.728 t=1063716916 W DAT 0x14
t_wall=1785586631.728 t=1063716955 W DAT 0x1C
t_wall=1785586631.732 t=1063720773 W DAT 0x00 (CGRAM ref #0)
t_wall=1785586631.736 t=1063724620 W DAT 0x1C
t_wall=1785586631.741 t=1063729575 W CMD 0x0C [DISP_CTRL disp=1 cur=0 blink=0]
t_wall=1785586631.793 t=1063781515 W CMD 0x58 [SET_CGRAM 0x18]
t_wall=1785586631.794 t=1063781573 W DAT 0x1C
t_wall=1785586631.794 t=1063781626 W DAT 0x14
t_wall=1785586631.795 t=1063781664 W DAT 0x1C
t_wall=1785586631.797 t=1063785484 W DAT 0x08
t_wall=1785586631.801 t=1063789331 W DAT 0x1C
t_wall=1785586631.804 t=1063793193 W DAT 0x1C
t_wall=1785586631.808 t=1063797011 W DAT 0x00 (CGRAM ref #0)
t_wall=1785586631.812 t=1063800854 W DAT 0x1C
t_wall=1785586631.819 t=1063807392 W CMD 0x0C [DISP_CTRL disp=1 cur=0 blink=0]
t_wall=1785586631.872 t=1063860701 W CMD 0x58 [SET_CGRAM 0x18]
t_wall=1785586631.872 t=1063860780 W DAT 0x0C
t_wall=1785586631.873 t=1063860833 W DAT 0x1C
t_wall=1785586631.876 t=1063864678 W DAT 0x0C
t_wall=1785586631.880 t=1063868528 W DAT 0x00 (CGRAM ref #0)
t_wall=1785586631.884 t=1063872359 W DAT 0x1C
t_wall=1785586631.888 t=1063876204 W DAT 0x0C
t_wall=1785586631.891 t=1063880022 W DAT 0x00 (CGRAM ref #0)
t_wall=1785586631.895 t=1063883869 W DAT 0x0C
t_wall=1785586631.901 t=1063889715 W CMD 0x0C [DISP_CTRL disp=1 cur=0 blink=0]
t_wall=1785586631.964 t=1063952211 W CMD 0x58 [SET_CGRAM 0x18]
t_wall=1785586631.964 t=1063952270 W DAT 0x04 (CGRAM ref #4)
t_wall=1785586631.964 t=1063952308 W DAT 0x1C
t_wall=1785586631.964 t=1063952361 W DAT 0x0C
t_wall=1785586631.967 t=1063956178 W DAT 0x08
t_wall=1785586631.971 t=1063959997 W DAT 0x1C
t_wall=1785586631.975 t=1063963872 W DAT 0x04 (CGRAM ref #4)
t_wall=1785586631.975 t=1063963911 W DAT 0x00 (CGRAM ref #0)
t_wall=1785586631.979 t=1063967744 W DAT 0x04 (CGRAM ref #4)
t_wall=1785586631.980 t=1063967924 W CMD 0x0C [DISP_CTRL disp=1 cur=0 blink=0]
t_wall=1785586632.036 t=1064024264 W CMD 0x58 [SET_CGRAM 0x18]
t_wall=1785586632.036 t=1064024323 W DAT 0x0C
t_wall=1785586632.039 t=1064028157 W DAT 0x1C
t_wall=1785586632.043 t=1064031930 W DAT 0x0C
t_wall=1785586632.047 t=1064035775 W DAT 0x08
t_wall=1785586632.051 t=1064039594 W DAT 0x1C
t_wall=1785586632.055 t=1064043463 W DAT 0x0C
t_wall=1785586632.059 t=1064047325 W DAT 0x00 (CGRAM ref #0)
t_wall=1785586632.059 t=1064047364 W DAT 0x0C
t_wall=1785586632.063 t=1064051081 W CMD 0x0C [DISP_CTRL disp=1 cur=0 blink=0]
t_wall=1785586632.066 t=1064054397 W CMD 0x78 [SET_CGRAM 0x38]
t_wall=1785586632.066 t=1064054485 W DAT 0x07 (CGRAM ref #7)
t_wall=1785586632.067 t=1064054523 W DAT 0x07 (CGRAM ref #7)
t_wall=1785586632.067 t=1064054561 W DAT 0x17
t_wall=1785586632.067 t=1064054599 W DAT 0x10
t_wall=1785586632.070 t=1064058476 W DAT 0x17
t_wall=1785586632.070 t=1064058514 W DAT 0x17
t_wall=1785586632.070 t=1064058553 W DAT 0x17
t_wall=1785586632.071 t=1064058591 W DAT 0x1F
t_wall=1785586632.073 t=1064061379 W CMD 0x0C [DISP_CTRL disp=1 cur=0 blink=0]
t_wall=1785586632.121 t=1064109429 W CMD 0x58 [SET_CGRAM 0x18]
t_wall=1785586632.121 t=1064109488 W DAT 0x1C
t_wall=1785586632.121 t=1064109541 W DAT 0x1C
t_wall=1785586632.125 t=1064113356 W DAT 0x04 (CGRAM ref #4)
t_wall=1785586632.125 t=1064113394 W DAT 0x18
t_wall=1785586632.129 t=1064117211 W DAT 0x04 (CGRAM ref #4)
t_wall=1785586632.129 t=1064117249 W DAT 0x1C
t_wall=1785586632.133 t=1064121128 W DAT 0x00 (CGRAM ref #0)
t_wall=1785586632.133 t=1064121166 W DAT 0x1C
t_wall=1785586632.139 t=1064127398 W CMD 0x0C [DISP_CTRL disp=1 cur=0 blink=0]
t_wall=1785586632.200 t=1064188606 W CMD 0x58 [SET_CGRAM 0x18]
t_wall=1785586632.200 t=1064188665 W DAT 0x1C
t_wall=1785586632.204 t=1064192480 W DAT 0x14
t_wall=1785586632.204 t=1064192519 W DAT 0x0C
t_wall=1785586632.208 t=1064196364 W DAT 0x18
t_wall=1785586632.211 t=1064200214 W DAT 0x0C
t_wall=1785586632.215 t=1064204046 W DAT 0x1C
t_wall=1785586632.220 t=1064207891 W DAT 0x00 (CGRAM ref #0)
t_wall=1785586632.223 t=1064211731 W DAT 0x1C
t_wall=1785586632.234 t=1064222653 W CMD 0x0C [DISP_CTRL disp=1 cur=0 blink=0]
t_wall=1785586632.281 # ALIVE us=1064269254 ring_depth=0 drops=0
t_wall=1785586632.292 t=1064280206 W CMD 0x58 [SET_CGRAM 0x18]
t_wall=1785586632.293 t=1064280265 W DAT 0x1C
t_wall=1785586632.293 t=1064280318 W DAT 0x1C
t_wall=1785586632.295 t=1064284151 W DAT 0x0C
t_wall=1785586632.299 t=1064287969 W DAT 0x10
t_wall=1785586632.303 t=1064291835 W DAT 0x0C
t_wall=1785586632.307 t=1064295686 W DAT 0x14
t_wall=1785586632.307 t=1064295724 W DAT 0x00 (CGRAM ref #0)
t_wall=1785586632.311 t=1064299555 W DAT 0x14
t_wall=1785586632.312 t=1064299735 W CMD 0x0C [DISP_CTRL disp=1 cur=0 blink=0]
