t_wall=1785585942.311 # NOTE [recorder] connected /dev/ttyACM0
t_wall=1785585944.301 # ALIVE us=376256769 ring_depth=0 drops=0
t_wall=1785585946.300 # ALIVE us=378256816 ring_depth=0 drops=0
t_wall=1785585948.300 # ALIVE us=380256864 ring_depth=0 drops=0
t_wall=1785585950.302 # ALIVE us=382256911 ring_depth=0 drops=0
t_wall=1785585952.301 # ALIVE us=384256956 ring_depth=0 drops=0
t_wall=1785585954.300 # ALIVE us=386257002 ring_depth=0 drops=0
t_wall=1785585956.300 # ALIVE us=388257048 ring_depth=0 drops=0
t_wall=1785585958.300 # ALIVE us=390257093 ring_depth=0 drops=0
t_wall=1785585960.300 # ALIVE us=392257138 ring_depth=0 drops=0
t_wall=1785585962.300 # ALIVE us=394257184 ring_depth=0 drops=0
t_wall=1785585964.307 # ALIVE us=396257229 ring_depth=0 drops=0
t_wall=1785585966.300 # ALIVE us=398257275 ring_depth=0 drops=0
t_wall=1785585967.989 # NOTE sweeping part 7 and 8 down to min, up to max, back to min. 7 first, then 8.
t_wall=1785585968.300 # ALIVE us=400257320 ring_depth=0 drops=0
t_wall=1785585970.300 # ALIVE us=402257365 ring_depth=0 drops=0
t_wall=1785585972.301 # ALIVE us=404257411 ring_depth=0 drops=0
t_wall=1785585974.300 # ALIVE us=406257457 ring_depth=0 drops=0
t_wall=1785585976.300 # ALIVE us=408257502 ring_depth=0 drops=0
t_wall=1785585976.307 t=408265379 W CMD 0x58 [SET_CGRAM 0x18]
t_wall=1785585976.308 t=408265437 W DAT 0x04 (CGRAM ref #4)
t_wall=1785585976.308 t=408265475 W DAT 0x0C
t_wall=1785585976.311 t=408269291 W DAT 0x04 (CGRAM ref #4)
t_wall=1785585976.312 t=408269329 W DAT 0x00 (CGRAM ref #0)
t_wall=1785585976.315 t=408273146 W DAT 0x0C
t_wall=1785585976.319 t=408276952 W DAT 0x04 (CGRAM ref #4)
t_wall=1785585976.320 t=408276990 W DAT 0x00 (CGRAM ref #0)
t_wall=1785585976.323 t=408280837 W DAT 0x04 (CGRAM ref #4)
t_wall=1785585976.323 t=408281074 W CMD 0x0C [DISP_CTRL disp=1 cur=0 blink=0]
t_wall=1785585976.701 t=408658624 W CMD 0x58 [SET_CGRAM 0x18]
t_wall=1785585976.702 t=408658682 W DAT 0x0C
t_wall=1785585976.702 t=408658735 W DAT 0x04 (CGRAM ref #4)
t_wall=1785585976.703 t=408658773 W DAT 0x0C
t_wall=1785585976.705 t=408662607 W DAT 0x08
t_wall=1785585976.708 t=408666422 W DAT 0x0C
t_wall=1785585976.712 t=408670268 W DAT 0x04 (CGRAM ref #4)
t_wall=1785585976.713 t=408670306 W DAT 0x00 (CGRAM ref #0)
t_wall=1785585976.713 t=408670345 W DAT 0x0C
t_wall=1785585976.718 t=408675297 W CMD 0x0C [DISP_CTRL disp=1 cur=0 blink=0]
t_wall=1785585976.780 t=408737730 W CMD 0x58 [SET_CGRAM 0x18]
t_wall=1785585976.780 t=408737788 W DAT 0x0C
t_wall=1785585976.784 t=408741650 W DAT 0x0C
t_wall=1785585976.787 t=408745465 W DAT 0x0C
t_wall=1785585976.791 t=408749283 W DAT 0x08
t_wall=1785585976.795 t=408753162 W DAT 0x0C
t_wall=1785585976.799 t=408756992 W DAT 0x04 (CGRAM ref #4)
t_wall=1785585976.799 t=408757030 W DAT 0x00 (CGRAM ref #0)
t_wall=1785585976.803 t=408760848 W DAT 0x0C
t_wall=1785585976.809 t=408766555 W CMD 0x0C [DISP_CTRL disp=1 cur=0 blink=0]
t_wall=1785585976.860 t=408818303 W CMD 0x58 [SET_CGRAM 0x18]
t_wall=1785585976.860 t=408818361 W DAT 0x0C
t_wall=1785585976.864 t=408822192 W DAT 0x1C
t_wall=1785585976.868 t=408826009 W DAT 0x04 (CGRAM ref #4)
t_wall=1785585976.868 t=408826047 W DAT 0x08
t_wall=1785585976.872 t=408829894 W DAT 0x1C
t_wall=1785585976.876 t=408833742 W DAT 0x04 (CGRAM ref #4)
t_wall=1785585976.876 t=408833780 W DAT 0x00 (CGRAM ref #0)
t_wall=1785585976.879 t=408837642 W DAT 0x0C
t_wall=1785585976.887 t=408845168 W CMD 0x0C [DISP_CTRL disp=1 cur=0 blink=0]
t_wall=1785585976.947 t=408905165 W CMD 0x58 [SET_CGRAM 0x18]
t_wall=1785585976.948 t=408905223 W DAT 0x0C
t_wall=1785585976.948 t=408905276 W DAT 0x1C
t_wall=1785585976.951 t=408909095 W DAT 0x0C
t_wall=1785585976.955 t=408912971 W DAT 0x00 (CGRAM ref #0)
t_wall=1785585976.959 t=408916805 W DAT 0x1C
t_wall=1785585976.963 t=408920623 W DAT 0x04 (CGRAM ref #4)
t_wall=1785585976.963 t=408920661 W DAT 0x00 (CGRAM ref #0)
t_wall=1785585976.966 t=408924506 W DAT 0x04 (CGRAM ref #4)
t_wall=1785585976.967 t=408924686 W CMD 0x0C [DISP_CTRL disp=1 cur=0 blink=0]
t_wall=1785585977.035 t=408992817 W CMD 0x58 [SET_CGRAM 0x18]
t_wall=1785585977.035 t=408992875 W DAT 0x14
t_wall=1785585977.035 t=408992914 W DAT 0x1C
t_wall=1785585977.039 t=408996776 W DAT 0x04 (CGRAM ref #4)
t_wall=1785585977.039 t=408996814 W DAT 0x10
t_wall=1785585977.043 t=409000633 W DAT 0x0C
t_wall=1785585977.046 t=409004449 W DAT 0x14
t_wall=1785585977.047 t=409004487 W DAT 0x00 (CGRAM ref #0)
t_wall=1785585977.050 t=409008387 W DAT 0x14
t_wall=1785585977.051 t=409008567 W CMD 0x0C [DISP_CTRL disp=1 cur=0 blink=0]
t_wall=1785585977.107 t=409064956 W CMD 0x58 [SET_CGRAM 0x18]
t_wall=1785585977.108 t=409065014 W DAT 0x1C
t_wall=1785585977.111 t=409068862 W DAT 0x14
t_wall=1785585977.111 t=409068900 W DAT 0x0C
t_wall=1785585977.114 t=409072762 W DAT 0x18
t_wall=1785585977.118 t=409076537 W DAT 0x0C
t_wall=1785585977.122 t=409080354 W DAT 0x14
t_wall=1785585977.122 t=409080392 W DAT 0x00 (CGRAM ref #0)
t_wall=1785585977.123 t=409080430 W DAT 0x1C
t_wall=1785585977.126 t=409084098 W CMD 0x0C [DISP_CTRL disp=1 cur=0 blink=0]
t_wall=1785585977.129 t=409086738 W CMD 0x78 [SET_CGRAM 0x38]
t_wall=1785585977.129 t=409086797 W DAT 0x07 (CGRAM ref #7)
t_wall=1785585977.129 t=409086835 W DAT 0x07 (CGRAM ref #7)
t_wall=1785585977.130 t=409086873 W DAT 0x07 (CGRAM ref #7)
t_wall=1785585977.130 t=409086911 W DAT 0x00 (CGRAM ref #0)
t_wall=1785585977.133 t=409090744 W DAT 0x07 (CGRAM ref #7)
t_wall=1785585977.133 t=409090782 W DAT 0x07 (CGRAM ref #7)
t_wall=1785585977.133 t=409090820 W DAT 0x17
t_wall=1785585977.133 t=409090858 W DAT 0x1F
t_wall=1785585977.138 t=409095655 W CMD 0x0C [DISP_CTRL disp=1 cur=0 blink=0]
t_wall=1785585977.194 t=409152371 W CMD 0x58 [SET_CGRAM 0x18]
t_wall=1785585977.195 t=409152429 W DAT 0x1C
t_wall=1785585977.195 t=409152482 W DAT 0x1C
t_wall=1785585977.198 t=409156328 W DAT 0x0C
t_wall=1785585977.202 t=409160144 W DAT 0x18
t_wall=1785585977.206 t=409164017 W DAT 0x0C
t_wall=1785585977.210 t=409167878 W DAT 0x14
t_wall=1785585977.210 t=409167916 W DAT 0x00 (CGRAM ref #0)
t_wall=1785585977.214 t=409171733 W DAT 0x1C
t_wall=1785585977.220 t=409177444 W CMD 0x0C [DISP_CTRL disp=1 cur=0 blink=0]
t_wall=1785585977.282 t=409229189 W CMD 0x58 [SET_CGRAM 0x18]
t_wall=1785585977.286 t=409229247 W DAT 0x1C
t_wall=1785585977.292 t=409229300 W DAT 0x1C
t_wall=1785585977.301 t=409233161 W DAT 0x04 (CGRAM ref #4)
t_wall=1785585977.305 t=409233199 W DAT 0x18
t_wall=1785585977.308 t=409237017 W DAT 0x1C
t_wall=1785585977.315 t=409240863 W DAT 0x04 (CGRAM ref #4)
t_wall=1785585977.321 t=409240901 W DAT 0x00 (CGRAM ref #0)
t_wall=1785585977.326 t=409244749 W DAT 0x1C
t_wall=1785585977.335 t=409249685 W CMD 0x0C [DISP_CTRL disp=1 cur=0 blink=0]
t_wall=1785585977.364 t=409312192 W CMD 0x58 [SET_CGRAM 0x18]
t_wall=1785585977.370 t=409312265 W DAT 0x1C
t_wall=1785585977.376 t=409312318 W DAT 0x1C
t_wall=1785585977.382 t=409316186 W DAT 0x0C
t_wall=1785585977.388 t=409320002 W DAT 0x10
t_wall=1785585977.393 t=409323850 W DAT 0x1C
t_wall=1785585977.401 t=409327712 W DAT 0x04 (CGRAM ref #4)
t_wall=1785585977.408 t=409327750 W DAT 0x00 (CGRAM ref #0)
t_wall=1785585977.413 t=409331566 W DAT 0x14
t_wall=1785585977.425 t=409331746 W CMD 0x0C [DISP_CTRL disp=1 cur=0 blink=0]
t_wall=1785585977.447 t=409399797 W CMD 0x58 [SET_CGRAM 0x18]
t_wall=1785585977.450 t=409399870 W DAT 0x04 (CGRAM ref #4)
t_wall=1785585977.452 t=409399908 W DAT 0x1C
t_wall=1785585977.454 t=409403758 W DAT 0x14
t_wall=1785585977.456 t=409403796 W DAT 0x10
t_wall=1785585977.459 t=409407631 W DAT 0x1C
t_wall=1785585977.462 t=409411475 W DAT 0x04 (CGRAM ref #4)
t_wall=1785585977.468 t=409411513 W DAT 0x00 (CGRAM ref #0)
t_wall=1785585977.472 t=409411551 W DAT 0x04 (CGRAM ref #4)
t_wall=1785585977.478 t=409411731 W CMD 0x0C [DISP_CTRL disp=1 cur=0 blink=0]
t_wall=1785585977.525 t=409478957 W CMD 0x58 [SET_CGRAM 0x18]
t_wall=1785585977.527 t=409479016 W DAT 0x0C
t_wall=1785585977.529 t=409479068 W DAT 0x14
t_wall=1785585977.531 t=409479106 W DAT 0x1C
t_wall=1785585977.533 t=409482956 W DAT 0x18
t_wall=1785585977.536 t=409486818 W DAT 0x1C
t_wall=1785585977.540 t=409490655 W DAT 0x04 (CGRAM ref #4)
t_wall=1785585977.543 t=409490693 W DAT 0x00 (CGRAM ref #0)
t_wall=1785585977.545 t=409494511 W DAT 0x0C
t_wall=1785585977.549 t=409500772 W CMD 0x0C [DISP_CTRL disp=1 cur=0 blink=0]
t_wall=1785585977.595 t=409551232 W CMD 0x58 [SET_CGRAM 0x18]
t_wall=1785585977.596 t=409551291 W DAT 0x0C
t_wall=1785585977.597 t=409551344 W DAT 0x1C
t_wall=1785585977.597 t=409555161 W DAT 0x1C
t_wall=1785585977.601 t=409559007 W DAT 0x18
t_wall=1785585977.605 t=409562854 W DAT 0x1C
t_wall=1785585977.610 t=409566687 W DAT 0x04 (CGRAM ref #4)
t_wall=1785585977.613 t=409566725 W DAT 0x00 (CGRAM ref #0)
t_wall=1785585977.614 t=409570572 W DAT 0x0C
t_wall=1785585977.625 t=409577597 W CMD 0x78 [SET_CGRAM 0x38]
t_wall=1785585977.631 t=409577656 W DAT 0x07 (CGRAM ref #7)
t_wall=1785585977.637 t=409577694 W DAT 0x07 (CGRAM ref #7)
t_wall=1785585977.643 t=409577732 W DAT 0x07 (CGRAM ref #7)
t_wall=1785585977.649 t=409577770 W DAT 0x00 (CGRAM ref #0)
t_wall=1785585977.654 t=409581632 W DAT 0x07 (CGRAM ref #7)
t_wall=1785585977.656 t=409581670 W DAT 0x17
t_wall=1785585977.659 t=409581708 W DAT 0x17
t_wall=1785585977.662 t=409581746 W DAT 0x1F
t_wall=1785585977.670 t=409588267 W CMD 0x0C [DISP_CTRL disp=1 cur=0 blink=0]
t_wall=1785585977.681 t=409632552 W CMD 0x58 [SET_CGRAM 0x18]
t_wall=1785585977.685 t=409632611 W DAT 0x1C
t_wall=1785585977.689 t=409632664 W DAT 0x0C
t_wall=1785585977.693 t=409636508 W DAT 0x14
t_wall=1785585977.696 t=409636547 W DAT 0x18
t_wall=1785585977.700 t=409640394 W DAT 0x1C
t_wall=1785585977.706 t=409644256 W DAT 0x04 (CGRAM ref #4)
t_wall=1785585977.711 t=409644294 W DAT 0x00 (CGRAM ref #0)
t_wall=1785585977.715 t=409648110 W DAT 0x1C
t_wall=1785585977.722 t=409653109 W CMD 0x0C [DISP_CTRL disp=1 cur=0 blink=0]
t_wall=1785585977.763 t=409715591 W CMD 0x58 [SET_CGRAM 0x18]
t_wall=1785585977.766 t=409715650 W DAT 0x1C
t_wall=1785585977.769 t=409715702 W DAT 0x0C
t_wall=1785585977.772 t=409719578 W DAT 0x1C
t_wall=1785585977.774 t=409723413 W DAT 0x10
t_wall=1785585977.776 t=409727228 W DAT 0x1C
t_wall=1785585977.784 t=409731075 W DAT 0x04 (CGRAM ref #4)
t_wall=1785585977.793 t=409731113 W DAT 0x00 (CGRAM ref #0)
t_wall=1785585977.799 t=409734962 W DAT 0x14
t_wall=1785585977.805 t=409735142 W CMD 0x0C [DISP_CTRL disp=1 cur=0 blink=0]
t_wall=1785585977.850 t=409802313 W CMD 0x58 [SET_CGRAM 0x18]
t_wall=1785585977.854 t=409802372 W DAT 0x14
t_wall=1785585977.858 t=409802410 W DAT 0x0C
t_wall=1785585977.862 t=409806257 W DAT 0x14
t_wall=1785585977.866 t=409806295 W DAT 0x10
t_wall=1785585977.870 t=409810111 W DAT 0x1C
t_wall=1785585977.875 t=409813988 W DAT 0x14
t_wall=1785585977.880 t=409814026 W DAT 0x00 (CGRAM ref #0)
t_wall=1785585977.882 t=409817861 W DAT 0x14
t_wall=1785585977.890 t=409818041 W CMD 0x0C [DISP_CTRL disp=1 cur=0 blink=0]
t_wall=1785585977.937 t=409885305 W CMD 0x58 [SET_CGRAM 0x18]
t_wall=1785585977.942 t=409885378 W DAT 0x1C
t_wall=1785585977.948 t=409885431 W DAT 0x04 (CGRAM ref #4)
t_wall=1785585977.954 t=409885469 W DAT 0x1C
t_wall=1785585977.958 t=409889313 W DAT 0x18
t_wall=1785585977.963 t=409893162 W DAT 0x1C
t_wall=1785585977.967 t=409897016 W DAT 0x14
t_wall=1785585977.974 t=409897054 W DAT 0x00 (CGRAM ref #0)
t_wall=1785585977.977 t=409897092 W DAT 0x1C
t_wall=1785585977.985 t=409904117 W CMD 0x0C [DISP_CTRL disp=1 cur=0 blink=0]
t_wall=1785585978.006 t=409959574 W CMD 0x78 [SET_CGRAM 0x38]
t_wall=1785585978.013 t=409959632 W DAT 0x07 (CGRAM ref #7)
t_wall=1785585978.022 t=409959670 W DAT 0x07 (CGRAM ref #7)
t_wall=1785585978.029 t=409959708 W DAT 0x07 (CGRAM ref #7)
t_wall=1785585978.037 t=409959746 W DAT 0x00 (CGRAM ref #0)
t_wall=1785585978.041 t=409963591 W DAT 0x17
t_wall=1785585978.046 t=409963630 W DAT 0x17
t_wall=1785585978.050 t=409963668 W DAT 0x17
t_wall=1785585978.053 t=409963706 W DAT 0x1F
t_wall=1785585978.059 t=409969805 W CMD 0x58 [SET_CGRAM 0x18]
t_wall=1785585978.063 t=409969863 W DAT 0x1C
t_wall=1785585978.066 t=409969916 W DAT 0x0C
t_wall=1785585978.068 t=409973794 W DAT 0x1C
t_wall=1785585978.070 t=409977626 W DAT 0x18
t_wall=1785585978.071 t=409981442 W DAT 0x1C
t_wall=1785585978.073 t=409985310 W DAT 0x14
t_wall=1785585978.077 t=409985349 W DAT 0x00 (CGRAM ref #0)
t_wall=1785585978.079 t=409989198 W DAT 0x1C
t_wall=1785585978.087 t=409995448 W CMD 0x0C [DISP_CTRL disp=1 cur=0 blink=0]
t_wall=1785585978.091 t=410045849 W CMD 0x58 [SET_CGRAM 0x18]
t_wall=1785585978.092 t=410045908 W DAT 0x1C
t_wall=1785585978.094 t=410045960 W DAT 0x1C
t_wall=1785585978.096 t=410049804 W DAT 0x14
t_wall=1785585978.098 t=410049842 W DAT 0x08
t_wall=1785585978.100 t=410053691 W DAT 0x1C
t_wall=1785585978.103 t=410057526 W DAT 0x04 (CGRAM ref #4)
t_wall=1785585978.105 t=410057564 W DAT 0x00 (CGRAM ref #0)
t_wall=1785585978.107 t=410061409 W DAT 0x0C
t_wall=1785585978.118 t=410069723 W CMD 0x0C [DISP_CTRL disp=1 cur=0 blink=0]
t_wall=1785585978.172 t=410129787 W CMD 0x58 [SET_CGRAM 0x18]
t_wall=1785585978.173 t=410129846 W DAT 0x1C
t_wall=1785585978.173 t=410129899 W DAT 0x1C
t_wall=1785585978.174 t=410132006 W DAT 0x1C
t_wall=1785585978.178 t=410135869 W DAT 0x00 (CGRAM ref #0)
t_wall=1785585978.182 t=410139685 W DAT 0x1C
t_wall=1785585978.186 t=410143530 W DAT 0x04 (CGRAM ref #4)
t_wall=1785585978.186 t=410143568 W DAT 0x00 (CGRAM ref #0)
t_wall=1785585978.187 t=410143607 W DAT 0x04 (CGRAM ref #4)
t_wall=1785585978.188 t=410143787 W CMD 0x0C [DISP_CTRL disp=1 cur=0 blink=0]
t_wall=1785585978.242 t=410200164 W CMD 0x58 [SET_CGRAM 0x18]
t_wall=1785585978.242 t=410200222 W DAT 0x14
t_wall=1785585978.243 t=410200261 W DAT 0x1C
t_wall=1785585978.246 t=410204079 W DAT 0x14
t_wall=1785585978.246 t=410204117 W DAT 0x10
t_wall=1785585978.250 t=410207962 W DAT 0x1C
t_wall=1785585978.254 t=410211810 W DAT 0x14
t_wall=1785585978.254 t=410211848 W DAT 0x00 (CGRAM ref #0)
t_wall=1785585978.254 t=410211886 W DAT 0x14
t_wall=1785585978.255 t=410212066 W CMD 0x0C [DISP_CTRL disp=1 cur=0 blink=0]
t_wall=1785585978.300 # ALIVE us=410257548 ring_depth=0 drops=0
t_wall=1785585978.332 t=410290083 W CMD 0x58 [SET_CGRAM 0x18]
t_wall=1785585978.332 t=410290142 W DAT 0x1C
t_wall=1785585978.333 t=410290195 W DAT 0x14
t_wall=1785585978.333 t=410290233 W DAT 0x1C
t_wall=1785585978.336 t=410294095 W DAT 0x18
t_wall=1785585978.340 t=410297913 W DAT 0x1C
t_wall=1785585978.344 t=410301729 W DAT 0x14
t_wall=1785585978.344 t=410301767 W DAT 0x00 (CGRAM ref #0)
t_wall=1785585978.344 t=410301805 W DAT 0x1C
t_wall=1785585978.347 t=410304744 W CMD 0x0C [DISP_CTRL disp=1 cur=0 blink=0]
t_wall=1785585978.411 t=410369234 W CMD 0x58 [SET_CGRAM 0x18]
t_wall=1785585978.411 t=410369292 W DAT 0x1C
t_wall=1785585978.415 t=410373126 W DAT 0x1C
t_wall=1785585978.419 t=410376972 W DAT 0x1C
t_wall=1785585978.423 t=410380788 W DAT 0x18
t_wall=1785585978.426 t=410384635 W DAT 0x1C
t_wall=1785585978.430 t=410388499 W DAT 0x14
t_wall=1785585978.431 t=410388537 W DAT 0x00 (CGRAM ref #0)
t_wall=1785585978.434 t=410392352 W DAT 0x1C
t_wall=1785585978.439 t=410397242 W CMD 0x0C [DISP_CTRL disp=1 cur=0 blink=0]
t_wall=1785585978.486 t=410444000 W CMD 0x78 [SET_CGRAM 0x38]
t_wall=1785585978.486 t=410444059 W DAT 0x07 (CGRAM ref #7)
t_wall=1785585978.486 t=410444097 W DAT 0x07 (CGRAM ref #7)
t_wall=1785585978.487 t=410444136 W DAT 0x07 (CGRAM ref #7)
t_wall=1785585978.487 t=410444174 W DAT 0x10
t_wall=1785585978.490 t=410448023 W DAT 0x17
t_wall=1785585978.490 t=410448061 W DAT 0x17
t_wall=1785585978.490 t=410448099 W DAT 0x17
t_wall=1785585978.490 t=410448137 W DAT 0x1F
t_wall=1785585978.495 t=410453486 W CMD 0x58 [SET_CGRAM 0x18]
t_wall=1785585978.496 t=410453545 W DAT 0x1C
t_wall=1785585978.496 t=410453597 W DAT 0x1C
t_wall=1785585978.499 t=410457412 W DAT 0x14
t_wall=1785585978.499 t=410457450 W DAT 0x18
t_wall=1785585978.503 t=410461295 W DAT 0x1C
t_wall=1785585978.507 t=410465145 W DAT 0x04 (CGRAM ref #4)
t_wall=1785585978.508 t=410465183 W DAT 0x00 (CGRAM ref #0)
t_wall=1785585978.511 t=410469033 W DAT 0x1C
t_wall=1785585978.518 t=410476096 W CMD 0x0C [DISP_CTRL disp=1 cur=0 blink=0]
t_wall=1785585978.569 t=410526833 W CMD 0x58 [SET_CGRAM 0x18]
t_wall=1785585978.570 t=410526891 W DAT 0x1C
t_wall=1785585978.570 t=410526944 W DAT 0x1C
t_wall=1785585978.573 t=410530779 W DAT 0x1C
t_wall=1785585978.576 t=410534594 W DAT 0x10
t_wall=1785585978.580 t=410538439 W DAT 0x1C
t_wall=1785585978.584 t=410542289 W DAT 0x04 (CGRAM ref #4)
t_wall=1785585978.585 t=410542327 W DAT 0x00 (CGRAM ref #0)
t_wall=1785585978.588 t=410546159 W DAT 0x14
t_wall=1785585978.588 t=410546367 W CMD 0x0C [DISP_CTRL disp=1 cur=0 blink=0]
t_wall=1785585978.657 t=410614622 W CMD 0x50 [SET_CGRAM 0x10]
t_wall=1785585978.657 t=410614681 W DAT 0x08
t_wall=1785585978.657 t=410614733 W DAT 0x09
t_wall=1785585978.658 t=410614786 W DAT 0x08
t_wall=1785585978.658 t=410614839 W DAT 0x00 (CGRAM ref #0)
t_wall=1785585978.658 t=410614892 W DAT 0x09
t_wall=1785585978.659 t=410614944 W DAT 0x08
t_wall=1785585978.659 t=410614997 W DAT 0x00 (CGRAM ref #0)
t_wall=1785585978.659 t=410615050 W DAT 0x18
t_wall=1785585978.660 t=410616513 W CMD 0x58 [SET_CGRAM 0x18]
t_wall=1785585978.660 t=410616572 W DAT 0x14
t_wall=1785585978.660 t=410616610 W DAT 0x1C
t_wall=1785585978.662 t=410620460 W DAT 0x14
t_wall=1785585978.663 t=410620527 W DAT 0x00 (CGRAM ref #0)
t_wall=1785585978.666 t=410624271 W DAT 0x1C
t_wall=1785585978.670 t=410628105 W DAT 0x14
t_wall=1785585978.670 t=410628143 W DAT 0x00 (CGRAM ref #0)
t_wall=1785585978.670 t=410628181 W DAT 0x14
t_wall=1785585978.671 t=410628403 W CMD 0x0C [DISP_CTRL disp=1 cur=0 blink=0]
t_wall=1785585978.737 t=410695527 W CMD 0x58 [SET_CGRAM 0x18]
t_wall=1785585978.738 t=410695627 W DAT 0x1C
t_wall=1785585978.738 t=410695680 W DAT 0x14
t_wall=1785585978.738 t=410695718 W DAT 0x1C
t_wall=1785585978.741 t=410699495 W DAT 0x08
t_wall=1785585978.745 t=410703365 W DAT 0x1C
t_wall=1785585978.749 t=410707228 W DAT 0x14
t_wall=1785585978.750 t=410707267 W DAT 0x00 (CGRAM ref #0)
t_wall=1785585978.753 t=410711081 W DAT 0x1C
t_wall=1785585978.761 t=410719520 W CMD 0x0C [DISP_CTRL disp=1 cur=0 blink=0]
t_wall=1785585978.810 t=410768660 W CMD 0x58 [SET_CGRAM 0x18]
t_wall=1785585978.811 t=410768719 W DAT 0x1C
t_wall=1785585978.814 t=410772566 W DAT 0x1C
t_wall=1785585978.818 t=410776381 W DAT 0x1C
t_wall=1785585978.822 t=410780257 W DAT 0x08
t_wall=1785585978.826 t=410784092 W DAT 0x1C
t_wall=1785585978.830 t=410787907 W DAT 0x14
t_wall=1785585978.831 t=410787945 W DAT 0x00 (CGRAM ref #0)
t_wall=1785585978.833 t=410791791 W DAT 0x1C
t_wall=1785585978.839 t=410796755 W CMD 0x0C [DISP_CTRL disp=1 cur=0 blink=0]
t_wall=1785585978.901 t=410859296 W CMD 0x58 [SET_CGRAM 0x18]
t_wall=1785585978.902 t=410859355 W DAT 0x0C
t_wall=1785585978.905 t=410863189 W DAT 0x1C
t_wall=1785585978.909 t=410867032 W DAT 0x04 (CGRAM ref #4)
t_wall=1785585978.909 t=410867070 W DAT 0x08
t_wall=1785585978.913 t=410870888 W DAT 0x1C
t_wall=1785585978.917 t=410874738 W DAT 0x04 (CGRAM ref #4)
t_wall=1785585978.917 t=410874777 W DAT 0x00 (CGRAM ref #0)
t_wall=1785585978.920 t=410878636 W DAT 0x0C
t_wall=1785585978.926 t=410884348 W CMD 0x0C [DISP_CTRL disp=1 cur=0 blink=0]
t_wall=1785585978.983 t=410941087 W CMD 0x78 [SET_CGRAM 0x38]
t_wall=1785585978.983 t=410941145 W DAT 0x07 (CGRAM ref #7)
t_wall=1785585978.984 t=410941183 W DAT 0x07 (CGRAM ref #7)
t_wall=1785585978.984 t=410941221 W DAT 0x17
t_wall=1785585978.984 t=410941259 W DAT 0x10
t_wall=1785585978.987 t=410945075 W DAT 0x17
t_wall=1785585978.987 t=410945113 W DAT 0x17
t_wall=1785585978.987 t=410945151 W DAT 0x17
t_wall=1785585978.988 t=410945190 W DAT 0x1F
t_wall=1785585978.993 t=410951352 W CMD 0x58 [SET_CGRAM 0x18]
t_wall=1785585978.994 t=410951410 W DAT 0x0C
t_wall=1785585978.994 t=410951463 W DAT 0x1C
t_wall=1785585978.997 t=410955312 W DAT 0x0C
t_wall=1785585979.001 t=410959144 W DAT 0x00 (CGRAM ref #0)
t_wall=1785585979.001 t=410959182 W DAT 0x1C
t_wall=1785585979.005 t=410963026 W DAT 0x04 (CGRAM ref #4)
t_wall=1785585979.005 t=410963064 W DAT 0x00 (CGRAM ref #0)
t_wall=1785585979.006 t=410963103 W DAT 0x04 (CGRAM ref #4)
t_wall=1785585979.006 t=410963282 W CMD 0x0C [DISP_CTRL disp=1 cur=0 blink=0]
t_wall=1785585979.061 t=411019576 W CMD 0x58 [SET_CGRAM 0x18]
t_wall=1785585979.062 t=411019634 W DAT 0x14
t_wall=1785585979.062 t=411019673 W DAT 0x1C
t_wall=1785585979.062 t=411019748 W DAT 0x04 (CGRAM ref #4)
t_wall=1785585979.063 t=411019787 W DAT 0x10
t_wall=1785585979.065 t=411023619 W DAT 0x0C
t_wall=1785585979.069 t=411027463 W DAT 0x14
t_wall=1785585979.070 t=411027501 W DAT 0x00 (CGRAM ref #0)
t_wall=1785585979.073 t=411031319 W DAT 0x14
t_wall=1785585979.074 t=411031499 W CMD 0x0C [DISP_CTRL disp=1 cur=0 blink=0]
t_wall=1785585979.141 t=411098775 W CMD 0x58 [SET_CGRAM 0x18]
t_wall=1785585979.141 t=411098834 W DAT 0x1C
t_wall=1785585979.142 t=411098886 W DAT 0x14
t_wall=1785585979.142 t=411098924 W DAT 0x0C
t_wall=1785585979.144 t=411102756 W DAT 0x18
t_wall=1785585979.148 t=411106572 W DAT 0x0C
t_wall=1785585979.152 t=411110419 W DAT 0x14
t_wall=1785585979.152 t=411110458 W DAT 0x00 (CGRAM ref #0)
t_wall=1785585979.153 t=411110496 W DAT 0x1C
t_wall=1785585979.158 t=411115485 W CMD 0x0C [DISP_CTRL disp=1 cur=0 blink=0]
t_wall=1785585979.220 t=411178019 W CMD 0x58 [SET_CGRAM 0x18]
t_wall=1785585979.220 t=411178078 W DAT 0x1C
t_wall=1785585979.220 t=411178130 W DAT 0x1C
t_wall=1785585979.224 t=411181963 W DAT 0x0C
t_wall=1785585979.227 t=411185807 W DAT 0x10
t_wall=1785585979.228 t=411185845 W DAT 0x0C
t_wall=1785585979.231 t=411189664 W DAT 0x14
t_wall=1785585979.231 t=411189702 W DAT 0x00 (CGRAM ref #0)
t_wall=1785585979.236 t=411193549 W DAT 0x14
t_wall=1785585979.237 t=411193729 W CMD 0x0C [DISP_CTRL disp=1 cur=0 blink=0]
t_wall=1785585980.300 # ALIVE us=412257594 ring_depth=0 drops=0
t_wall=1785585982.300 # ALIVE us=414257640 ring_depth=0 drops=0
t_wall=1785585984.299 # ALIVE us=416257685 ring_depth=0 drops=0
t_wall=1785585986.089 t=418046725 W CMD 0x58 [SET_CGRAM 0x18]
t_wall=1785585986.089 t=418046784 W DAT 0x1C
t_wall=1785585986.089 t=418046837 W DAT 0x14
t_wall=1785585986.090 t=418046875 W DAT 0x0C
t_wall=1785585986.092 t=418050708 W DAT 0x18
t_wall=1785585986.096 t=418054555 W DAT 0x0C
t_wall=1785585986.100 t=418058371 W DAT 0x1C
t_wall=1785585986.104 t=418062219 W DAT 0x00 (CGRAM ref #0)
t_wall=1785585986.107 t=418066082 W DAT 0x1C
t_wall=1785585986.115 t=418072161 W CMD 0x0C [DISP_CTRL disp=1 cur=0 blink=0]
t_wall=1785585986.299 # ALIVE us=418257731 ring_depth=0 drops=0
t_wall=1785585986.486 t=418444578 W CMD 0x58 [SET_CGRAM 0x18]
t_wall=1785585986.486 t=418444665 W DAT 0x1C
t_wall=1785585986.490 t=418448499 W DAT 0x1C
t_wall=1785585986.494 t=418452317 W DAT 0x04 (CGRAM ref #4)
t_wall=1785585986.494 t=418452355 W DAT 0x18
t_wall=1785585986.498 t=418456199 W DAT 0x04 (CGRAM ref #4)
t_wall=1785585986.498 t=418456237 W DAT 0x1C
t_wall=1785585986.501 t=418460085 W DAT 0x00 (CGRAM ref #0)
t_wall=1785585986.505 t=418463940 W DAT 0x1C
t_wall=1785585986.512 t=418470150 W CMD 0x0C [DISP_CTRL disp=1 cur=0 blink=0]
t_wall=1785585986.562 t=418520585 W CMD 0x58 [SET_CGRAM 0x18]
t_wall=1785585986.562 t=418520644 W DAT 0x0C
t_wall=1785585986.562 t=418520696 W DAT 0x1C
t_wall=1785585986.566 t=418524544 W DAT 0x0C
t_wall=1785585986.570 t=418528379 W DAT 0x08
t_wall=1785585986.574 t=418532222 W DAT 0x1C
t_wall=1785585986.577 t=418536040 W DAT 0x0C
t_wall=1785585986.581 t=418539910 W DAT 0x00 (CGRAM ref #0)
t_wall=1785585986.585 t=418543771 W DAT 0x0C
t_wall=1785585986.592 t=418549552 W CMD 0x0C [DISP_CTRL disp=1 cur=0 blink=0]
t_wall=1785585986.643 t=418601291 W CMD 0x58 [SET_CGRAM 0x18]
t_wall=1785585986.644 t=418601350 W DAT 0x04 (CGRAM ref #4)
t_wall=1785585986.644 t=418601388 W DAT 0x1C
t_wall=1785585986.644 t=418601462 W DAT 0x0C
t_wall=1785585986.647 t=418605323 W DAT 0x08
t_wall=1785585986.651 t=418609142 W DAT 0x1C
t_wall=1785585986.655 t=418612958 W DAT 0x04 (CGRAM ref #4)
t_wall=1785585986.655 t=418612996 W DAT 0x00 (CGRAM ref #0)
t_wall=1785585986.658 t=418616872 W DAT 0x04 (CGRAM ref #4)
t_wall=1785585986.659 t=418617052 W CMD 0x0C [DISP_CTRL disp=1 cur=0 blink=0]
t_wall=1785585986.665 t=418622984 W CMD 0x78 [SET_CGRAM 0x38]
t_wall=1785585986.665 t=418623057 W DAT 0x07 (CGRAM ref #7)
t_wall=1785585986.666 t=418623095 W DAT 0x07 (CGRAM ref #7)
t_wall=1785585986.667 t=418623133 W DAT 0x07 (CGRAM ref #7)
t_wall=1785585986.667 t=418623171 W DAT 0x10
t_wall=1785585986.668 t=418627017 W DAT 0x17
t_wall=1785585986.669 t=418627055 W DAT 0x17
t_wall=1785585986.669 t=418627094 W DAT 0x17
t_wall=1785585986.669 t=418627132 W DAT 0x1F
t_wall=1785585986.675 t=418633280 W CMD 0x0C [DISP_CTRL disp=1 cur=0 blink=0]
t_wall=1785585986.730 t=418688729 W CMD 0x58 [SET_CGRAM 0x18]
t_wall=1785585986.731 t=418688816 W DAT 0x0C
t_wall=1785585986.734 t=418692632 W DAT 0x1C
t_wall=1785585986.738 t=418696481 W DAT 0x0C
t_wall=1785585986.742 t=418700344 W DAT 0x00 (CGRAM ref #0)
t_wall=1785585986.745 t=418704158 W DAT 0x1C
t_wall=1785585986.749 t=418707976 W DAT 0x0C
t_wall=1785585986.754 t=418711854 W DAT 0x00 (CGRAM ref #0)
t_wall=1785585986.757 t=418715686 W DAT 0x0C
t_wall=1785585986.763 t=418721488 W CMD 0x0C [DISP_CTRL disp=1 cur=0 blink=0]
t_wall=1785585986.815 t=418773170 W CMD 0x58 [SET_CGRAM 0x18]
t_wall=1785585986.815 t=418773228 W DAT 0x1C
t_wall=1785585986.818 t=418777106 W DAT 0x14
t_wall=1785585986.819 t=418777144 W DAT 0x1C
t_wall=1785585986.822 t=418780975 W DAT 0x08
t_wall=1785585986.826 t=418784821 W DAT 0x1C
t_wall=1785585986.830 t=418788639 W DAT 0x1C
t_wall=1785585986.834 t=418792486 W DAT 0x00 (CGRAM ref #0)
t_wall=1785585986.838 t=418796348 W DAT 0x1C
t_wall=1785585986.844 t=418802084 W CMD 0x0C [DISP_CTRL disp=1 cur=0 blink=0]
t_wall=1785585986.895 t=418853854 W CMD 0x58 [SET_CGRAM 0x18]
t_wall=1785585986.896 t=418853933 W DAT 0x1C
t_wall=1785585986.899 t=418857766 W DAT 0x1C
t_wall=1785585986.903 t=418861613 W DAT 0x14
t_wall=1785585986.903 t=418861651 W DAT 0x08
t_wall=1785585986.907 t=418865424 W DAT 0x14
t_wall=1785585986.907 t=418865462 W DAT 0x1C
t_wall=1785585986.911 t=418869308 W DAT 0x00 (CGRAM ref #0)
t_wall=1785585986.914 t=418873157 W DAT 0x1C
t_wall=1785585986.921 t=418879406 W CMD 0x0C [DISP_CTRL disp=1 cur=0 blink=0]
t_wall=1785585986.981 t=418939496 W CMD 0x50 [SET_CGRAM 0x10]
t_wall=1785585986.982 t=418939555 W DAT 0x08
t_wall=1785585986.982 t=418939608 W DAT 0x08
t_wall=1785585986.982 t=418939661 W DAT 0x08
t_wall=1785585986.983 t=418939713 W DAT 0x00 (CGRAM ref #0)
t_wall=1785585986.983 t=418939781 W DAT 0x08
t_wall=1785585986.983 t=418939834 W DAT 0x08
t_wall=1785585986.984 t=418939886 W DAT 0x00 (CGRAM ref #0)
t_wall=1785585986.984 t=418939939 W DAT 0x18
t_wall=1785585986.985 t=418942263 W CMD 0x58 [SET_CGRAM 0x18]
t_wall=1785585986.985 t=418942322 W DAT 0x1C
t_wall=1785585986.985 t=418942375 W DAT 0x1C
t_wall=1785585986.988 t=418946221 W DAT 0x1C
t_wall=1785585986.991 t=418950092 W DAT 0x18
t_wall=1785585986.995 t=418953925 W DAT 0x1C
t_wall=1785585986.999 t=418957772 W DAT 0x0C
t_wall=1785585987.003 t=418961588 W DAT 0x00 (CGRAM ref #0)
t_wall=1785585987.007 t=418965465 W DAT 0x1C
t_wall=1785585987.012 t=418970285 W CMD 0x0C [DISP_CTRL disp=1 cur=0 blink=0]
t_wall=1785585987.064 t=419022043 W CMD 0x58 [SET_CGRAM 0x18]
t_wall=1785585987.064 t=419022101 W DAT 0x14
t_wall=1785585987.064 t=419022139 W DAT 0x1C
t_wall=1785585987.067 t=419025959 W DAT 0x1C
t_wall=1785585987.071 t=419029835 W DAT 0x18
t_wall=1785585987.075 t=419033668 W DAT 0x1C
t_wall=1785585987.079 t=419037486 W DAT 0x04 (CGRAM ref #4)
t_wall=1785585987.080 t=419037525 W DAT 0x00 (CGRAM ref #0)
t_wall=1785585987.083 t=419041370 W DAT 0x14
t_wall=1785585987.083 t=419041550 W CMD 0x0C [DISP_CTRL disp=1 cur=0 blink=0]
t_wall=1785585987.146 t=419103775 W CMD 0x78 [SET_CGRAM 0x38]
t_wall=1785585987.146 t=419103834 W DAT 0x07 (CGRAM ref #7)
t_wall=1785585987.146 t=419103872 W DAT 0x07 (CGRAM ref #7)
t_wall=1785585987.147 t=419103910 W DAT 0x07 (CGRAM ref #7)
t_wall=1785585987.147 t=419103949 W DAT 0x00 (CGRAM ref #0)
t_wall=1785585987.149 t=419107796 W DAT 0x17
t_wall=1785585987.149 t=419107834 W DAT 0x17
t_wall=1785585987.150 t=419107872 W DAT 0x17
t_wall=1785585987.150 t=419107910 W DAT 0x1F
t_wall=1785585987.156 t=419114090 W CMD 0x58 [SET_CGRAM 0x18]
t_wall=1785585987.156 t=419114149 W DAT 0x1C
t_wall=1785585987.156 t=419114201 W DAT 0x1C
t_wall=1785585987.159 t=419118019 W DAT 0x1C
t_wall=1785585987.163 t=419121835 W DAT 0x10
t_wall=1785585987.167 t=419125712 W DAT 0x1C
t_wall=1785585987.171 t=419129547 W DAT 0x0C
t_wall=1785585987.175 t=419133363 W DAT 0x00 (CGRAM ref #0)
t_wall=1785585987.179 t=419137231 W DAT 0x1C
t_wall=1785585987.185 t=419142115 W CMD 0x0C [DISP_CTRL disp=1 cur=0 blink=0]
t_wall=1785585987.236 t=419194766 W CMD 0x58 [SET_CGRAM 0x18]
t_wall=1785585987.237 t=419194825 W DAT 0x1C
t_wall=1785585987.237 t=419194877 W DAT 0x14
t_wall=1785585987.237 t=419194915 W DAT 0x1C
t_wall=1785585987.240 t=419198785 W DAT 0x18
t_wall=1785585987.244 t=419202633 W DAT 0x1C
t_wall=1785585987.248 t=419206466 W DAT 0x1C
t_wall=1785585987.252 t=419210313 W DAT 0x00 (CGRAM ref #0)
t_wall=1785585987.255 t=419214129 W DAT 0x1C
t_wall=1785585987.261 t=419219048 W CMD 0x0C [DISP_CTRL disp=1 cur=0 blink=0]
t_wall=1785585987.312 t=419270790 W CMD 0x58 [SET_CGRAM 0x18]
t_wall=1785585987.313 t=419270848 W DAT 0x1C
t_wall=1785585987.313 t=419270901 W DAT 0x1C
t_wall=1785585987.316 t=419274748 W DAT 0x14
t_wall=1785585987.316 t=419274786 W DAT 0x18
t_wall=1785585987.320 t=419278601 W DAT 0x14
t_wall=1785585987.320 t=419278640 W DAT 0x1C
t_wall=1785585987.324 t=419282488 W DAT 0x00 (CGRAM ref #0)
t_wall=1785585987.328 t=419286351 W DAT 0x1C
t_wall=1785585987.335 t=419293366 W CMD 0x0C [DISP_CTRL disp=1 cur=0 blink=0]
t_wall=1785585987.395 t=419353809 W CMD 0x58 [SET_CGRAM 0x18]
t_wall=1785585987.396 t=419353868 W DAT 0x1C
t_wall=1785585987.396 t=419353920 W DAT 0x1C
t_wall=1785585987.399 t=419357764 W DAT 0x1C
t_wall=1785585987.403 t=419361613 W DAT 0x08
t_wall=1785585987.407 t=419365448 W DAT 0x1C
t_wall=1785585987.411 t=419369292 W DAT 0x0C
t_wall=1785585987.415 t=419373108 W DAT 0x00 (CGRAM ref #0)
t_wall=1785585987.418 t=419376958 W DAT 0x0C
t_wall=1785585987.426 t=419384068 W CMD 0x0C [DISP_CTRL disp=1 cur=0 blink=0]
t_wall=1785585987.479 t=419434457 W CMD 0x58 [SET_CGRAM 0x18]
t_wall=1785585987.481 t=419434515 W DAT 0x14
t_wall=1785585987.483 t=419434554 W DAT 0x1C
t_wall=1785585987.484 t=419438370 W DAT 0x1C
t_wall=1785585987.485 t=419442220 W DAT 0x08
t_wall=1785585987.488 t=419446080 W DAT 0x1C
t_wall=1785585987.492 t=419449898 W DAT 0x04 (CGRAM ref #4)
t_wall=1785585987.494 t=419449936 W DAT 0x00 (CGRAM ref #0)
t_wall=1785585987.496 t=419453782 W DAT 0x04 (CGRAM ref #4)
t_wall=1785585987.498 t=419453962 W CMD 0x0C [DISP_CTRL disp=1 cur=0 blink=0]
t_wall=1785585987.563 t=419521162 W CMD 0x58 [SET_CGRAM 0x18]
t_wall=1785585987.563 t=419521221 W DAT 0x1C
t_wall=1785585987.564 t=419521274 W DAT 0x1C
t_wall=1785585987.567 t=419525128 W DAT 0x1C
t_wall=1785585987.571 t=419528974 W DAT 0x00 (CGRAM ref #0)
t_wall=1785585987.574 t=419532808 W DAT 0x1C
t_wall=1785585987.578 t=419536656 W DAT 0x0C
t_wall=1785585987.582 t=419540519 W DAT 0x00 (CGRAM ref #0)
t_wall=1785585987.586 t=419544335 W DAT 0x0C
t_wall=1785585987.592 t=419550104 W CMD 0x0C [DISP_CTRL disp=1 cur=0 blink=0]
t_wall=1785585987.638 t=419596919 W CMD 0x78 [SET_CGRAM 0x38]
t_wall=1785585987.639 t=419596993 W DAT 0x07 (CGRAM ref #7)
t_wall=1785585987.639 t=419597031 W DAT 0x07 (CGRAM ref #7)
t_wall=1785585987.640 t=419597069 W DAT 0x07 (CGRAM ref #7)
t_wall=1785585987.640 t=419597107 W DAT 0x00 (CGRAM ref #0)
t_wall=1785585987.642 t=419600955 W DAT 0x07 (CGRAM ref #7)
t_wall=1785585987.643 t=419601015 W DAT 0x17
t_wall=1785585987.643 t=419601053 W DAT 0x17
t_wall=1785585987.643 t=419601091 W DAT 0x1F
t_wall=1785585987.649 t=419607261 W CMD 0x58 [SET_CGRAM 0x18]
t_wall=1785585987.649 t=419607320 W DAT 0x1C
t_wall=1785585987.650 t=419607372 W DAT 0x04 (CGRAM ref #4)
t_wall=1785585987.650 t=419607411 W DAT 0x1C
t_wall=1785585987.652 t=419611228 W DAT 0x18
t_wall=1785585987.656 t=419615126 W DAT 0x1C
t_wall=1785585987.660 t=419618961 W DAT 0x1C
t_wall=1785585987.664 t=419622777 W DAT 0x00 (CGRAM ref #0)
t_wall=1785585987.668 t=419626623 W DAT 0x1C
t_wall=1785585987.673 t=419631484 W CMD 0x0C [DISP_CTRL disp=1 cur=0 blink=0]
t_wall=1785585987.725 t=419683223 W CMD 0x58 [SET_CGRAM 0x18]
t_wall=1785585987.725 t=419683281 W DAT 0x1C
t_wall=1785585987.725 t=419683334 W DAT 0x0C
t_wall=1785585987.729 t=419687201 W DAT 0x14
t_wall=1785585987.729 t=419687239 W DAT 0x18
t_wall=1785585987.732 t=419691058 W DAT 0x14
t_wall=1785585987.733 t=419691096 W DAT 0x1C
t_wall=1785585987.736 t=419694943 W DAT 0x00 (CGRAM ref #0)
t_wall=1785585987.737 t=419694981 W DAT 0x1C
t_wall=1785585987.741 t=419699551 W CMD 0x0C [DISP_CTRL disp=1 cur=0 blink=0]
t_wall=1785585987.794 t=419752436 W CMD 0x58 [SET_CGRAM 0x18]
t_wall=1785585987.794 t=419752523 W DAT 0x1C
t_wall=1785585987.795 t=419752576 W DAT 0x0C
t_wall=1785585987.798 t=419756426 W DAT 0x1C
t_wall=1785585987.802 t=419760257 W DAT 0x18
t_wall=1785585987.805 t=419764102 W DAT 0x1C
t_wall=1785585987.809 t=419767879 W DAT 0x0C
t_wall=1785585987.813 t=419771725 W DAT 0x00 (CGRAM ref #0)
t_wall=1785585987.817 t=419775574 W DAT 0x1C
t_wall=1785585987.822 t=419780544 W CMD 0x0C [DISP_CTRL disp=1 cur=0 blink=0]
t_wall=1785585987.884 t=419842973 W CMD 0x58 [SET_CGRAM 0x18]
t_wall=1785585987.884 t=419843031 W DAT 0x14
t_wall=1785585987.885 t=419843070 W DAT 0x0C
t_wall=1785585987.885 t=419843122 W DAT 0x1C
t_wall=1785585987.888 t=419846967 W DAT 0x18
t_wall=1785585987.892 t=419850785 W DAT 0x1C
t_wall=1785585987.896 t=419854632 W DAT 0x04 (CGRAM ref #4)
t_wall=1785585987.896 t=419854670 W DAT 0x00 (CGRAM ref #0)
t_wall=1785585987.900 t=419858532 W DAT 0x14
t_wall=1785585987.900 t=419858712 W CMD 0x0C [DISP_CTRL disp=1 cur=0 blink=0]
t_wall=1785585987.967 t=419925857 W CMD 0x58 [SET_CGRAM 0x18]
t_wall=1785585987.968 t=419925915 W DAT 0x1C
t_wall=1785585987.971 t=419929734 W DAT 0x0C
t_wall=1785585987.975 t=419933609 W DAT 0x1C
t_wall=1785585987.979 t=419937443 W DAT 0x10
t_wall=1785585987.983 t=419941261 W DAT 0x1C
t_wall=1785585987.986 t=419945105 W DAT 0x0C
t_wall=1785585987.990 t=419948954 W DAT 0x00 (CGRAM ref #0)
t_wall=1785585987.991 t=419948992 W DAT 0x1C
t_wall=1785585987.995 t=419953459 W CMD 0x0C [DISP_CTRL disp=1 cur=0 blink=0]
t_wall=1785585988.048 t=420006479 W CMD 0x58 [SET_CGRAM 0x18]
t_wall=1785585988.048 t=420006538 W DAT 0x0C
t_wall=1785585988.049 t=420006590 W DAT 0x14
t_wall=1785585988.049 t=420006629 W DAT 0x1C
t_wall=1785585988.052 t=420010477 W DAT 0x18
t_wall=1785585988.056 t=420014309 W DAT 0x1C
t_wall=1785585988.059 t=420018156 W DAT 0x0C
t_wall=1785585988.063 t=420021971 W DAT 0x00 (CGRAM ref #0)
t_wall=1785585988.064 t=420022009 W DAT 0x0C
t_wall=1785585988.070 t=420028299 W CMD 0x0C [DISP_CTRL disp=1 cur=0 blink=0]
t_wall=1785585988.131 t=420089523 W CMD 0x58 [SET_CGRAM 0x18]
t_wall=1785585988.131 t=420089582 W DAT 0x0C
t_wall=1785585988.132 t=420089635 W DAT 0x1C
t_wall=1785585988.135 t=420093495 W DAT 0x14
t_wall=1785585988.135 t=420093533 W DAT 0x18
t_wall=1785585988.139 t=420097351 W DAT 0x14
t_wall=1785585988.139 t=420097389 W DAT 0x0C
t_wall=1785585988.143 t=420101234 W DAT 0x00 (CGRAM ref #0)
t_wall=1785585988.146 t=420105083 W DAT 0x0C
t_wall=1785585988.152 t=420110029 W CMD 0x0C [DISP_CTRL disp=1 cur=0 blink=0]
t_wall=1785585988.153 t=420111324 W CMD 0x78 [SET_CGRAM 0x38]
t_wall=1785585988.153 t=420111411 W DAT 0x07 (CGRAM ref #7)
t_wall=1785585988.154 t=420111449 W DAT 0x07 (CGRAM ref #7)
t_wall=1785585988.154 t=420111488 W DAT 0x07 (CGRAM ref #7)
t_wall=1785585988.155 t=420111526 W DAT 0x00 (CGRAM ref #0)
t_wall=1785585988.155 t=420111564 W DAT 0x07 (CGRAM ref #7)
t_wall=1785585988.155 t=420111603 W DAT 0x07 (CGRAM ref #7)
t_wall=1785585988.156 t=420111641 W DAT 0x17
t_wall=1785585988.156 t=420111679 W DAT 0x1F
t_wall=1785585988.157 t=420113180 W CMD 0x0C [DISP_CTRL disp=1 cur=0 blink=0]
t_wall=1785585988.214 t=420173144 W CMD 0x58 [SET_CGRAM 0x18]
t_wall=1785585988.215 t=420173203 W DAT 0x1C
t_wall=1785585988.215 t=420173256 W DAT 0x1C
t_wall=1785585988.218 t=420177102 W DAT 0x0C
t_wall=1785585988.222 t=420180917 W DAT 0x18
t_wall=1785585988.226 t=420184766 W DAT 0x1C
t_wall=1785585988.230 t=420188630 W DAT 0x0C
t_wall=1785585988.234 t=420192446 W DAT 0x00 (CGRAM ref #0)
t_wall=1785585988.237 t=420196263 W DAT 0x1C
t_wall=1785585988.248 t=420207125 W CMD 0x0C [DISP_CTRL disp=1 cur=0 blink=0]
t_wall=1785585988.296 t=420253883 W CMD 0x58 [SET_CGRAM 0x18]
t_wall=1785585988.296 t=420253942 W DAT 0x14
t_wall=1785585988.296 t=420253980 W DAT 0x1C
t_wall=1785585988.299 # ALIVE us=420257776 ring_depth=0 drops=0
t_wall=1785585988.300 t=420257818 W DAT 0x0C
t_wall=1785585988.303 t=420261665 W DAT 0x18
t_wall=1785585988.305 t=420263392 W DAT 0x1C
t_wall=1785585988.309 t=420267225 W DAT 0x04 (CGRAM ref #4)
t_wall=1785585988.309 t=420267263 W DAT 0x00 (CGRAM ref #0)
t_wall=1785585988.312 t=420271110 W DAT 0x14
t_wall=1785585988.313 t=420271290 W CMD 0x0C [DISP_CTRL disp=1 cur=0 blink=0]
t_wall=1785585988.380 t=420338452 W CMD 0x58 [SET_CGRAM 0x18]
t_wall=1785585988.381 t=420338511 W DAT 0x1C
t_wall=1785585988.381 t=420338564 W DAT 0x1C
t_wall=1785585988.384 t=420342412 W DAT 0x0C
t_wall=1785585988.388 t=420346274 W DAT 0x10
t_wall=1785585988.391 t=420350091 W DAT 0x1C
t_wall=1785585988.395 t=420353908 W DAT 0x0C
t_wall=1785585988.399 t=420357710 W DAT 0x00 (CGRAM ref #0)
t_wall=1785585988.403 t=420361561 W DAT 0x1C
t_wall=1785585988.409 t=420367545 W CMD 0x0C [DISP_CTRL disp=1 cur=0 blink=0]
t_wall=1785585988.463 t=420421738 W CMD 0x58 [SET_CGRAM 0x18]
t_wall=1785585988.463 t=420421797 W DAT 0x1C
t_wall=1785585988.464 t=420421850 W DAT 0x14
t_wall=1785585988.464 t=420421888 W DAT 0x0C
t_wall=1785585988.467 t=420425722 W DAT 0x18
t_wall=1785585988.471 t=420429537 W DAT 0x0C
t_wall=1785585988.475 t=420433383 W DAT 0x1C
t_wall=1785585988.478 t=420437233 W DAT 0x00 (CGRAM ref #0)
t_wall=1785585988.482 t=420441093 W DAT 0x1C
t_wall=1785585988.489 t=420448056 W CMD 0x0C [DISP_CTRL disp=1 cur=0 blink=0]
t_wall=1785585988.545 t=420503557 W CMD 0x78 [SET_CGRAM 0x38]
t_wall=1785585988.545 t=420503616 W DAT 0x07 (CGRAM ref #7)
t_wall=1785585988.546 t=420503654 W DAT 0x07 (CGRAM ref #7)
t_wall=1785585988.546 t=420503692 W DAT 0x07 (CGRAM ref #7)
t_wall=1785585988.546 t=420503731 W DAT 0x00 (CGRAM ref #0)
t_wall=1785585988.549 t=420507592 W DAT 0x07 (CGRAM ref #7)
t_wall=1785585988.549 t=420507630 W DAT 0x07 (CGRAM ref #7)
t_wall=1785585988.550 t=420507668 W DAT 0x07 (CGRAM ref #7)
t_wall=1785585988.550 t=420507706 W DAT 0x1F
t_wall=1785585988.553 t=420511331 W CMD 0x0C [DISP_CTRL disp=1 cur=0 blink=0]
t_wall=1785585988.555 t=420513891 W CMD 0x58 [SET_CGRAM 0x18]
t_wall=1785585988.556 t=420513978 W DAT 0x1C
t_wall=1785585988.556 t=420514031 W DAT 0x1C
t_wall=1785585988.559 t=420517909 W DAT 0x04 (CGRAM ref #4)
t_wall=1785585988.560 t=420517947 W DAT 0x18
t_wall=1785585988.563 t=420521779 W DAT 0x04 (CGRAM ref #4)
t_wall=1785585988.564 t=420521818 W DAT 0x1C
t_wall=1785585988.567 t=420525662 W DAT 0x00 (CGRAM ref #0)
t_wall=1785585988.571 t=420529481 W DAT 0x1C
t_wall=1785585988.576 t=420534395 W CMD 0x0C [DISP_CTRL disp=1 cur=0 blink=0]
t_wall=1785585988.628 t=420586177 W CMD 0x58 [SET_CGRAM 0x18]
t_wall=1785585988.628 t=420586264 W DAT 0x0C
t_wall=1785585988.628 t=420586317 W DAT 0x1C
t_wall=1785585988.631 t=420590161 W DAT 0x0C
t_wall=1785585988.635 t=420593980 W DAT 0x08
t_wall=1785585988.639 t=420597827 W DAT 0x1C
t_wall=1785585988.643 t=420601689 W DAT 0x0C
t_wall=1785585988.647 t=420605508 W DAT 0x00 (CGRAM ref #0)
t_wall=1785585988.651 t=420609324 W DAT 0x0C
t_wall=1785585988.657 t=420615167 W CMD 0x0C [DISP_CTRL disp=1 cur=0 blink=0]
t_wall=1785585988.719 t=420677660 W CMD 0x58 [SET_CGRAM 0x18]
t_wall=1785585988.720 t=420677719 W DAT 0x04 (CGRAM ref #4)
t_wall=1785585988.720 t=420677757 W DAT 0x1C
t_wall=1785585988.723 t=420681590 W DAT 0x0C
t_wall=1785585988.727 t=420685437 W DAT 0x08
t_wall=1785585988.731 t=420689253 W DAT 0x1C
t_wall=1785585988.735 t=420693100 W DAT 0x04 (CGRAM ref #4)
t_wall=1785585988.735 t=420693138 W DAT 0x00 (CGRAM ref #0)
t_wall=1785585988.739 t=420697023 W DAT 0x04 (CGRAM ref #4)
t_wall=1785585988.739 t=420697203 W CMD 0x0C [DISP_CTRL disp=1 cur=0 blink=0]
t_wall=1785585988.795 t=420753527 W CMD 0x58 [SET_CGRAM 0x18]
t_wall=1785585988.795 t=420753658 W DAT 0x0C
t_wall=1785585988.799 t=420757433 W DAT 0x1C
t_wall=1785585988.803 t=420761296 W DAT 0x0C
t_wall=1785585988.806 t=420765111 W DAT 0x00 (CGRAM ref #0)
t_wall=1785585988.810 t=420768929 W DAT 0x1C
t_wall=1785585988.814 t=420772807 W DAT 0x0C
t_wall=1785585988.818 t=420776657 W DAT 0x00 (CGRAM ref #0)
t_wall=1785585988.822 t=420780502 W DAT 0x0C
t_wall=1785585988.828 t=420786272 W CMD 0x0C [DISP_CTRL disp=1 cur=0 blink=0]
t_wall=1785585988.879 t=420838001 W CMD 0x58 [SET_CGRAM 0x18]
t_wall=1785585988.879 t=420838060 W DAT 0x0C
t_wall=1785585988.880 t=420838113 W DAT 0x04 (CGRAM ref #4)
t_wall=1785585988.880 t=420838151 W DAT 0x0C
t_wall=1785585988.883 t=420841966 W DAT 0x08
t_wall=1785585988.887 t=420845811 W DAT 0x0C
t_wall=1785585988.891 t=420849660 W DAT 0x0C
t_wall=1785585988.895 t=420853492 W DAT 0x00 (CGRAM ref #0)
t_wall=1785585988.899 t=420857337 W DAT 0x0C
t_wall=1785585988.905 t=420863505 W CMD 0x0C [DISP_CTRL disp=1 cur=0 blink=0]
t_wall=1785585988.966 t=420924795 W CMD 0x58 [SET_CGRAM 0x18]
t_wall=1785585988.966 t=420924875 W DAT 0x0C
t_wall=1785585988.970 t=420928724 W DAT 0x0C
t_wall=1785585988.975 t=420932584 W DAT 0x04 (CGRAM ref #4)
t_wall=1785585988.975 t=420932623 W DAT 0x08
t_wall=1785585988.978 t=420936440 W DAT 0x04 (CGRAM ref #4)
t_wall=1785585988.978 t=420936478 W DAT 0x0C
t_wall=1785585988.982 t=420940324 W DAT 0x00 (CGRAM ref #0)
t_wall=1785585988.986 t=420944171 W DAT 0x0C
t_wall=1785585988.993 t=420951159 W CMD 0x0C [DISP_CTRL disp=1 cur=0 blink=0]
t_wall=1785585989.054 t=421012464 W CMD 0x58 [SET_CGRAM 0x18]
t_wall=1785585989.055 t=421012522 W DAT 0x0C
t_wall=1785585989.058 t=421012574 W DAT 0x0C
t_wall=1785585989.058 t=421016421 W DAT 0x0C
t_wall=1785585989.062 t=421020239 W DAT 0x00 (CGRAM ref #0)
t_wall=1785585989.065 t=421024086 W DAT 0x0C
t_wall=1785585989.069 t=421027948 W DAT 0x0C
t_wall=1785585989.073 t=421031767 W DAT 0x00 (CGRAM ref #0)
t_wall=1785585989.077 t=421035610 W DAT 0x0C
t_wall=1785585989.082 t=421040515 W CMD 0x0C [DISP_CTRL disp=1 cur=0 blink=0]
t_wall=1785585990.299 # ALIVE us=422257822 ring_depth=0 drops=0
t_wall=1785585992.300 # ALIVE us=424257867 ring_depth=0 drops=0
t_wall=1785585994.299 # ALIVE us=426257913 ring_depth=0 drops=0
t_wall=1785585996.299 # ALIVE us=428257959 ring_depth=0 drops=0
t_wall=1785585998.299 # ALIVE us=430258007 ring_depth=0 drops=0
t_wall=1785586000.303 # ALIVE us=432258052 ring_depth=0 drops=0
t_wall=1785586001.647 t=433605684 W CMD 0x50 [SET_CGRAM 0x10]
t_wall=1785586001.648 t=433605743 W DAT 0x00 (CGRAM ref #0)
t_wall=1785586001.648 t=433605796 W DAT 0x08
t_wall=1785586001.649 t=433605848 W DAT 0x00 (CGRAM ref #0)
t_wall=1785586001.650 t=433605901 W DAT 0x00 (CGRAM ref #0)
t_wall=1785586001.650 t=433605968 W DAT 0x08
t_wall=1785586001.651 t=433606021 W DAT 0x00 (CGRAM ref #0)
t_wall=1785586001.651 t=433606074 W DAT 0x00 (CGRAM ref #0)
t_wall=1785586001.652 t=433606127 W DAT 0x10
t_wall=1785586001.653 t=433608438 W CMD 0x0C [DISP_CTRL disp=1 cur=0 blink=0]
t_wall=1785586002.014 t=433973060 W CMD 0x50 [SET_CGRAM 0x10]
t_wall=1785586002.014 t=433973118 W DAT 0x08
t_wall=1785586002.015 t=433973171 W DAT 0x00 (CGRAM ref #0)
t_wall=1785586002.015 t=433973224 W DAT 0x08
t_wall=1785586002.016 t=433973277 W DAT 0x08
t_wall=1785586002.016 t=433973344 W DAT 0x08
t_wall=1785586002.017 t=433973397 W DAT 0x00 (CGRAM ref #0)
t_wall=1785586002.017 t=433973450 W DAT 0x00 (CGRAM ref #0)
t_wall=1785586002.018 t=433973503 W DAT 0x18
t_wall=1785586002.019 t=433975070 W CMD 0x0C [DISP_CTRL disp=1 cur=0 blink=0]
t_wall=1785586002.093 t=434051788 W CMD 0x50 [SET_CGRAM 0x10]
t_wall=1785586002.093 t=434051846 W DAT 0x08
t_wall=1785586002.093 t=434051899 W DAT 0x08
t_wall=1785586002.094 t=434051952 W DAT 0x08
t_wall=1785586002.094 t=434052005 W DAT 0x08
t_wall=1785586002.094 t=434052072 W DAT 0x08
t_wall=1785586002.094 t=434052125 W DAT 0x00 (CGRAM ref #0)
t_wall=1785586002.095 t=434052178 W DAT 0x00 (CGRAM ref #0)
t_wall=1785586002.095 t=434052231 W DAT 0x18
t_wall=1785586002.096 t=434053775 W CMD 0x0C [DISP_CTRL disp=1 cur=0 blink=0]
t_wall=1785586002.160 t=434118740 W CMD 0x50 [SET_CGRAM 0x10]
t_wall=1785586002.160 t=434118798 W DAT 0x08
t_wall=1785586002.160 t=434118851 W DAT 0x0A
t_wall=1785586002.161 t=434118904 W DAT 0x00 (CGRAM ref #0)
t_wall=1785586002.161 t=434118957 W DAT 0x08
t_wall=1785586002.161 t=434119010 W DAT 0x0A
t_wall=1785586002.162 t=434119063 W DAT 0x00 (CGRAM ref #0)
t_wall=1785586002.162 t=434119115 W DAT 0x00 (CGRAM ref #0)
t_wall=1785586002.162 t=434119168 W DAT 0x18
t_wall=1785586002.163 t=434120599 W CMD 0x0C [DISP_CTRL disp=1 cur=0 blink=0]
t_wall=1785586002.237 t=434196590 W CMD 0x50 [SET_CGRAM 0x10]
t_wall=1785586002.237 t=434196649 W DAT 0x08
t_wall=1785586002.237 t=434196701 W DAT 0x0A
t_wall=1785586002.238 t=434196754 W DAT 0x08
t_wall=1785586002.238 t=434196807 W DAT 0x00 (CGRAM ref #0)
t_wall=1785586002.238 t=434196874 W DAT 0x0A
t_wall=1785586002.238 t=434196927 W DAT 0x00 (CGRAM ref #0)
t_wall=1785586002.238 t=434196980 W DAT 0x00 (CGRAM ref #0)
t_wall=1785586002.239 t=434197033 W DAT 0x10
t_wall=1785586002.240 t=434199331 W CMD 0x0C [DISP_CTRL disp=1 cur=0 blink=0]
t_wall=1785586002.300 # ALIVE us=434258098 ring_depth=0 drops=0
t_wall=1785586002.306 t=434264467 W CMD 0x50 [SET_CGRAM 0x10]
t_wall=1785586002.307 t=434264525 W DAT 0x02 (CGRAM ref #2)
t_wall=1785586002.308 t=434264563 W DAT 0x0A
t_wall=1785586002.308 t=434264616 W DAT 0x00 (CGRAM ref #0)
t_wall=1785586002.309 t=434264683 W DAT 0x02 (CGRAM ref #2)
t_wall=1785586002.310 t=434264721 W DAT 0x08
t_wall=1785586002.310 t=434264789 W DAT 0x02 (CGRAM ref #2)
t_wall=1785586002.311 t=434264827 W DAT 0x00 (CGRAM ref #0)
t_wall=1785586002.311 t=434264865 W DAT 0x12
t_wall=1785586002.312 t=434265046 W CMD 0x0C [DISP_CTRL disp=1 cur=0 blink=0]
t_wall=1785586002.379 t=434338448 W CMD 0x78 [SET_CGRAM 0x38]
t_wall=1785586002.380 t=434338580 W DAT 0x07 (CGRAM ref #7)
t_wall=1785586002.380 t=434338618 W DAT 0x07 (CGRAM ref #7)
t_wall=1785586002.381 t=434338656 W DAT 0x07 (CGRAM ref #7)
t_wall=1785586002.381 t=434338695 W DAT 0x00 (CGRAM ref #0)
t_wall=1785586002.383 t=434342526 W DAT 0x07 (CGRAM ref #7)
t_wall=1785586002.384 t=434342564 W DAT 0x07 (CGRAM ref #7)
t_wall=1785586002.384 t=434342602 W DAT 0x0F
t_wall=1785586002.387 t=434346419 W DAT 0x1F
t_wall=1785586002.392 t=434351295 W CMD 0x50 [SET_CGRAM 0x10]
t_wall=1785586002.393 t=434351353 W DAT 0x0A
t_wall=1785586002.393 t=434351406 W DAT 0x02 (CGRAM ref #2)
t_wall=1785586002.393 t=434351444 W DAT 0x08
t_wall=1785586002.394 t=434351512 W DAT 0x0A
t_wall=1785586002.394 t=434351579 W DAT 0x08
t_wall=1785586002.394 t=434351632 W DAT 0x02 (CGRAM ref #2)
t_wall=1785586002.395 t=434351670 W DAT 0x00 (CGRAM ref #0)
t_wall=1785586002.395 t=434351723 W DAT 0x1A
t_wall=1785586002.396 t=434353159 W CMD 0x0C [DISP_CTRL disp=1 cur=0 blink=0]
t_wall=1785586002.466 t=434418257 W CMD 0x50 [SET_CGRAM 0x10]
t_wall=1785586002.470 t=434418315 W DAT 0x0A
t_wall=1785586002.474 t=434418368 W DAT 0x0A
t_wall=1785586002.479 t=434418421 W DAT 0x08
t_wall=1785586002.483 t=434418474 W DAT 0x0A
t_wall=1785586002.488 t=434418526 W DAT 0x08
t_wall=1785586002.496 t=434418579 W DAT 0x02 (CGRAM ref #2)
t_wall=1785586002.502 t=434418617 W DAT 0x00 (CGRAM ref #0)
t_wall=1785586002.506 t=434418670 W DAT 0x1A
t_wall=1785586002.516 t=434420100 W CMD 0x0C [DISP_CTRL disp=1 cur=0 blink=0]
t_wall=1785586002.544 t=434495983 W CMD 0x50 [SET_CGRAM 0x10]
t_wall=1785586002.548 t=434496042 W DAT 0x0A
t_wall=1785586002.551 t=434496095 W DAT 0x0A
t_wall=1785586002.557 t=434496148 W DAT 0x00 (CGRAM ref #0)
t_wall=1785586002.560 t=434496200 W DAT 0x0A
t_wall=1785586002.563 t=434496296 W DAT 0x0A
t_wall=1785586002.570 t=434496349 W DAT 0x00 (CGRAM ref #0)
t_wall=1785586002.575 t=434496402 W DAT 0x00 (CGRAM ref #0)
t_wall=1785586002.578 t=434496440 W DAT 0x1A
t_wall=1785586002.585 t=434498783 W CMD 0x0C [DISP_CTRL disp=1 cur=0 blink=0]
t_wall=1785586002.610 t=434563808 W CMD 0x50 [SET_CGRAM 0x10]
t_wall=1785586002.614 t=434563866 W DAT 0x0A
t_wall=1785586002.617 t=434563919 W DAT 0x0A
t_wall=1785586002.622 t=434563972 W DAT 0x08
t_wall=1785586002.628 t=434564025 W DAT 0x02 (CGRAM ref #2)
t_wall=1785586002.633 t=434564063 W DAT 0x0A
t_wall=1785586002.640 t=434564189 W DAT 0x00 (CGRAM ref #0)
t_wall=1785586002.645 t=434564242 W DAT 0x00 (CGRAM ref #0)
t_wall=1785586002.649 t=434564295 W DAT 0x12
t_wall=1785586002.657 t=434564475 W CMD 0x0C [DISP_CTRL disp=1 cur=0 blink=0]
t_wall=1785586002.687 t=434641565 W CMD 0x50 [SET_CGRAM 0x10]
t_wall=1785586002.693 t=434641697 W DAT 0x00 (CGRAM ref #0)
t_wall=1785586002.697 t=434641749 W DAT 0x0A
t_wall=1785586002.701 t=434641802 W DAT 0x02 (CGRAM ref #2)
t_wall=1785586002.707 t=434641840 W DAT 0x02 (CGRAM ref #2)
t_wall=1785586002.711 t=434641878 W DAT 0x0A
t_wall=1785586002.716 t=434641931 W DAT 0x00 (CGRAM ref #0)
t_wall=1785586002.720 t=434641984 W DAT 0x00 (CGRAM ref #0)
t_wall=1785586002.723 t=434642036 W DAT 0x10
t_wall=1785586002.731 t=434642216 W CMD 0x0C [DISP_CTRL disp=1 cur=0 blink=0]
t_wall=1785586002.765 t=434720292 W CMD 0x50 [SET_CGRAM 0x10]
t_wall=1785586002.767 t=434720423 W DAT 0x08
t_wall=1785586002.772 t=434720476 W DAT 0x02 (CGRAM ref #2)
t_wall=1785586002.774 t=434720515 W DAT 0x0A
t_wall=1785586002.777 t=434720597 W DAT 0x0A
t_wall=1785586002.779 t=434720650 W DAT 0x0A
t_wall=1785586002.782 t=434720703 W DAT 0x00 (CGRAM ref #0)
t_wall=1785586002.784 t=434720756 W DAT 0x00 (CGRAM ref #0)
t_wall=1785586002.785 t=434720809 W DAT 0x18
t_wall=1785586002.789 t=434722241 W CMD 0x0C [DISP_CTRL disp=1 cur=0 blink=0]
t_wall=1785586002.829 t=434787418 W CMD 0x50 [SET_CGRAM 0x10]
t_wall=1785586002.829 t=434787477 W DAT 0x08
t_wall=1785586002.830 t=434787529 W DAT 0x0A
t_wall=1785586002.830 t=434787582 W DAT 0x0A
t_wall=1785586002.831 t=434787635 W DAT 0x0A
t_wall=1785586002.831 t=434787702 W DAT 0x0A
t_wall=1785586002.832 t=434787755 W DAT 0x00 (CGRAM ref #0)
t_wall=1785586002.832 t=434787808 W DAT 0x00 (CGRAM ref #0)
t_wall=1785586002.833 t=434787861 W DAT 0x18
t_wall=1785586002.834 t=434789291 W CMD 0x0C [DISP_CTRL disp=1 cur=0 blink=0]
t_wall=1785586002.836 t=434795237 W CMD 0x78 [SET_CGRAM 0x38]
t_wall=1785586002.837 t=434795318 W DAT 0x07 (CGRAM ref #7)
t_wall=1785586002.838 t=434795356 W DAT 0x07 (CGRAM ref #7)
t_wall=1785586002.838 t=434795394 W DAT 0x07 (CGRAM ref #7)
t_wall=1785586002.839 t=434795432 W DAT 0x00 (CGRAM ref #0)
t_wall=1785586002.840 t=434795471 W DAT 0x07 (CGRAM ref #7)
t_wall=1785586002.840 t=434795509 W DAT 0x0F
t_wall=1785586002.840 t=434799359 W DAT 0x0F
t_wall=1785586002.844 t=434803190 W DAT 0x1F
t_wall=1785586002.856 t=434814489 W CMD 0x0C [DISP_CTRL disp=1 cur=0 blink=0]
t_wall=1785586002.905 t=434863709 W CMD 0x50 [SET_CGRAM 0x10]
t_wall=1785586002.905 t=434863767 W DAT 0x0A
t_wall=1785586002.905 t=434863820 W DAT 0x08
t_wall=1785586002.906 t=434863873 W DAT 0x02 (CGRAM ref #2)
t_wall=1785586002.906 t=434863911 W DAT 0x0A
t_wall=1785586002.907 t=434863978 W DAT 0x0A
t_wall=1785586002.907 t=434864031 W DAT 0x00 (CGRAM ref #0)
t_wall=1785586002.908 t=434864084 W DAT 0x00 (CGRAM ref #0)
t_wall=1785586002.908 t=434864137 W DAT 0x1A
t_wall=1785586002.909 t=434865626 W CMD 0x0C [DISP_CTRL disp=1 cur=0 blink=0]
t_wall=1785586002.983 t=434941657 W CMD 0x50 [SET_CGRAM 0x10]
t_wall=1785586002.983 t=434941715 W DAT 0x0A
t_wall=1785586002.983 t=434941768 W DAT 0x08
t_wall=1785586002.984 t=434941821 W DAT 0x0A
t_wall=1785586002.984 t=434941874 W DAT 0x02 (CGRAM ref #2)
t_wall=1785586002.985 t=434941912 W DAT 0x0A
t_wall=1785586002.985 t=434941979 W DAT 0x00 (CGRAM ref #0)
t_wall=1785586002.986 t=434942032 W DAT 0x00 (CGRAM ref #0)
t_wall=1785586002.986 t=434942085 W DAT 0x12
t_wall=1785586002.987 t=434942293 W CMD 0x0C [DISP_CTRL disp=1 cur=0 blink=0]
t_wall=1785586003.050 t=435009408 W CMD 0x50 [SET_CGRAM 0x10]
t_wall=1785586003.051 t=435009466 W DAT 0x02 (CGRAM ref #2)
t_wall=1785586003.051 t=435009504 W DAT 0x08
t_wall=1785586003.051 t=435009587 W DAT 0x02 (CGRAM ref #2)
t_wall=1785586003.052 t=435009625 W DAT 0x02 (CGRAM ref #2)
t_wall=1785586003.052 t=435009663 W DAT 0x0A
t_wall=1785586003.052 t=435009716 W DAT 0x02 (CGRAM ref #2)
t_wall=1785586003.053 t=435009754 W DAT 0x00 (CGRAM ref #0)
t_wall=1785586003.053 t=435009806 W DAT 0x12
t_wall=1785586003.054 t=435009986 W CMD 0x0C [DISP_CTRL disp=1 cur=0 blink=0]
t_wall=1785586003.128 t=435087103 W CMD 0x50 [SET_CGRAM 0x10]
t_wall=1785586003.128 t=435087162 W DAT 0x0A
t_wall=1785586003.128 t=435087215 W DAT 0x00 (CGRAM ref #0)
t_wall=1785586003.129 t=435087267 W DAT 0x0A
t_wall=1785586003.129 t=435087320 W DAT 0x0A
t_wall=1785586003.130 t=435087387 W DAT 0x0A
t_wall=1785586003.130 t=435087440 W DAT 0x02 (CGRAM ref #2)
t_wall=1785586003.131 t=435087478 W DAT 0x00 (CGRAM ref #0)
t_wall=1785586003.132 t=435087531 W DAT 0x1A
t_wall=1785586003.132 t=435089026 W CMD 0x0C [DISP_CTRL disp=1 cur=0 blink=0]
t_wall=1785586003.202 t=435161143 W CMD 0x78 [SET_CGRAM 0x38]
t_wall=1785586003.202 t=435161202 W DAT 0x07 (CGRAM ref #7)
t_wall=1785586003.202 t=435161240 W DAT 0x07 (CGRAM ref #7)
t_wall=1785586003.203 t=435161278 W DAT 0x07 (CGRAM ref #7)
t_wall=1785586003.203 t=435161316 W DAT 0x00 (CGRAM ref #0)
t_wall=1785586003.206 t=435165194 W DAT 0x0F
t_wall=1785586003.210 t=435169026 W DAT 0x0F
t_wall=1785586003.213 t=435172843 W DAT 0x0F
t_wall=1785586003.217 t=435176689 W DAT 0x1F
t_wall=1785586003.222 t=435181738 W CMD 0x50 [SET_CGRAM 0x10]
t_wall=1785586003.222 t=435181797 W DAT 0x0A
t_wall=1785586003.223 t=435181849 W DAT 0x08
t_wall=1785586003.223 t=435181902 W DAT 0x0A
t_wall=1785586003.223 t=435181955 W DAT 0x0A
t_wall=1785586003.223 t=435182008 W DAT 0x0A
t_wall=1785586003.223 t=435182061 W DAT 0x02 (CGRAM ref #2)
t_wall=1785586003.223 t=435182099 W DAT 0x00 (CGRAM ref #0)
t_wall=1785586003.224 t=435182152 W DAT 0x1A
t_wall=1785586003.225 t=435184357 W CMD 0x0C [DISP_CTRL disp=1 cur=0 blink=0]
t_wall=1785586003.285 t=435238644 W CMD 0x50 [SET_CGRAM 0x10]
t_wall=1785586003.289 t=435238775 W DAT 0x0A
t_wall=1785586003.292 t=435238828 W DAT 0x0A
t_wall=1785586003.296 t=435238881 W DAT 0x02 (CGRAM ref #2)
t_wall=1785586003.299 t=435238919 W DAT 0x08
t_wall=1785586003.302 t=435238987 W DAT 0x0A
t_wall=1785586003.306 t=435239039 W DAT 0x00 (CGRAM ref #0)
t_wall=1785586003.309 t=435239092 W DAT 0x00 (CGRAM ref #0)
t_wall=1785586003.311 t=435239145 W DAT 0x18
t_wall=1785586003.316 t=435240584 W CMD 0x0C [DISP_CTRL disp=1 cur=0 blink=0]
t_wall=1785586003.359 t=435316458 W CMD 0x50 [SET_CGRAM 0x10]
t_wall=1785586003.361 t=435316516 W DAT 0x0A
t_wall=1785586003.363 t=435316569 W DAT 0x0A
t_wall=1785586003.365 t=435316645 W DAT 0x0A
t_wall=1785586003.368 t=435316727 W DAT 0x00 (CGRAM ref #0)
t_wall=1785586003.369 t=435316780 W DAT 0x0A
t_wall=1785586003.371 t=435316833 W DAT 0x00 (CGRAM ref #0)
t_wall=1785586003.373 t=435316886 W DAT 0x00 (CGRAM ref #0)
t_wall=1785586003.375 t=435316939 W DAT 0x10
t_wall=1785586003.376 t=435319202 W CMD 0x0C [DISP_CTRL disp=1 cur=0 blink=0]
t_wall=1785586003.425 t=435384308 W CMD 0x50 [SET_CGRAM 0x10]
t_wall=1785586003.426 t=435384390 W DAT 0x02 (CGRAM ref #2)
t_wall=1785586003.426 t=435384428 W DAT 0x0A
t_wall=1785586003.427 t=435384481 W DAT 0x02 (CGRAM ref #2)
t_wall=1785586003.427 t=435384519 W DAT 0x02 (CGRAM ref #2)
t_wall=1785586003.428 t=435384557 W DAT 0x0A
t_wall=1785586003.428 t=435384610 W DAT 0x02 (CGRAM ref #2)
t_wall=1785586003.429 t=435384649 W DAT 0x00 (CGRAM ref #0)
t_wall=1785586003.429 t=435384702 W DAT 0x12
t_wall=1785586003.430 t=435384882 W CMD 0x0C [DISP_CTRL disp=1 cur=0 blink=0]
t_wall=1785586003.503 t=435461944 W CMD 0x50 [SET_CGRAM 0x10]
t_wall=1785586003.503 t=435462002 W DAT 0x0A
t_wall=1785586003.504 t=435462055 W DAT 0x02 (CGRAM ref #2)
t_wall=1785586003.504 t=435462093 W DAT 0x0A
t_wall=1785586003.505 t=435462176 W DAT 0x0A
t_wall=1785586003.505 t=435462229 W DAT 0x0A
t_wall=1785586003.506 t=435462282 W DAT 0x02 (CGRAM ref #2)
t_wall=1785586003.507 t=435462320 W DAT 0x00 (CGRAM ref #0)
t_wall=1785586003.507 t=435462408 W DAT 0x1A
t_wall=1785586003.508 t=435463928 W CMD 0x0C [DISP_CTRL disp=1 cur=0 blink=0]
t_wall=1785586003.581 t=435540649 W CMD 0x50 [SET_CGRAM 0x10]
t_wall=1785586003.582 t=435540707 W DAT 0x0A
t_wall=1785586003.582 t=435540760 W DAT 0x0A
t_wall=1785586003.582 t=435540813 W DAT 0x0A
t_wall=1785586003.583 t=435540866 W DAT 0x0A
t_wall=1785586003.583 t=435540933 W DAT 0x0A
t_wall=1785586003.583 t=435540986 W DAT 0x02 (CGRAM ref #2)
t_wall=1785586003.584 t=435541024 W DAT 0x00 (CGRAM ref #0)
t_wall=1785586003.584 t=435541077 W DAT 0x1A
t_wall=1785586003.586 t=435545124 W CMD 0x0C [DISP_CTRL disp=1 cur=0 blink=0]
t_wall=1785586003.648 t=435607624 W CMD 0x50 [SET_CGRAM 0x10]
t_wall=1785586003.648 t=435607682 W DAT 0x0A
t_wall=1785586003.649 t=435607735 W DAT 0x0A
t_wall=1785586003.649 t=435607788 W DAT 0x02 (CGRAM ref #2)
t_wall=1785586003.649 t=435607826 W DAT 0x0A
t_wall=1785586003.649 t=435607893 W DAT 0x0A
t_wall=1785586003.650 t=435607946 W DAT 0x00 (CGRAM ref #0)
t_wall=1785586003.650 t=435607999 W DAT 0x00 (CGRAM ref #0)
t_wall=1785586003.650 t=435608072 W DAT 0x1A
t_wall=1785586003.651 t=435609540 W CMD 0x0C [DISP_CTRL disp=1 cur=0 blink=0]
t_wall=1785586003.656 t=435615466 W CMD 0x78 [SET_CGRAM 0x38]
t_wall=1785586003.656 t=435615525 W DAT 0x07 (CGRAM ref #7)
t_wall=1785586003.657 t=435615563 W DAT 0x07 (CGRAM ref #7)
t_wall=1785586003.657 t=435615602 W DAT 0x07 (CGRAM ref #7)
t_wall=1785586003.657 t=435615640 W DAT 0x08
t_wall=1785586003.660 t=435619458 W DAT 0x0F
t_wall=1785586003.664 t=435623336 W DAT 0x0F
t_wall=1785586003.668 t=435627168 W DAT 0x0F
t_wall=1785586003.672 t=435630984 W DAT 0x1F
t_wall=1785586003.677 t=435635880 W CMD 0x0C [DISP_CTRL disp=1 cur=0 blink=0]
t_wall=1785586003.733 t=435691583 W CMD 0x50 [SET_CGRAM 0x10]
t_wall=1785586003.733 t=435691642 W DAT 0x0A
t_wall=1785586003.734 t=435691695 W DAT 0x0A
t_wall=1785586003.734 t=435691748 W DAT 0x0A
t_wall=1785586003.735 t=435691801 W DAT 0x02 (CGRAM ref #2)
t_wall=1785586003.735 t=435691839 W DAT 0x0A
t_wall=1785586003.736 t=435691906 W DAT 0x00 (CGRAM ref #0)
t_wall=1785586003.736 t=435691959 W DAT 0x00 (CGRAM ref #0)
t_wall=1785586003.736 t=435692012 W DAT 0x12
t_wall=1785586003.737 t=435692192 W CMD 0x0C [DISP_CTRL disp=1 cur=0 blink=0]
t_wall=1785586003.803 t=435761662 W CMD 0x50 [SET_CGRAM 0x10]
t_wall=1785586003.804 t=435761720 W DAT 0x02 (CGRAM ref #2)
t_wall=1785586003.804 t=435761759 W DAT 0x0E
t_wall=1785586003.805 t=435761841 W DAT 0x02 (CGRAM ref #2)
t_wall=1785586003.805 t=435761879 W DAT 0x00 (CGRAM ref #0)
t_wall=1785586003.805 t=435761947 W DAT 0x0E
t_wall=1785586003.806 t=435762023 W DAT 0x02 (CGRAM ref #2)
t_wall=1785586003.807 t=435762061 W DAT 0x00 (CGRAM ref #0)
t_wall=1785586003.807 t=435762113 W DAT 0x12
t_wall=1785586003.808 t=435762294 W CMD 0x0C [DISP_CTRL disp=1 cur=0 blink=0]
t_wall=1785586003.880 t=435839435 W CMD 0x50 [SET_CGRAM 0x10]
t_wall=1785586003.880 t=435839493 W DAT 0x0A
t_wall=1785586003.881 t=435839546 W DAT 0x06 (CGRAM ref #6)
t_wall=1785586003.881 t=435839584 W DAT 0x0A
t_wall=1785586003.881 t=435839652 W DAT 0x08
t_wall=1785586003.881 t=435839704 W DAT 0x0E
t_wall=1785586003.882 t=435839757 W DAT 0x02 (CGRAM ref #2)
t_wall=1785586003.882 t=435839795 W DAT 0x00 (CGRAM ref #0)
t_wall=1785586003.883 t=435839834 W DAT 0x1A
t_wall=1785586003.883 t=435841320 W CMD 0x0C [DISP_CTRL disp=1 cur=0 blink=0]
t_wall=1785586003.958 t=435917140 W CMD 0x50 [SET_CGRAM 0x10]
t_wall=1785586003.958 t=435917198 W DAT 0x0A
t_wall=1785586003.959 t=435917251 W DAT 0x0E
t_wall=1785586003.959 t=435917304 W DAT 0x0A
t_wall=1785586003.959 t=435917356 W DAT 0x08
t_wall=1785586003.960 t=435917409 W DAT 0x0E
t_wall=1785586003.960 t=435917462 W DAT 0x02 (CGRAM ref #2)
t_wall=1785586003.961 t=435917500 W DAT 0x00 (CGRAM ref #0)
t_wall=1785586003.961 t=435917554 W DAT 0x1A
t_wall=1785586003.966 t=435925058 W CMD 0x0C [DISP_CTRL disp=1 cur=0 blink=0]
t_wall=1785586004.026 t=435985024 W CMD 0x50 [SET_CGRAM 0x10]
t_wall=1785586004.026 t=435985083 W DAT 0x08
t_wall=1785586004.026 t=435985209 W DAT 0x0E
t_wall=1785586004.027 t=435985291 W DAT 0x00 (CGRAM ref #0)
t_wall=1785586004.027 t=435985344 W DAT 0x08
t_wall=1785586004.028 t=435985396 W DAT 0x0E
t_wall=1785586004.028 t=435985450 W DAT 0x00 (CGRAM ref #0)
t_wall=1785586004.029 t=435985502 W DAT 0x00 (CGRAM ref #0)
t_wall=1785586004.029 t=435985555 W DAT 0x18
t_wall=1785586004.030 t=435986984 W CMD 0x0C [DISP_CTRL disp=1 cur=0 blink=0]
t_wall=1785586004.100 t=436059143 W CMD 0x78 [SET_CGRAM 0x38]
t_wall=1785586004.101 t=436059202 W DAT 0x07 (CGRAM ref #7)
t_wall=1785586004.101 t=436059240 W DAT 0x07 (CGRAM ref #7)
t_wall=1785586004.101 t=436059278 W DAT 0x0F
t_wall=1785586004.104 t=436063094 W DAT 0x08
t_wall=1785586004.107 t=436066942 W DAT 0x0F
t_wall=1785586004.111 t=436070805 W DAT 0x0F
t_wall=1785586004.115 t=436074639 W DAT 0x0F
t_wall=1785586004.119 t=436078485 W DAT 0x1F
t_wall=1785586004.124 t=436083406 W CMD 0x50 [SET_CGRAM 0x10]
t_wall=1785586004.125 t=436083464 W DAT 0x08
t_wall=1785586004.125 t=436083517 W DAT 0x0E
t_wall=1785586004.125 t=436083570 W DAT 0x08
t_wall=1785586004.126 t=436083623 W DAT 0x00 (CGRAM ref #0)
t_wall=1785586004.126 t=436083675 W DAT 0x0E
t_wall=1785586004.126 t=436083728 W DAT 0x00 (CGRAM ref #0)
t_wall=1785586004.127 t=436083781 W DAT 0x00 (CGRAM ref #0)
t_wall=1785586004.127 t=436083834 W DAT 0x10
t_wall=1785586004.128 t=436084014 W CMD 0x0C [DISP_CTRL disp=1 cur=0 blink=0]
t_wall=1785586004.192 t=436151145 W CMD 0x50 [SET_CGRAM 0x10]
t_wall=1785586004.192 t=436151276 W DAT 0x02 (CGRAM ref #2)
t_wall=1785586004.193 t=436151315 W DAT 0x0E
t_wall=1785586004.193 t=436151424 W DAT 0x00 (CGRAM ref #0)
t_wall=1785586004.193 t=436151477 W DAT 0x02 (CGRAM ref #2)
t_wall=1785586004.193 t=436151515 W DAT 0x0C
t_wall=1785586004.194 t=436151568 W DAT 0x02 (CGRAM ref #2)
t_wall=1785586004.194 t=436151606 W DAT 0x00 (CGRAM ref #0)
t_wall=1785586004.195 t=436151658 W DAT 0x12
t_wall=1785586004.195 t=436151839 W CMD 0x0C [DISP_CTRL disp=1 cur=0 blink=0]
t_wall=1785586004.259 t=436218103 W CMD 0x50 [SET_CGRAM 0x10]
t_wall=1785586004.259 t=436218161 W DAT 0x0A
t_wall=1785586004.259 t=436218214 W DAT 0x06 (CGRAM ref #6)
t_wall=1785586004.260 t=436218252 W DAT 0x08
t_wall=1785586004.260 t=436218334 W DAT 0x0A
t_wall=1785586004.260 t=436218387 W DAT 0x0C
t_wall=1785586004.261 t=436218440 W DAT 0x02 (CGRAM ref #2)
t_wall=1785586004.261 t=436218478 W DAT 0x00 (CGRAM ref #0)
t_wall=1785586004.261 t=436218531 W DAT 0x1A
t_wall=1785586004.262 t=436220005 W CMD 0x0C [DISP_CTRL disp=1 cur=0 blink=0]
t_wall=1785586004.299 # ALIVE us=436258143 ring_depth=0 drops=0
t_wall=1785586004.337 t=436295864 W CMD 0x50 [SET_CGRAM 0x10]
t_wall=1785586004.337 t=436295923 W DAT 0x0A
t_wall=1785586004.337 t=436295976 W DAT 0x0E
t_wall=1785586004.338 t=436296028 W DAT 0x08
t_wall=1785586004.338 t=436296081 W DAT 0x02 (CGRAM ref #2)
t_wall=1785586004.338 t=436296119 W DAT 0x0C
t_wall=1785586004.339 t=436296187 W DAT 0x02 (CGRAM ref #2)
t_wall=1785586004.339 t=436296225 W DAT 0x00 (CGRAM ref #0)
t_wall=1785586004.339 t=436296264 W DAT 0x12
t_wall=1785586004.340 t=436296444 W CMD 0x0C [DISP_CTRL disp=1 cur=0 blink=0]
t_wall=1785586006.299 # ALIVE us=438258189 ring_depth=0 drops=0
t_wall=1785586008.299 # ALIVE us=440258235 ring_depth=0 drops=0
t_wall=1785586009.379 t=441338344 W CMD 0x50 [SET_CGRAM 0x10]
t_wall=1785586009.380 t=441338403 W DAT 0x0A
t_wall=1785586009.381 t=441338455 W DAT 0x06 (CGRAM ref #6)
t_wall=1785586009.382 t=441338494 W DAT 0x08
t_wall=1785586009.382 t=441338570 W DAT 0x0A
t_wall=1785586009.383 t=441338623 W DAT 0x0C
t_wall=1785586009.384 t=441338675 W DAT 0x0A
t_wall=1785586009.385 t=441338728 W DAT 0x00 (CGRAM ref #0)
t_wall=1785586009.386 t=441338781 W DAT 0x1A
t_wall=1785586009.387 t=441340197 W CMD 0x0C [DISP_CTRL disp=1 cur=0 blink=0]
t_wall=1785586009.757 t=441716459 W CMD 0x50 [SET_CGRAM 0x10]
t_wall=1785586009.757 t=441716517 W DAT 0x0A
t_wall=1785586009.758 t=441716570 W DAT 0x0E
t_wall=1785586009.758 t=441716623 W DAT 0x00 (CGRAM ref #0)
t_wall=1785586009.758 t=441716676 W DAT 0x0A
t_wall=1785586009.759 t=441716817 W DAT 0x04 (CGRAM ref #4)
t_wall=1785586009.759 t=441716855 W DAT 0x0A
t_wall=1785586009.759 t=441716908 W DAT 0x00 (CGRAM ref #0)
t_wall=1785586009.760 t=441716960 W DAT 0x1A
t_wall=1785586009.760 t=441718391 W CMD 0x0C [DISP_CTRL disp=1 cur=0 blink=0]
t_wall=1785586009.824 t=441783430 W CMD 0x50 [SET_CGRAM 0x10]
t_wall=1785586009.824 t=441783489 W DAT 0x08
t_wall=1785586009.825 t=441783542 W DAT 0x0E
t_wall=1785586009.825 t=441783595 W DAT 0x08
t_wall=1785586009.826 t=441783647 W DAT 0x08
t_wall=1785586009.826 t=441783700 W DAT 0x0E
t_wall=1785586009.827 t=441783753 W DAT 0x08
t_wall=1785586009.827 t=441783806 W DAT 0x00 (CGRAM ref #0)
t_wall=1785586009.828 t=441783859 W DAT 0x18
t_wall=1785586009.828 t=441785347 W CMD 0x0C [DISP_CTRL disp=1 cur=0 blink=0]
t_wall=1785586009.898 t=441857485 W CMD 0x78 [SET_CGRAM 0x38]
t_wall=1785586009.899 t=441857544 W DAT 0x07 (CGRAM ref #7)
t_wall=1785586009.900 t=441857582 W DAT 0x07 (CGRAM ref #7)
t_wall=1785586009.900 t=441857620 W DAT 0x07 (CGRAM ref #7)
t_wall=1785586009.900 t=441857658 W DAT 0x08
t_wall=1785586009.902 t=441861505 W DAT 0x0F
t_wall=1785586009.906 t=441865367 W DAT 0x0F
t_wall=1785586009.910 t=441869184 W DAT 0x0F
t_wall=1785586009.913 t=441873000 W DAT 0x1F
t_wall=1785586009.918 t=441877991 W CMD 0x50 [SET_CGRAM 0x10]
t_wall=1785586009.919 t=441878050 W DAT 0x00 (CGRAM ref #0)
t_wall=1785586009.919 t=441878103 W DAT 0x0E
t_wall=1785586009.919 t=441878156 W DAT 0x08
t_wall=1785586009.920 t=441878208 W DAT 0x08
t_wall=1785586009.920 t=441878276 W DAT 0x0E
t_wall=1785586009.920 t=441878350 W DAT 0x00 (CGRAM ref #0)
t_wall=1785586009.921 t=441878388 W DAT 0x00 (CGRAM ref #0)
t_wall=1785586009.921 t=441878441 W DAT 0x10
t_wall=1785586009.922 t=441878621 W CMD 0x0C [DISP_CTRL disp=1 cur=0 blink=0]
t_wall=1785586009.985 t=441944850 W CMD 0x50 [SET_CGRAM 0x10]
t_wall=1785586009.986 t=441944908 W DAT 0x08
t_wall=1785586009.986 t=441944962 W DAT 0x0E
t_wall=1785586009.986 t=441945014 W DAT 0x08
t_wall=1785586009.987 t=441945067 W DAT 0x00 (CGRAM ref #0)
t_wall=1785586009.987 t=441945134 W DAT 0x0E
t_wall=1785586009.987 t=441945187 W DAT 0x08
t_wall=1785586009.988 t=441945240 W DAT 0x00 (CGRAM ref #0)
t_wall=1785586009.988 t=441945293 W DAT 0x18
t_wall=1785586009.989 t=441947598 W CMD 0x0C [DISP_CTRL disp=1 cur=0 blink=0]
t_wall=1785586010.053 t=442012675 W CMD 0x50 [SET_CGRAM 0x10]
t_wall=1785586010.053 t=442012733 W DAT 0x0A
t_wall=1785586010.054 t=442012786 W DAT 0x06 (CGRAM ref #6)
t_wall=1785586010.054 t=442012825 W DAT 0x0A
t_wall=1785586010.054 t=442012907 W DAT 0x08
t_wall=1785586010.055 t=442012959 W DAT 0x0E
t_wall=1785586010.055 t=442013012 W DAT 0x0A
t_wall=1785586010.055 t=442013065 W DAT 0x00 (CGRAM ref #0)
t_wall=1785586010.056 t=442013118 W DAT 0x1A
t_wall=1785586010.056 t=442014595 W CMD 0x0C [DISP_CTRL disp=1 cur=0 blink=0]
t_wall=1785586010.131 t=442090382 W CMD 0x50 [SET_CGRAM 0x10]
t_wall=1785586010.131 t=442090441 W DAT 0x0A
t_wall=1785586010.131 t=442090493 W DAT 0x0E
t_wall=1785586010.131 t=442090546 W DAT 0x02 (CGRAM ref #2)
t_wall=1785586010.132 t=442090584 W DAT 0x08
t_wall=1785586010.132 t=442090652 W DAT 0x06 (CGRAM ref #6)
t_wall=1785586010.132 t=442090690 W DAT 0x0A
t_wall=1785586010.133 t=442090743 W DAT 0x00 (CGRAM ref #0)
t_wall=1785586010.133 t=442090781 W DAT 0x1A
t_wall=1785586010.133 t=442092253 W CMD 0x0C [DISP_CTRL disp=1 cur=0 blink=0]
t_wall=1785586010.209 t=442169005 W CMD 0x50 [SET_CGRAM 0x10]
t_wall=1785586010.209 t=442169063 W DAT 0x0A
t_wall=1785586010.210 t=442169116 W DAT 0x0A
t_wall=1785586010.210 t=442169169 W DAT 0x0A
t_wall=1785586010.210 t=442169222 W DAT 0x0A
t_wall=1785586010.210 t=442169275 W DAT 0x0A
t_wall=1785586010.210 t=442169328 W DAT 0x08
t_wall=1785586010.210 t=442169380 W DAT 0x00 (CGRAM ref #0)
t_wall=1785586010.210 t=442169433 W DAT 0x1A
t_wall=1785586010.211 t=442170868 W CMD 0x0C [DISP_CTRL disp=1 cur=0 blink=0]
t_wall=1785586010.278 t=442236053 W CMD 0x50 [SET_CGRAM 0x10]
t_wall=1785586010.279 t=442236112 W DAT 0x02 (CGRAM ref #2)
t_wall=1785586010.280 t=442236150 W DAT 0x0A
t_wall=1785586010.281 t=442236217 W DAT 0x0A
t_wall=1785586010.281 t=442236270 W DAT 0x0A
t_wall=1785586010.282 t=442236337 W DAT 0x0A
t_wall=1785586010.283 t=442236390 W DAT 0x00 (CGRAM ref #0)
t_wall=1785586010.284 t=442236443 W DAT 0x00 (CGRAM ref #0)
t_wall=1785586010.285 t=442236496 W DAT 0x12
t_wall=1785586010.286 t=442236676 W CMD 0x0C [DISP_CTRL disp=1 cur=0 blink=0]
t_wall=1785586010.300 # ALIVE us=442258281 ring_depth=0 drops=0
t_wall=1785586010.351 t=442310057 W CMD 0x78 [SET_CGRAM 0x38]
t_wall=1785586010.351 t=442310115 W DAT 0x07 (CGRAM ref #7)
t_wall=1785586010.352 t=442310153 W DAT 0x07 (CGRAM ref #7)
t_wall=1785586010.352 t=442310191 W DAT 0x07 (CGRAM ref #7)
t_wall=1785586010.353 t=442310230 W DAT 0x00 (CGRAM ref #0)
t_wall=1785586010.354 t=442314046 W DAT 0x0F
t_wall=1785586010.358 t=442317865 W DAT 0x0F
t_wall=1785586010.362 t=442321763 W DAT 0x0F
t_wall=1785586010.366 t=442325598 W DAT 0x1F
t_wall=1785586010.371 t=442330582 W CMD 0x50 [SET_CGRAM 0x10]
t_wall=1785586010.371 t=442330640 W DAT 0x0A
t_wall=1785586010.372 t=442330693 W DAT 0x0A
t_wall=1785586010.372 t=442330746 W DAT 0x0A
t_wall=1785586010.372 t=442330799 W DAT 0x02 (CGRAM ref #2)
t_wall=1785586010.372 t=442330837 W DAT 0x0A
t_wall=1785586010.373 t=442330904 W DAT 0x08
t_wall=1785586010.373 t=442330957 W DAT 0x00 (CGRAM ref #0)
t_wall=1785586010.373 t=442331039 W DAT 0x1A
t_wall=1785586010.374 t=442333244 W CMD 0x0C [DISP_CTRL disp=1 cur=0 blink=0]
t_wall=1785586010.428 t=442387503 W CMD 0x50 [SET_CGRAM 0x10]
t_wall=1785586010.428 t=442387562 W DAT 0x0A
t_wall=1785586010.429 t=442387615 W DAT 0x02 (CGRAM ref #2)
t_wall=1785586010.429 t=442387653 W DAT 0x0A
t_wall=1785586010.429 t=442387735 W DAT 0x0A
t_wall=1785586010.429 t=442387788 W DAT 0x0A
t_wall=1785586010.430 t=442387841 W DAT 0x0A
t_wall=1785586010.430 t=442387894 W DAT 0x00 (CGRAM ref #0)
t_wall=1785586010.430 t=442387947 W DAT 0x1A
t_wall=1785586010.431 t=442389355 W CMD 0x0C [DISP_CTRL disp=1 cur=0 blink=0]
t_wall=1785586010.507 t=442465358 W CMD 0x50 [SET_CGRAM 0x10]
t_wall=1785586010.507 t=442465417 W DAT 0x0A
t_wall=1785586010.508 t=442465470 W DAT 0x0A
t_wall=1785586010.509 t=442465523 W DAT 0x02 (CGRAM ref #2)
t_wall=1785586010.510 t=442465561 W DAT 0x0A
t_wall=1785586010.511 t=442465643 W DAT 0x02 (CGRAM ref #2)
t_wall=1785586010.512 t=442465682 W DAT 0x0A
t_wall=1785586010.512 t=442465734 W DAT 0x00 (CGRAM ref #0)
t_wall=1785586010.513 t=442465787 W DAT 0x1A
t_wall=1785586010.513 t=442468059 W CMD 0x0C [DISP_CTRL disp=1 cur=0 blink=0]
t_wall=1785586010.580 t=442533112 W CMD 0x50 [SET_CGRAM 0x10]
t_wall=1785586010.584 t=442533170 W DAT 0x0A
t_wall=1785586010.588 t=442533223 W DAT 0x0A
t_wall=1785586010.591 t=442533275 W DAT 0x0A
t_wall=1785586010.595 t=442533328 W DAT 0x08
t_wall=1785586010.597 t=442533381 W DAT 0x0A
t_wall=1785586010.600 t=442533433 W DAT 0x08
t_wall=1785586010.605 t=442533486 W DAT 0x00 (CGRAM ref #0)
t_wall=1785586010.608 t=442533539 W DAT 0x18
t_wall=1785586010.614 t=442534991 W CMD 0x0C [DISP_CTRL disp=1 cur=0 blink=0]
t_wall=1785586010.654 t=442610824 W CMD 0x50 [SET_CGRAM 0x10]
t_wall=1785586010.656 t=442610883 W DAT 0x02 (CGRAM ref #2)
t_wall=1785586010.657 t=442610921 W DAT 0x0A
t_wall=1785586010.659 t=442610989 W DAT 0x0A
t_wall=1785586010.660 t=442611063 W DAT 0x08
t_wall=1785586010.661 t=442611116 W DAT 0x0A
t_wall=1785586010.663 t=442611169 W DAT 0x00 (CGRAM ref #0)
t_wall=1785586010.666 t=442611222 W DAT 0x00 (CGRAM ref #0)
t_wall=1785586010.667 t=442611274 W DAT 0x10
t_wall=1785586010.671 t=442611496 W CMD 0x0C [DISP_CTRL disp=1 cur=0 blink=0]
t_wall=1785586010.730 t=442689492 W CMD 0x50 [SET_CGRAM 0x10]
t_wall=1785586010.731 t=442689550 W DAT 0x0A
t_wall=1785586010.731 t=442689603 W DAT 0x0A
t_wall=1785586010.732 t=442689670 W DAT 0x0A
t_wall=1785586010.732 t=442689723 W DAT 0x00 (CGRAM ref #0)
t_wall=1785586010.733 t=442689776 W DAT 0x0A
t_wall=1785586010.733 t=442689828 W DAT 0x08
t_wall=1785586010.734 t=442689881 W DAT 0x00 (CGRAM ref #0)
t_wall=1785586010.734 t=442689934 W DAT 0x18
t_wall=1785586010.735 t=442691409 W CMD 0x0C [DISP_CTRL disp=1 cur=0 blink=0]
t_wall=1785586010.797 t=442756512 W CMD 0x50 [SET_CGRAM 0x10]
t_wall=1785586010.797 t=442756571 W DAT 0x0A
t_wall=1785586010.797 t=442756625 W DAT 0x00 (CGRAM ref #0)
t_wall=1785586010.798 t=442756677 W DAT 0x0A
t_wall=1785586010.798 t=442756729 W DAT 0x0A
t_wall=1785586010.798 t=442756803 W DAT 0x0A
t_wall=1785586010.798 t=442756856 W DAT 0x0A
t_wall=1785586010.799 t=442756909 W DAT 0x00 (CGRAM ref #0)
t_wall=1785586010.799 t=442756961 W DAT 0x1A
t_wall=1785586010.799 t=442758414 W CMD 0x0C [DISP_CTRL disp=1 cur=0 blink=0]
t_wall=1785586010.805 t=442764312 W CMD 0x78 [SET_CGRAM 0x38]
t_wall=1785586010.805 t=442764370 W DAT 0x07 (CGRAM ref #7)
t_wall=1785586010.805 t=442764408 W DAT 0x07 (CGRAM ref #7)
t_wall=1785586010.806 t=442764447 W DAT 0x07 (CGRAM ref #7)
t_wall=1785586010.806 t=442764485 W DAT 0x00 (CGRAM ref #0)
t_wall=1785586010.809 t=442768348 W DAT 0x07 (CGRAM ref #7)
t_wall=1785586010.809 t=442768386 W DAT 0x0F
t_wall=1785586010.812 t=442772204 W DAT 0x0F
t_wall=1785586010.816 t=442776019 W DAT 0x1F
t_wall=1785586010.823 t=442782245 W CMD 0x0C [DISP_CTRL disp=1 cur=0 blink=0]
t_wall=1785586010.877 t=442836400 W CMD 0x50 [SET_CGRAM 0x10]
t_wall=1785586010.877 t=442836458 W DAT 0x0A
t_wall=1785586010.878 t=442836511 W DAT 0x08
t_wall=1785586010.878 t=442836564 W DAT 0x02 (CGRAM ref #2)
t_wall=1785586010.879 t=442836602 W DAT 0x0A
t_wall=1785586010.879 t=442836669 W DAT 0x02 (CGRAM ref #2)
t_wall=1785586010.880 t=442836708 W DAT 0x0A
t_wall=1785586010.880 t=442836761 W DAT 0x00 (CGRAM ref #0)
t_wall=1785586010.881 t=442836834 W DAT 0x1A
t_wall=1785586010.882 t=442838286 W CMD 0x0C [DISP_CTRL disp=1 cur=0 blink=0]
t_wall=1785586010.955 t=442914212 W CMD 0x50 [SET_CGRAM 0x10]
t_wall=1785586010.955 t=442914271 W DAT 0x0A
t_wall=1785586010.956 t=442914323 W DAT 0x08
t_wall=1785586010.956 t=442914376 W DAT 0x0A
t_wall=1785586010.956 t=442914429 W DAT 0x0A
t_wall=1785586010.957 t=442914497 W DAT 0x0A
t_wall=1785586010.957 t=442914549 W DAT 0x08
t_wall=1785586010.957 t=442914602 W DAT 0x00 (CGRAM ref #0)
t_wall=1785586010.958 t=442914655 W DAT 0x1A
t_wall=1785586010.959 t=442917020 W CMD 0x0C [DISP_CTRL disp=1 cur=0 blink=0]
t_wall=1785586011.023 t=442982024 W CMD 0x50 [SET_CGRAM 0x10]
t_wall=1785586011.023 t=442982083 W DAT 0x02 (CGRAM ref #2)
t_wall=1785586011.023 t=442982121 W DAT 0x08
t_wall=1785586011.024 t=442982189 W DAT 0x0A
t_wall=1785586011.024 t=442982241 W DAT 0x0A
t_wall=1785586011.024 t=442982309 W DAT 0x0A
t_wall=1785586011.025 t=442982361 W DAT 0x00 (CGRAM ref #0)
t_wall=1785586011.025 t=442982414 W DAT 0x00 (CGRAM ref #0)
t_wall=1785586011.026 t=442982467 W DAT 0x12
t_wall=1785586011.026 t=442982670 W CMD 0x0C [DISP_CTRL disp=1 cur=0 blink=0]
t_wall=1785586011.100 t=443059876 W CMD 0x50 [SET_CGRAM 0x10]
t_wall=1785586011.101 t=443059934 W DAT 0x0A
t_wall=1785586011.101 t=443059987 W DAT 0x08
t_wall=1785586011.101 t=443060040 W DAT 0x0A
t_wall=1785586011.101 t=443060093 W DAT 0x02 (CGRAM ref #2)
t_wall=1785586011.102 t=443060131 W DAT 0x0A
t_wall=1785586011.102 t=443060198 W DAT 0x08
t_wall=1785586011.102 t=443060251 W DAT 0x00 (CGRAM ref #0)
t_wall=1785586011.103 t=443060304 W DAT 0x1A
t_wall=1785586011.103 t=443061739 W CMD 0x0C [DISP_CTRL disp=1 cur=0 blink=0]
t_wall=1785586011.178 t=443137690 W CMD 0x50 [SET_CGRAM 0x10]
t_wall=1785586011.178 t=443137748 W DAT 0x08
t_wall=1785586011.179 t=443137886 W DAT 0x02 (CGRAM ref #2)
t_wall=1785586011.179 t=443137924 W DAT 0x0A
t_wall=1785586011.179 t=443137977 W DAT 0x0A
t_wall=1785586011.179 t=443138030 W DAT 0x0A
t_wall=1785586011.179 t=443138082 W DAT 0x08
t_wall=1785586011.180 t=443138135 W DAT 0x00 (CGRAM ref #0)
t_wall=1785586011.180 t=443138188 W DAT 0x18
t_wall=1785586011.181 t=443140457 W CMD 0x0C [DISP_CTRL disp=1 cur=0 blink=0]
t_wall=1785586011.246 t=443205550 W CMD 0x50 [SET_CGRAM 0x10]
t_wall=1785586011.246 t=443205609 W DAT 0x08
t_wall=1785586011.246 t=443205662 W DAT 0x0A
t_wall=1785586011.246 t=443205715 W DAT 0x02 (CGRAM ref #2)
t_wall=1785586011.246 t=443205753 W DAT 0x0A
t_wall=1785586011.247 t=443205820 W DAT 0x02 (CGRAM ref #2)
t_wall=1785586011.247 t=443205858 W DAT 0x08
t_wall=1785586011.247 t=443205911 W DAT 0x00 (CGRAM ref #0)
t_wall=1785586011.247 t=443205964 W DAT 0x18
t_wall=1785586011.248 t=443207393 W CMD 0x0C [DISP_CTRL disp=1 cur=0 blink=0]
t_wall=1785586011.254 t=443213347 W CMD 0x78 [SET_CGRAM 0x38]
t_wall=1785586011.254 t=443213406 W DAT 0x07 (CGRAM ref #7)
t_wall=1785586011.254 t=443213444 W DAT 0x07 (CGRAM ref #7)
t_wall=1785586011.254 t=443213483 W DAT 0x07 (CGRAM ref #7)
t_wall=1785586011.254 t=443213521 W DAT 0x00 (CGRAM ref #0)
t_wall=1785586011.258 t=443217338 W DAT 0x07 (CGRAM ref #7)
t_wall=1785586011.258 t=443217376 W DAT 0x07 (CGRAM ref #7)
t_wall=1785586011.258 t=443217415 W DAT 0x0F
t_wall=1785586011.261 t=443221265 W DAT 0x1F
t_wall=1785586011.266 t=443225350 W CMD 0x0C [DISP_CTRL disp=1 cur=0 blink=0]
t_wall=1785586011.322 t=443281585 W CMD 0x50 [SET_CGRAM 0x10]
t_wall=1785586011.322 t=443281643 W DAT 0x0A
t_wall=1785586011.323 t=443281696 W DAT 0x0A
t_wall=1785586011.323 t=443281749 W DAT 0x08
t_wall=1785586011.323 t=443281802 W DAT 0x0A
t_wall=1785586011.324 t=443281869 W DAT 0x0A
t_wall=1785586011.324 t=443281922 W DAT 0x08
t_wall=1785586011.324 t=443281975 W DAT 0x00 (CGRAM ref #0)
t_wall=1785586011.325 t=443282028 W DAT 0x1A
t_wall=1785586011.326 t=443283503 W CMD 0x0C [DISP_CTRL disp=1 cur=0 blink=0]
t_wall=1785586011.400 t=443359430 W CMD 0x50 [SET_CGRAM 0x10]
t_wall=1785586011.400 t=443359530 W DAT 0x02 (CGRAM ref #2)
t_wall=1785586011.400 t=443359568 W DAT 0x0A
t_wall=1785586011.401 t=443359651 W DAT 0x08
t_wall=1785586011.401 t=443359703 W DAT 0x0A
t_wall=1785586011.401 t=443359771 W DAT 0x0A
t_wall=1785586011.401 t=443359824 W DAT 0x00 (CGRAM ref #0)
t_wall=1785586011.402 t=443359876 W DAT 0x00 (CGRAM ref #0)
t_wall=1785586011.402 t=443359929 W DAT 0x12
t_wall=1785586011.403 t=443360109 W CMD 0x0C [DISP_CTRL disp=1 cur=0 blink=0]
t_wall=1785586011.478 t=443437271 W CMD 0x50 [SET_CGRAM 0x10]
t_wall=1785586011.478 t=443437330 W DAT 0x0A
t_wall=1785586011.478 t=443437383 W DAT 0x0A
t_wall=1785586011.479 t=443437436 W DAT 0x08
t_wall=1785586011.479 t=443437488 W DAT 0x02 (CGRAM ref #2)
t_wall=1785586011.480 t=443437526 W DAT 0x0A
t_wall=1785586011.480 t=443437594 W DAT 0x08
t_wall=1785586011.480 t=443437647 W DAT 0x00 (CGRAM ref #0)
t_wall=1785586011.481 t=443437700 W DAT 0x1A
t_wall=1785586011.481 t=443440012 W CMD 0x0C [DISP_CTRL disp=1 cur=0 blink=0]
t_wall=1785586011.548 t=443507645 W CMD 0x50 [SET_CGRAM 0x10]
t_wall=1785586011.548 t=443507704 W DAT 0x0A
t_wall=1785586011.549 t=443507757 W DAT 0x02 (CGRAM ref #2)
t_wall=1785586011.549 t=443507795 W DAT 0x08
t_wall=1785586011.549 t=443507877 W DAT 0x0A
t_wall=1785586011.550 t=443507930 W DAT 0x08
t_wall=1785586011.550 t=443508004 W DAT 0x0A
t_wall=1785586011.550 t=443508057 W DAT 0x00 (CGRAM ref #0)
t_wall=1785586011.551 t=443508095 W DAT 0x1A
t_wall=1785586011.551 t=443509595 W CMD 0x0C [DISP_CTRL disp=1 cur=0 blink=0]
t_wall=1785586011.623 t=443581686 W CMD 0x78 [SET_CGRAM 0x38]
t_wall=1785586011.624 t=443581745 W DAT 0x07 (CGRAM ref #7)
t_wall=1785586011.625 t=443581783 W DAT 0x07 (CGRAM ref #7)
t_wall=1785586011.625 t=443581821 W DAT 0x07 (CGRAM ref #7)
t_wall=1785586011.626 t=443581881 W DAT 0x00 (CGRAM ref #0)
t_wall=1785586011.626 t=443581919 W DAT 0x07 (CGRAM ref #7)
t_wall=1785586011.627 t=443581958 W DAT 0x07 (CGRAM ref #7)
t_wall=1785586011.628 t=443581996 W DAT 0x07 (CGRAM ref #7)
t_wall=1785586011.628 t=443582034 W DAT 0x1F
t_wall=1785586011.629 t=443586963 W CMD 0x50 [SET_CGRAM 0x10]
t_wall=1785586011.629 t=443587022 W DAT 0x0A
t_wall=1785586011.630 t=443587074 W DAT 0x0A
t_wall=1785586011.630 t=443587127 W DAT 0x00 (CGRAM ref #0)
t_wall=1785586011.631 t=443587180 W DAT 0x0A
t_wall=1785586011.631 t=443587232 W DAT 0x00 (CGRAM ref #0)
t_wall=1785586011.632 t=443587285 W DAT 0x0A
t_wall=1785586011.632 t=443587338 W DAT 0x00 (CGRAM ref #0)
t_wall=1785586011.633 t=443587391 W DAT 0x1A
t_wall=1785586011.634 t=443588823 W CMD 0x0C [DISP_CTRL disp=1 cur=0 blink=0]
t_wall=1785586011.695 t=443653949 W CMD 0x50 [SET_CGRAM 0x10]
t_wall=1785586011.695 t=443654008 W DAT 0x08
t_wall=1785586011.696 t=443654061 W DAT 0x0A
t_wall=1785586011.696 t=443654114 W DAT 0x08
t_wall=1785586011.697 t=443654167 W DAT 0x08
t_wall=1785586011.697 t=443654234 W DAT 0x0A
t_wall=1785586011.698 t=443654287 W DAT 0x08
t_wall=1785586011.698 t=443654340 W DAT 0x00 (CGRAM ref #0)
t_wall=1785586011.699 t=443654393 W DAT 0x18
t_wall=1785586011.700 t=443655823 W CMD 0x0C [DISP_CTRL disp=1 cur=0 blink=0]
t_wall=1785586011.772 t=443731733 W CMD 0x50 [SET_CGRAM 0x10]
t_wall=1785586011.773 t=443731776 W DAT 0x00 (CGRAM ref #0)
t_wall=1785586011.773 t=443731829 W DAT 0x0A
t_wall=1785586011.773 t=443731882 W DAT 0x08
t_wall=1785586011.773 t=443731935 W DAT 0x08
t_wall=1785586011.774 t=443731988 W DAT 0x0A
t_wall=1785586011.774 t=443732041 W DAT 0x00 (CGRAM ref #0)
t_wall=1785586011.775 t=443732094 W DAT 0x00 (CGRAM ref #0)
t_wall=1785586011.775 t=443732147 W DAT 0x10
t_wall=1785586011.775 t=443734444 W CMD 0x0C [DISP_CTRL disp=1 cur=0 blink=0]
t_wall=1785586011.840 t=443799463 W CMD 0x50 [SET_CGRAM 0x10]
t_wall=1785586011.840 t=443799522 W DAT 0x08
t_wall=1785586011.841 t=443799574 W DAT 0x0A
t_wall=1785586011.841 t=443799627 W DAT 0x08
t_wall=1785586011.842 t=443799680 W DAT 0x00 (CGRAM ref #0)
t_wall=1785586011.842 t=443799733 W DAT 0x0A
t_wall=1785586011.842 t=443799786 W DAT 0x08
t_wall=1785586011.843 t=443799839 W DAT 0x00 (CGRAM ref #0)
t_wall=1785586011.843 t=443799892 W DAT 0x18
t_wall=1785586011.844 t=443801344 W CMD 0x0C [DISP_CTRL disp=1 cur=0 blink=0]
t_wall=1785586011.918 t=443877249 W CMD 0x50 [SET_CGRAM 0x10]
t_wall=1785586011.919 t=443877307 W DAT 0x08
t_wall=1785586011.919 t=443877360 W DAT 0x00 (CGRAM ref #0)
t_wall=1785586011.920 t=443877435 W DAT 0x08
t_wall=1785586011.920 t=443877517 W DAT 0x08
t_wall=1785586011.921 t=443877570 W DAT 0x08
t_wall=1785586011.921 t=443877623 W DAT 0x08
t_wall=1785586011.922 t=443877676 W DAT 0x00 (CGRAM ref #0)
t_wall=1785586011.922 t=443877729 W DAT 0x18
t_wall=1785586011.923 t=443879241 W CMD 0x0C [DISP_CTRL disp=1 cur=0 blink=0]
t_wall=1785586011.996 t=443956011 W CMD 0x50 [SET_CGRAM 0x10]
t_wall=1785586011.997 t=443956069 W DAT 0x08
t_wall=1785586011.997 t=443956122 W DAT 0x08
t_wall=1785586011.997 t=443956175 W DAT 0x00 (CGRAM ref #0)
t_wall=1785586011.997 t=443956228 W DAT 0x08
t_wall=1785586011.998 t=443956281 W DAT 0x00 (CGRAM ref #0)
t_wall=1785586011.998 t=443956333 W DAT 0x08
t_wall=1785586011.998 t=443956386 W DAT 0x00 (CGRAM ref #0)
t_wall=1785586011.999 t=443956439 W DAT 0x18
t_wall=1785586011.999 t=443957913 W CMD 0x0C [DISP_CTRL disp=1 cur=0 blink=0]
t_wall=1785586012.063 t=444022856 W CMD 0x50 [SET_CGRAM 0x10]
t_wall=1785586012.064 t=444022914 W DAT 0x08
t_wall=1785586012.064 t=444022967 W DAT 0x08
t_wall=1785586012.064 t=444023019 W DAT 0x08
t_wall=1785586012.065 t=444023072 W DAT 0x00 (CGRAM ref #0)
t_wall=1785586012.065 t=444023160 W DAT 0x08
t_wall=1785586012.065 t=444023213 W DAT 0x08
t_wall=1785586012.066 t=444023266 W DAT 0x00 (CGRAM ref #0)
t_wall=1785586012.066 t=444023304 W DAT 0x18
t_wall=1785586012.067 t=444024756 W CMD 0x0C [DISP_CTRL disp=1 cur=0 blink=0]
t_wall=1785586012.299 # ALIVE us=444258327 ring_depth=0 drops=0
t_wall=1785586014.307 # ALIVE us=446258373 ring_depth=0 drops=0
t_wall=1785586016.299 # ALIVE us=448258418 ring_depth=0 drops=0
t_wall=1785586018.299 # ALIVE us=450258463 ring_depth=0 drops=0
