t_wall=1785589235.932 # NOTE [recorder] connected /dev/ttyACM0
t_wall=1785589236.217 # ALIVE us=3668324374 ring_depth=0 drops=0
t_wall=1785589238.215 # ALIVE us=3670324422 ring_depth=0 drops=0
t_wall=1785589240.214 # ALIVE us=3672324470 ring_depth=0 drops=0
t_wall=1785589242.214 # ALIVE us=3674324516 ring_depth=0 drops=0
t_wall=1785589244.214 # ALIVE us=3676324562 ring_depth=0 drops=0
t_wall=1785589246.214 # ALIVE us=3678324608 ring_depth=0 drops=0
t_wall=1785589248.214 # ALIVE us=3680324654 ring_depth=0 drops=0
t_wall=1785589250.214 # ALIVE us=3682324700 ring_depth=0 drops=0
t_wall=1785589252.214 # ALIVE us=3684324746 ring_depth=0 drops=0
t_wall=1785589254.218 # ALIVE us=3686324792 ring_depth=0 drops=0
t_wall=1785589256.216 # ALIVE us=3688324838 ring_depth=0 drops=0
t_wall=1785589258.226 # ALIVE us=3690324884 ring_depth=0 drops=0
t_wall=1785589260.220 # ALIVE us=3692324931 ring_depth=0 drops=0
t_wall=1785589261.541 # NOTE part1 vol 95
t_wall=1785589262.217 # ALIVE us=3694324977 ring_depth=0 drops=0
t_wall=1785589264.223 # ALIVE us=3696325024 ring_depth=0 drops=0
t_wall=1785589266.217 # ALIVE us=3698325070 ring_depth=0 drops=0
t_wall=1785589268.213 # ALIVE us=3700325116 ring_depth=0 drops=0
t_wall=1785589270.213 # ALIVE us=3702325162 ring_depth=0 drops=0
t_wall=1785589272.214 # ALIVE us=3704325208 ring_depth=0 drops=0
t_wall=1785589272.747 t=3704858790 W CMD 0x68 [SET_CGRAM 0x28]
t_wall=1785589272.747 t=3704858849 W DAT 0x04 (CGRAM ref #4)
t_wall=1785589272.748 t=3704858887 W DAT 0x08
t_wall=1785589272.750 t=3704862704 W DAT 0x04 (CGRAM ref #4)
t_wall=1785589272.751 t=3704862742 W DAT 0x04 (CGRAM ref #4)
t_wall=1785589272.751 t=3704862781 W DAT 0x0C
t_wall=1785589272.754 t=3704866656 W DAT 0x04 (CGRAM ref #4)
t_wall=1785589272.755 t=3704866694 W DAT 0x04 (CGRAM ref #4)
t_wall=1785589272.755 t=3704866754 W DAT 0x0D
t_wall=1785589272.762 t=3704874185 W CMD 0x0C [DISP_CTRL disp=1 cur=0 blink=0]
t_wall=1785589274.213 # ALIVE us=3706325254 ring_depth=0 drops=0
t_wall=1785589275.628 # NOTE part1 vol 96
t_wall=1785589276.213 # ALIVE us=3708325300 ring_depth=0 drops=0
t_wall=1785589278.213 # ALIVE us=3710325346 ring_depth=0 drops=0
t_wall=1785589280.213 # ALIVE us=3712325392 ring_depth=0 drops=0
t_wall=1785589282.213 # ALIVE us=3714325441 ring_depth=0 drops=0
t_wall=1785589284.219 # ALIVE us=3716325487 ring_depth=0 drops=0
t_wall=1785589286.212 # ALIVE us=3718325533 ring_depth=0 drops=0
t_wall=1785589286.738 t=3718851117 W CMD 0x68 [SET_CGRAM 0x28]
t_wall=1785589286.739 t=3718851175 W DAT 0x04 (CGRAM ref #4)
t_wall=1785589286.739 t=3718851213 W DAT 0x0C
t_wall=1785589286.740 t=3718851266 W DAT 0x04 (CGRAM ref #4)
t_wall=1785589286.740 t=3718851304 W DAT 0x00 (CGRAM ref #0)
t_wall=1785589286.742 t=3718855122 W DAT 0x0C
t_wall=1785589286.746 t=3718858966 W DAT 0x00 (CGRAM ref #0)
t_wall=1785589286.750 t=3718862815 W DAT 0x00 (CGRAM ref #0)
t_wall=1785589286.753 t=3718866678 W DAT 0x0D
t_wall=1785589286.759 t=3718871502 W CMD 0x0C [DISP_CTRL disp=1 cur=0 blink=0]
t_wall=1785589288.213 # ALIVE us=3720325579 ring_depth=0 drops=0
t_wall=1785589290.212 # ALIVE us=3722325626 ring_depth=0 drops=0
t_wall=1785589291.244 # NOTE part1vol 97
t_wall=1785589292.212 # ALIVE us=3724325673 ring_depth=0 drops=0
t_wall=1785589294.212 # ALIVE us=3726325720 ring_depth=0 drops=0
t_wall=1785589296.212 # ALIVE us=3728325767 ring_depth=0 drops=0
t_wall=1785589298.212 # ALIVE us=3730325814 ring_depth=0 drops=0
t_wall=1785589300.212 # ALIVE us=3732325860 ring_depth=0 drops=0
t_wall=1785589302.212 # ALIVE us=3734325906 ring_depth=0 drops=0
t_wall=1785589302.477 t=3734590792 W CMD 0x68 [SET_CGRAM 0x28]
t_wall=1785589302.478 t=3734590850 W DAT 0x04 (CGRAM ref #4)
t_wall=1785589302.478 t=3734590888 W DAT 0x0C
t_wall=1785589302.481 t=3734594707 W DAT 0x04 (CGRAM ref #4)
t_wall=1785589302.482 t=3734594745 W DAT 0x04 (CGRAM ref #4)
t_wall=1785589302.482 t=3734594783 W DAT 0x0C
t_wall=1785589302.485 t=3734598623 W DAT 0x04 (CGRAM ref #4)
t_wall=1785589302.486 t=3734598661 W DAT 0x04 (CGRAM ref #4)
t_wall=1785589302.487 t=3734598699 W DAT 0x0D
t_wall=1785589302.489 t=3734602431 W CMD 0x0C [DISP_CTRL disp=1 cur=0 blink=0]
t_wall=1785589304.212 # ALIVE us=3736325952 ring_depth=0 drops=0
t_wall=1785589304.739 # NOTE part1 vol 98
t_wall=1785589306.212 # ALIVE us=3738325998 ring_depth=0 drops=0
t_wall=1785589308.212 # ALIVE us=3740326044 ring_depth=0 drops=0
t_wall=1785589310.212 # ALIVE us=3742326090 ring_depth=0 drops=0
t_wall=1785589312.212 # ALIVE us=3744326136 ring_depth=0 drops=0
t_wall=1785589314.215 # ALIVE us=3746326182 ring_depth=0 drops=0
t_wall=1785589316.212 # ALIVE us=3748326228 ring_depth=0 drops=0
t_wall=1785589317.492 t=3749605637 W CMD 0x68 [SET_CGRAM 0x28]
t_wall=1785589317.492 t=3749605695 W DAT 0x04 (CGRAM ref #4)
t_wall=1785589317.493 t=3749605734 W DAT 0x0C
t_wall=1785589317.495 t=3749609584 W DAT 0x04 (CGRAM ref #4)
t_wall=1785589317.496 t=3749609623 W DAT 0x04 (CGRAM ref #4)
t_wall=1785589317.496 t=3749609661 W DAT 0x0C
t_wall=1785589317.499 t=3749613521 W DAT 0x00 (CGRAM ref #0)
t_wall=1785589317.503 t=3749617337 W DAT 0x04 (CGRAM ref #4)
t_wall=1785589317.503 t=3749617376 W DAT 0x0D
t_wall=1785589317.507 t=3749620881 W CMD 0x0C [DISP_CTRL disp=1 cur=0 blink=0]
t_wall=1785589318.212 # ALIVE us=3750326274 ring_depth=0 drops=0
t_wall=1785589320.212 # ALIVE us=3752326320 ring_depth=0 drops=0
t_wall=1785589320.323 # NOTE part01 vol 99
t_wall=1785589322.212 # ALIVE us=3754326366 ring_depth=0 drops=0
t_wall=1785589324.212 # ALIVE us=3756326412 ring_depth=0 drops=0
t_wall=1785589326.212 # ALIVE us=3758326458 ring_depth=0 drops=0
t_wall=1785589328.212 # ALIVE us=3760326504 ring_depth=0 drops=0
t_wall=1785589328.376 t=3760490565 W CMD 0x60 [SET_CGRAM 0x20]
t_wall=1785589328.376 t=3760490623 W DAT 0x10
t_wall=1785589328.377 t=3760490676 W DAT 0x10
t_wall=1785589328.377 t=3760490714 W DAT 0x10
t_wall=1785589328.378 t=3760490767 W DAT 0x00 (CGRAM ref #0)
t_wall=1785589328.378 t=3760490820 W DAT 0x10
t_wall=1785589328.379 t=3760490873 W DAT 0x10
t_wall=1785589328.379 t=3760490925 W DAT 0x10
t_wall=1785589328.380 t=3760490978 W DAT 0x00 (CGRAM ref #0)
t_wall=1785589328.380 t=3760491158 W CMD 0x0C [DISP_CTRL disp=1 cur=0 blink=0]
t_wall=1785589328.381 t=3760492477 W CMD 0x68 [SET_CGRAM 0x28]
t_wall=1785589328.382 t=3760492535 W DAT 0x04 (CGRAM ref #4)
t_wall=1785589328.382 t=3760492574 W DAT 0x0C
t_wall=1785589328.383 t=3760496417 W DAT 0x04 (CGRAM ref #4)
t_wall=1785589328.383 t=3760496455 W DAT 0x00 (CGRAM ref #0)
t_wall=1785589328.385 t=3760500295 W DAT 0x0C
t_wall=1785589328.389 t=3760504170 W DAT 0x04 (CGRAM ref #4)
t_wall=1785589328.389 t=3760504209 W DAT 0x04 (CGRAM ref #4)
t_wall=1785589328.389 t=3760504247 W DAT 0x0D
t_wall=1785589328.393 t=3760507893 W CMD 0x0C [DISP_CTRL disp=1 cur=0 blink=0]
t_wall=1785589328.396 t=3760510436 W CMD 0x48 [SET_CGRAM 0x08]
t_wall=1785589328.397 t=3760510495 W DAT 0x0C
t_wall=1785589328.397 t=3760510547 W DAT 0x04 (CGRAM ref #4)
t_wall=1785589328.398 t=3760510585 W DAT 0x0C
t_wall=1785589328.399 t=3760514431 W DAT 0x0C
t_wall=1785589328.403 t=3760518280 W DAT 0x0C
t_wall=1785589328.407 t=3760522054 W DAT 0x00 (CGRAM ref #0)
t_wall=1785589328.411 t=3760525916 W DAT 0x04 (CGRAM ref #4)
t_wall=1785589328.411 t=3760525954 W DAT 0x0E
t_wall=1785589328.416 t=3760530947 W CMD 0x0C [DISP_CTRL disp=1 cur=0 blink=0]
t_wall=1785589330.212 # ALIVE us=3762326550 ring_depth=0 drops=0
t_wall=1785589330.879 # NOTE part1 vol 100
t_wall=1785589332.216 # ALIVE us=3764326597 ring_depth=0 drops=0
t_wall=1785589334.212 # ALIVE us=3766326643 ring_depth=0 drops=0
t_wall=1785589336.211 # ALIVE us=3768326689 ring_depth=0 drops=0
t_wall=1785589338.212 # ALIVE us=3770326735 ring_depth=0 drops=0
t_wall=1785589340.211 # ALIVE us=3772326781 ring_depth=0 drops=0
t_wall=1785589341.939 t=3774054611 W CMD 0x68 [SET_CGRAM 0x28]
t_wall=1785589341.940 t=3774054670 W DAT 0x00 (CGRAM ref #0)
t_wall=1785589341.940 t=3774054722 W DAT 0x0C
t_wall=1785589341.943 t=3774058572 W DAT 0x00 (CGRAM ref #0)
t_wall=1785589341.947 t=3774062432 W DAT 0x00 (CGRAM ref #0)
t_wall=1785589341.947 t=3774062470 W DAT 0x0C
t_wall=1785589341.950 t=3774066288 W DAT 0x00 (CGRAM ref #0)
t_wall=1785589341.954 t=3774070106 W DAT 0x00 (CGRAM ref #0)
t_wall=1785589341.958 t=3774073982 W DAT 0x0D
t_wall=1785589341.964 t=3774079733 W CMD 0x0C [DISP_CTRL disp=1 cur=0 blink=0]
t_wall=1785589342.211 # ALIVE us=3774326828 ring_depth=0 drops=0
t_wall=1785589343.715 # NOTE part1 vol 101
t_wall=1785589344.216 # ALIVE us=3776326874 ring_depth=0 drops=0
t_wall=1785589346.231 # ALIVE us=3778326920 ring_depth=0 drops=0
t_wall=1785589348.222 # ALIVE us=3780326966 ring_depth=0 drops=0
t_wall=1785589350.211 # ALIVE us=3782327012 ring_depth=0 drops=0
t_wall=1785589351.229 t=3783345202 W CMD 0x68 [SET_CGRAM 0x28]
t_wall=1785589351.230 t=3783345260 W DAT 0x04 (CGRAM ref #4)
t_wall=1785589351.231 t=3783345298 W DAT 0x0C
t_wall=1785589351.233 t=3783349113 W DAT 0x00 (CGRAM ref #0)
t_wall=1785589351.237 t=3783352990 W DAT 0x04 (CGRAM ref #4)
t_wall=1785589351.238 t=3783353028 W DAT 0x08
t_wall=1785589351.241 t=3783356863 W DAT 0x04 (CGRAM ref #4)
t_wall=1785589351.241 t=3783356901 W DAT 0x04 (CGRAM ref #4)
t_wall=1785589351.242 t=3783356940 W DAT 0x0D
t_wall=1785589351.245 t=3783360600 W CMD 0x0C [DISP_CTRL disp=1 cur=0 blink=0]
t_wall=1785589352.211 # ALIVE us=3784327058 ring_depth=0 drops=0
t_wall=1785589353.215 # NOTE part1 vol 102
t_wall=1785589354.211 # ALIVE us=3786327104 ring_depth=0 drops=0
t_wall=1785589356.211 # ALIVE us=3788327150 ring_depth=0 drops=0
t_wall=1785589358.211 # ALIVE us=3790327196 ring_depth=0 drops=0
t_wall=1785589360.211 # ALIVE us=3792327242 ring_depth=0 drops=0
t_wall=1785589362.211 # ALIVE us=3794327288 ring_depth=0 drops=0
t_wall=1785589363.441 t=3795557786 W CMD 0x68 [SET_CGRAM 0x28]
t_wall=1785589363.442 t=3795557845 W DAT 0x04 (CGRAM ref #4)
t_wall=1785589363.442 t=3795557883 W DAT 0x0C
t_wall=1785589363.443 t=3795557935 W DAT 0x00 (CGRAM ref #0)
t_wall=1785589363.443 t=3795558002 W DAT 0x04 (CGRAM ref #4)
t_wall=1785589363.444 t=3795558040 W DAT 0x0C
t_wall=1785589363.445 t=3795561872 W DAT 0x00 (CGRAM ref #0)
t_wall=1785589363.449 t=3795565691 W DAT 0x04 (CGRAM ref #4)
t_wall=1785589363.450 t=3795565729 W DAT 0x0D
t_wall=1785589363.453 t=3795569358 W CMD 0x0C [DISP_CTRL disp=1 cur=0 blink=0]
t_wall=1785589364.211 # ALIVE us=3796327334 ring_depth=0 drops=0
t_wall=1785589366.211 # ALIVE us=3798327380 ring_depth=0 drops=0
t_wall=1785589366.301 # NOTE part1 vol 103
t_wall=1785589368.211 # ALIVE us=3800327425 ring_depth=0 drops=0
t_wall=1785589370.222 # ALIVE us=3802327471 ring_depth=0 drops=0
t_wall=1785589372.211 # ALIVE us=3804327517 ring_depth=0 drops=0
t_wall=1785589374.212 # ALIVE us=3806327563 ring_depth=0 drops=0
t_wall=1785589376.215 # ALIVE us=3808327609 ring_depth=0 drops=0
t_wall=1785589378.216 # ALIVE us=3810327655 ring_depth=0 drops=0
t_wall=1785589379.647 t=3811762518 W CMD 0x68 [SET_CGRAM 0x28]
t_wall=1785589379.649 t=3811762577 W DAT 0x00 (CGRAM ref #0)
t_wall=1785589379.651 t=3811762629 W DAT 0x0C
t_wall=1785589379.654 t=3811766448 W DAT 0x04 (CGRAM ref #4)
t_wall=1785589379.657 t=3811766486 W DAT 0x04 (CGRAM ref #4)
t_wall=1785589379.659 t=3811766524 W DAT 0x0C
t_wall=1785589379.662 t=3811770330 W DAT 0x00 (CGRAM ref #0)
t_wall=1785589379.665 t=3811774177 W DAT 0x00 (CGRAM ref #0)
t_wall=1785589379.667 t=3811778009 W DAT 0x0D
t_wall=1785589379.671 t=3811785482 W CMD 0x0C [DISP_CTRL disp=1 cur=0 blink=0]
t_wall=1785589380.214 # ALIVE us=3812327700 ring_depth=0 drops=0
t_wall=1785589381.456 # NOTE part1 vol 104
t_wall=1785589382.210 # ALIVE us=3814327747 ring_depth=0 drops=0
t_wall=1785589384.210 # ALIVE us=3816327793 ring_depth=0 drops=0
t_wall=1785589386.210 # ALIVE us=3818327839 ring_depth=0 drops=0
t_wall=1785589388.210 # ALIVE us=3820327885 ring_depth=0 drops=0
t_wall=1785589390.210 # ALIVE us=3822327931 ring_depth=0 drops=0
t_wall=1785589392.210 # ALIVE us=3824327977 ring_depth=0 drops=0
t_wall=1785589394.210 # ALIVE us=3826328023 ring_depth=0 drops=0
t_wall=1785589396.210 # ALIVE us=3828328070 ring_depth=0 drops=0
t_wall=1785589396.253 t=3828371293 W CMD 0x68 [SET_CGRAM 0x28]
t_wall=1785589396.254 t=3828371352 W DAT 0x04 (CGRAM ref #4)
t_wall=1785589396.254 t=3828371390 W DAT 0x08
t_wall=1785589396.257 t=3828375238 W DAT 0x04 (CGRAM ref #4)
t_wall=1785589396.258 t=3828375276 W DAT 0x04 (CGRAM ref #4)
t_wall=1785589396.258 t=3828375314 W DAT 0x0C
t_wall=1785589396.261 t=3828379152 W DAT 0x00 (CGRAM ref #0)
t_wall=1785589396.265 t=3828383002 W DAT 0x04 (CGRAM ref #4)
t_wall=1785589396.266 t=3828383040 W DAT 0x0D
t_wall=1785589396.271 t=3828389387 W CMD 0x0C [DISP_CTRL disp=1 cur=0 blink=0]
t_wall=1785589398.210 # ALIVE us=3830328116 ring_depth=0 drops=0
t_wall=1785589400.210 # ALIVE us=3832328163 ring_depth=0 drops=0
t_wall=1785589402.210 # ALIVE us=3834328209 ring_depth=0 drops=0
t_wall=1785589404.214 # ALIVE us=3836328255 ring_depth=0 drops=0
t_wall=1785589405.634 # NOTE part1 vol 105
t_wall=1785589406.216 # ALIVE us=3838328301 ring_depth=0 drops=0
t_wall=1785589408.210 # ALIVE us=3840328347 ring_depth=0 drops=0
t_wall=1785589410.209 # ALIVE us=3842328393 ring_depth=0 drops=0
t_wall=1785589412.210 # ALIVE us=3844328439 ring_depth=0 drops=0
t_wall=1785589414.210 # ALIVE us=3846328485 ring_depth=0 drops=0
