t_wall=1785588062.856 # NOTE [recorder] connected /dev/ttyACM0
t_wall=1785588064.247 # ALIVE us=2496302402 ring_depth=0 drops=0
t_wall=1785588066.247 # ALIVE us=2498302450 ring_depth=0 drops=0
t_wall=1785588068.247 # ALIVE us=2500302498 ring_depth=0 drops=0
t_wall=1785588070.247 # ALIVE us=2502302544 ring_depth=0 drops=0
t_wall=1785588072.247 # ALIVE us=2504302590 ring_depth=0 drops=0
t_wall=1785588074.247 # ALIVE us=2506302636 ring_depth=0 drops=0
t_wall=1785588076.247 # ALIVE us=2508302682 ring_depth=0 drops=0
t_wall=1785588078.247 # ALIVE us=2510302728 ring_depth=0 drops=0
t_wall=1785588080.247 # ALIVE us=2512302774 ring_depth=0 drops=0
t_wall=1785588082.247 # ALIVE us=2514302821 ring_depth=0 drops=0
t_wall=1785588084.247 # ALIVE us=2516302867 ring_depth=0 drops=0
t_wall=1785588086.246 # ALIVE us=2518302913 ring_depth=0 drops=0
t_wall=1785588088.246 # ALIVE us=2520302959 ring_depth=0 drops=0
t_wall=1785588090.247 # ALIVE us=2522303005 ring_depth=0 drops=0
t_wall=1785588092.246 # ALIVE us=2524303051 ring_depth=0 drops=0
t_wall=1785588094.247 # ALIVE us=2526303097 ring_depth=0 drops=0
t_wall=1785588095.715 # NOTE pressing UP on each part 1-7[D[D[D[D once only to cross from 99 to 100
t_wall=1785588096.247 # ALIVE us=2528303143 ring_depth=0 drops=0
t_wall=1785588098.246 # ALIVE us=2530303189 ring_depth=0 drops=0
t_wall=1785588100.247 # ALIVE us=2532303235 ring_depth=0 drops=0
t_wall=1785588102.247 # ALIVE us=2534303281 ring_depth=0 drops=0
t_wall=1785588104.246 # ALIVE us=2536303327 ring_depth=0 drops=0
t_wall=1785588106.246 # ALIVE us=2538303373 ring_depth=0 drops=0
t_wall=1785588108.246 # ALIVE us=2540303419 ring_depth=0 drops=0
t_wall=1785588108.768 t=2540825649 W CMD 0x48 [SET_CGRAM 0x08]
t_wall=1785588108.768 t=2540825708 W DAT 0x0C
t_wall=1785588108.768 t=2540825760 W DAT 0x04 (CGRAM ref #4)
t_wall=1785588108.769 t=2540825799 W DAT 0x0C
t_wall=1785588108.772 t=2540829633 W DAT 0x0C
t_wall=1785588108.775 t=2540833476 W DAT 0x0C
t_wall=1785588108.779 t=2540837317 W DAT 0x00 (CGRAM ref #0)
t_wall=1785588108.783 t=2540841164 W DAT 0x04 (CGRAM ref #4)
t_wall=1785588108.784 t=2540841202 W DAT 0x0E
t_wall=1785588108.787 t=2540844889 W CMD 0x0C [DISP_CTRL disp=1 cur=0 blink=0]
t_wall=1785588108.788 t=2540846166 W CMD 0x60 [SET_CGRAM 0x20]
t_wall=1785588108.789 t=2540846224 W DAT 0x1F
t_wall=1785588108.789 t=2540846277 W DAT 0x1F
t_wall=1785588108.789 t=2540846330 W DAT 0x1F
t_wall=1785588108.790 t=2540846383 W DAT 0x0F
t_wall=1785588108.790 t=2540846450 W DAT 0x1F
t_wall=1785588108.790 t=2540846503 W DAT 0x10
t_wall=1785588108.790 t=2540846555 W DAT 0x1F
t_wall=1785588108.791 t=2540846608 W DAT 0x00 (CGRAM ref #0)
t_wall=1785588108.791 t=2540846788 W CMD 0x0C [DISP_CTRL disp=1 cur=0 blink=0]
t_wall=1785588108.792 t=2540848109 W CMD 0x68 [SET_CGRAM 0x28]
t_wall=1785588108.792 t=2540848167 W DAT 0x0C
t_wall=1785588108.792 t=2540848219 W DAT 0x0C
t_wall=1785588108.794 t=2540852037 W DAT 0x0C
t_wall=1785588108.798 t=2540855913 W DAT 0x08
t_wall=1785588108.802 t=2540859746 W DAT 0x0C
t_wall=1785588108.806 t=2540863563 W DAT 0x04 (CGRAM ref #4)
t_wall=1785588108.806 t=2540863601 W DAT 0x0C
t_wall=1785588108.810 t=2540867446 W DAT 0x0D
t_wall=1785588108.818 t=2540875851 W CMD 0x0C [DISP_CTRL disp=1 cur=0 blink=0]
t_wall=1785588110.246 # ALIVE us=2542303465 ring_depth=0 drops=0
t_wall=1785588111.557 t=2543614825 W CMD 0x48 [SET_CGRAM 0x08]
t_wall=1785588111.557 t=2543614884 W DAT 0x0C
t_wall=1785588111.558 t=2543614936 W DAT 0x04 (CGRAM ref #4)
t_wall=1785588111.558 t=2543614975 W DAT 0x0C
t_wall=1785588111.561 t=2543618792 W DAT 0x0C
t_wall=1785588111.565 t=2543622608 W DAT 0x0C
t_wall=1785588111.568 t=2543626485 W DAT 0x00 (CGRAM ref #0)
t_wall=1785588111.572 t=2543630318 W DAT 0x0C
t_wall=1785588111.576 t=2543634134 W DAT 0x0E
t_wall=1785588111.582 t=2543639890 W CMD 0x60 [SET_CGRAM 0x20]
t_wall=1785588111.582 t=2543639948 W DAT 0x1F
t_wall=1785588111.583 t=2543640002 W DAT 0x1F
t_wall=1785588111.583 t=2543640054 W DAT 0x1F
t_wall=1785588111.584 t=2543640107 W DAT 0x07 (CGRAM ref #7)
t_wall=1785588111.585 t=2543640145 W DAT 0x1F
t_wall=1785588111.585 t=2543640213 W DAT 0x18
t_wall=1785588111.586 t=2543640266 W DAT 0x1F
t_wall=1785588111.586 t=2543640318 W DAT 0x00 (CGRAM ref #0)
t_wall=1785588111.587 t=2543641737 W CMD 0x68 [SET_CGRAM 0x28]
t_wall=1785588111.587 t=2543641869 W DAT 0x0C
t_wall=1785588111.588 t=2543645646 W DAT 0x0C
t_wall=1785588111.591 t=2543649506 W DAT 0x0C
t_wall=1785588111.595 t=2543653322 W DAT 0x00 (CGRAM ref #0)
t_wall=1785588111.595 t=2543653361 W DAT 0x0C
t_wall=1785588111.599 t=2543657207 W DAT 0x0C
t_wall=1785588111.603 t=2543661054 W DAT 0x0C
t_wall=1785588111.607 t=2543664888 W DAT 0x0D
t_wall=1785588111.613 t=2543671185 W CMD 0x0C [DISP_CTRL disp=1 cur=0 blink=0]
t_wall=1785588112.246 # ALIVE us=2544303511 ring_depth=0 drops=0
t_wall=1785588113.368 t=2545425936 W CMD 0x58 [SET_CGRAM 0x18]
t_wall=1785588113.369 t=2545425995 W DAT 0x1E
t_wall=1785588113.369 t=2545426047 W DAT 0x1E
t_wall=1785588113.372 t=2545429895 W DAT 0x1E
t_wall=1785588113.376 t=2545433742 W DAT 0x1E
t_wall=1785588113.379 t=2545437575 W DAT 0x1E
t_wall=1785588113.383 t=2545441421 W DAT 0x00 (CGRAM ref #0)
t_wall=1785588113.383 t=2545441460 W DAT 0x01 (CGRAM ref #1)
t_wall=1785588113.387 t=2545445276 W DAT 0x1E
t_wall=1785588113.390 t=2545447710 W CMD 0x60 [SET_CGRAM 0x20]
t_wall=1785588113.390 t=2545447768 W DAT 0x1F
t_wall=1785588113.390 t=2545447821 W DAT 0x1F
t_wall=1785588113.391 t=2545447874 W DAT 0x1F
t_wall=1785588113.391 t=2545447927 W DAT 0x03 (CGRAM ref #3)
t_wall=1785588113.392 t=2545447965 W DAT 0x1F
t_wall=1785588113.392 t=2545448033 W DAT 0x1C
t_wall=1785588113.392 t=2545448085 W DAT 0x1F
t_wall=1785588113.393 t=2545448138 W DAT 0x00 (CGRAM ref #0)
t_wall=1785588113.393 t=2545449611 W CMD 0x0C [DISP_CTRL disp=1 cur=0 blink=0]
t_wall=1785588113.394 t=2545452286 W CMD 0x78 [SET_CGRAM 0x38]
t_wall=1785588113.395 t=2545452345 W DAT 0x07 (CGRAM ref #7)
t_wall=1785588113.395 t=2545452383 W DAT 0x07 (CGRAM ref #7)
t_wall=1785588113.396 t=2545452421 W DAT 0x0F
t_wall=1785588113.398 t=2545456238 W DAT 0x1E
t_wall=1785588113.402 t=2545460056 W DAT 0x1F
t_wall=1785588113.406 t=2545463932 W DAT 0x19
t_wall=1785588113.410 t=2545467766 W DAT 0x1F
t_wall=1785588113.414 t=2545471584 W DAT 0x1F
t_wall=1785588113.422 t=2545479861 W CMD 0x0C [DISP_CTRL disp=1 cur=0 blink=0]
t_wall=1785588114.246 # ALIVE us=2546303558 ring_depth=0 drops=0
t_wall=1785588115.177 t=2547234777 W CMD 0x78 [SET_CGRAM 0x38]
t_wall=1785588115.177 t=2547234850 W DAT 0x07 (CGRAM ref #7)
t_wall=1785588115.178 t=2547234888 W DAT 0x07 (CGRAM ref #7)
t_wall=1785588115.178 t=2547234927 W DAT 0x0F
t_wall=1785588115.181 t=2547238777 W DAT 0x1C
t_wall=1785588115.184 t=2547242608 W DAT 0x1F
t_wall=1785588115.188 t=2547246453 W DAT 0x1B
t_wall=1785588115.192 t=2547250272 W DAT 0x1F
t_wall=1785588115.196 t=2547254119 W DAT 0x1F
t_wall=1785588115.203 t=2547261142 W CMD 0x58 [SET_CGRAM 0x18]
t_wall=1785588115.204 t=2547261201 W DAT 0x1E
t_wall=1785588115.204 t=2547261254 W DAT 0x1E
t_wall=1785588115.207 t=2547265072 W DAT 0x1E
t_wall=1785588115.211 t=2547268950 W DAT 0x1E
t_wall=1785588115.214 t=2547272782 W DAT 0x1E
t_wall=1785588115.218 t=2547276597 W DAT 0x00 (CGRAM ref #0)
t_wall=1785588115.222 t=2547280445 W DAT 0x03 (CGRAM ref #3)
t_wall=1785588115.222 t=2547280483 W DAT 0x1E
t_wall=1785588115.225 t=2547282764 W CMD 0x60 [SET_CGRAM 0x20]
t_wall=1785588115.225 t=2547282823 W DAT 0x1F
t_wall=1785588115.225 t=2547282876 W DAT 0x1F
t_wall=1785588115.225 t=2547282928 W DAT 0x1F
t_wall=1785588115.226 t=2547282981 W DAT 0x01 (CGRAM ref #1)
t_wall=1785588115.226 t=2547283049 W DAT 0x1F
t_wall=1785588115.226 t=2547283102 W DAT 0x1E
t_wall=1785588115.226 t=2547283155 W DAT 0x1F
t_wall=1785588115.227 t=2547283208 W DAT 0x00 (CGRAM ref #0)
t_wall=1785588115.227 t=2547283387 W CMD 0x0C [DISP_CTRL disp=1 cur=0 blink=0]
t_wall=1785588116.246 # ALIVE us=2548303607 ring_depth=0 drops=0
t_wall=1785588117.055 t=2549113176 W CMD 0x78 [SET_CGRAM 0x38]
t_wall=1785588117.056 t=2549113292 W DAT 0x07 (CGRAM ref #7)
t_wall=1785588117.056 t=2549113331 W DAT 0x07 (CGRAM ref #7)
t_wall=1785588117.056 t=2549113369 W DAT 0x0F
t_wall=1785588117.059 t=2549117215 W DAT 0x18
t_wall=1785588117.063 t=2549121063 W DAT 0x1F
t_wall=1785588117.067 t=2549124925 W DAT 0x1F
t_wall=1785588117.070 t=2549128743 W DAT 0x1F
t_wall=1785588117.074 t=2549132558 W DAT 0x1F
t_wall=1785588117.082 t=2549138397 W CMD 0x0C [DISP_CTRL disp=1 cur=0 blink=0]
t_wall=1785588117.082 t=2549139706 W CMD 0x58 [SET_CGRAM 0x18]
t_wall=1785588117.083 t=2549139764 W DAT 0x1E
t_wall=1785588117.083 t=2549139817 W DAT 0x1E
t_wall=1785588117.086 t=2549143652 W DAT 0x1E
t_wall=1785588117.089 t=2549147496 W DAT 0x1E
t_wall=1785588117.093 t=2549151314 W DAT 0x1E
t_wall=1785588117.097 t=2549155163 W DAT 0x00 (CGRAM ref #0)
t_wall=1785588117.097 t=2549155201 W DAT 0x07 (CGRAM ref #7)
t_wall=1785588117.098 t=2549155240 W DAT 0x1E
t_wall=1785588117.100 t=2549157641 W CMD 0x60 [SET_CGRAM 0x20]
t_wall=1785588117.100 t=2549157699 W DAT 0x1F
t_wall=1785588117.100 t=2549157753 W DAT 0x1F
t_wall=1785588117.101 t=2549157805 W DAT 0x1F
t_wall=1785588117.101 t=2549157858 W DAT 0x00 (CGRAM ref #0)
t_wall=1785588117.101 t=2549157933 W DAT 0x1F
t_wall=1785588117.101 t=2549157986 W DAT 0x1F
t_wall=1785588117.102 t=2549158039 W DAT 0x1F
t_wall=1785588117.102 t=2549158092 W DAT 0x00 (CGRAM ref #0)
t_wall=1785588117.103 t=2549158271 W CMD 0x0C [DISP_CTRL disp=1 cur=0 blink=0]
t_wall=1785588118.245 # ALIVE us=2550303654 ring_depth=0 drops=0
t_wall=1785588118.925 t=2550983358 W CMD 0x58 [SET_CGRAM 0x18]
t_wall=1785588118.926 t=2550983475 W DAT 0x1E
t_wall=1785588118.926 t=2550983528 W DAT 0x1F
t_wall=1785588118.929 t=2550987343 W DAT 0x1E
t_wall=1785588118.933 t=2550991190 W DAT 0x18
t_wall=1785588118.937 t=2550995054 W DAT 0x1F
t_wall=1785588118.941 t=2550998869 W DAT 0x06 (CGRAM ref #6)
t_wall=1785588118.941 t=2550998907 W DAT 0x07 (CGRAM ref #7)
t_wall=1785588118.941 t=2550998967 W DAT 0x1E
t_wall=1785588118.946 t=2551003828 W CMD 0x0C [DISP_CTRL disp=1 cur=0 blink=0]
t_wall=1785588120.245 # ALIVE us=2552303700 ring_depth=0 drops=0
t_wall=1785588120.928 t=2552986015 W CMD 0x50 [SET_CGRAM 0x10]
t_wall=1785588120.928 t=2552986073 W DAT 0x0A
t_wall=1785588120.928 t=2552986126 W DAT 0x0F
t_wall=1785588120.928 t=2552986179 W DAT 0x08
t_wall=1785588120.928 t=2552986232 W DAT 0x02 (CGRAM ref #2)
t_wall=1785588120.929 t=2552986270 W DAT 0x0D
t_wall=1785588120.929 t=2552986337 W DAT 0x02 (CGRAM ref #2)
t_wall=1785588120.929 t=2552986375 W DAT 0x00 (CGRAM ref #0)
t_wall=1785588120.930 t=2552986414 W DAT 0x12
t_wall=1785588120.930 t=2552986593 W CMD 0x0C [DISP_CTRL disp=1 cur=0 blink=0]
t_wall=1785588120.931 t=2552987931 W CMD 0x58 [SET_CGRAM 0x18]
t_wall=1785588120.931 t=2552987989 W DAT 0x1E
t_wall=1785588120.931 t=2552988042 W DAT 0x1F
t_wall=1785588120.933 t=2552991909 W DAT 0x1E
t_wall=1785588120.937 t=2552995727 W DAT 0x00 (CGRAM ref #0)
t_wall=1785588120.937 t=2552995765 W DAT 0x1F
t_wall=1785588120.941 t=2552999644 W DAT 0x1E
t_wall=1785588120.945 t=2553003476 W DAT 0x07 (CGRAM ref #7)
t_wall=1785588120.945 t=2553003514 W DAT 0x1E
t_wall=1785588120.949 t=2553007082 W CMD 0x0C [DISP_CTRL disp=1 cur=0 blink=0]
t_wall=1785588122.245 # ALIVE us=2554303746 ring_depth=0 drops=0
t_wall=1785588124.246 # ALIVE us=2556303792 ring_depth=0 drops=0
t_wall=1785588126.246 # ALIVE us=2558303837 ring_depth=0 drops=0
t_wall=1785588128.245 # ALIVE us=2560303883 ring_depth=0 drops=0
t_wall=1785588130.246 # ALIVE us=2562303929 ring_depth=0 drops=0
