t_wall=1785590852.226 # NOTE [recorder] connected /dev/ttyACM0
t_wall=1785590854.164 # ALIVE us=991383326 ring_depth=0 drops=0
t_wall=1785590856.164 # ALIVE us=993383374 ring_depth=0 drops=0
t_wall=1785590858.164 # ALIVE us=995383421 ring_depth=0 drops=0
t_wall=1785590860.164 # ALIVE us=997383468 ring_depth=0 drops=0
t_wall=1785590862.164 # ALIVE us=999383515 ring_depth=0 drops=0
t_wall=1785590864.164 # ALIVE us=1001383560 ring_depth=0 drops=0
t_wall=1785590866.164 # ALIVE us=1003383606 ring_depth=0 drops=0
t_wall=1785590868.164 # ALIVE us=1005383652 ring_depth=0 drops=0
t_wall=1785590870.164 # ALIVE us=1007383698 ring_depth=0 drops=0
t_wall=1785590870.170 t=1007389994 W CMD 0x68 [SET_CGRAM 0x28]
t_wall=1785590870.170 t=1007390076 W DAT 0x0C
t_wall=1785590870.174 t=1007393908 W DAT 0x0C
t_wall=1785590870.178 t=1007397753 W DAT 0x04 (CGRAM ref #4)
t_wall=1785590870.178 t=1007397791 W DAT 0x0C
t_wall=1785590870.181 t=1007401608 W DAT 0x0C
t_wall=1785590870.186 t=1007405456 W DAT 0x00 (CGRAM ref #0)
t_wall=1785590870.189 t=1007409317 W DAT 0x0C
t_wall=1785590870.193 t=1007413136 W DAT 0x0D
t_wall=1785590870.202 t=1007421530 W CMD 0x0C [DISP_CTRL disp=1 cur=0 blink=0]
t_wall=1785590870.906 t=1008125512 W CMD 0x68 [SET_CGRAM 0x28]
t_wall=1785590870.906 t=1008125570 W DAT 0x0C
t_wall=1785590870.909 t=1008125623 W DAT 0x0C
t_wall=1785590870.909 t=1008129470 W DAT 0x04 (CGRAM ref #4)
t_wall=1785590870.910 t=1008129508 W DAT 0x0C
t_wall=1785590870.913 t=1008133355 W DAT 0x0C
t_wall=1785590870.917 t=1008137189 W DAT 0x04 (CGRAM ref #4)
t_wall=1785590870.917 t=1008137227 W DAT 0x0C
t_wall=1785590870.921 t=1008141074 W DAT 0x0D
t_wall=1785590870.929 t=1008149352 W CMD 0x0C [DISP_CTRL disp=1 cur=0 blink=0]
t_wall=1785590872.164 # ALIVE us=1009383747 ring_depth=0 drops=0
t_wall=1785590874.164 # ALIVE us=1011383793 ring_depth=0 drops=0
t_wall=1785590875.284 # NOTE p1118 p2113 p3113 p4113 p5118 p6113 p7100 p8127
t_wall=1785590876.164 # ALIVE us=1013383839 ring_depth=0 drops=0
t_wall=1785590878.164 # ALIVE us=1015383885 ring_depth=0 drops=0
